<!doctype html public "-//w3c//dtd html 4.0 transitional//en">
<html><head>
<title>Static Call Graph - [.\Route\PowerCtl1002.axf]</title></head>
<body><HR>
<H1>Static Call Graph for image .\Route\PowerCtl1002.axf</H1><HR>
<BR><P>#&#060CALLGRAPH&#062# ARM Linker, 5060960: Last Updated: Fri Nov 17 21:30:06 2023
<BR><P>
<H3>Maximum Stack Usage =        408 bytes + Unknown(Functions without stacksize, Cycles, Untraceable Function Pointers)</H3><H3>
Call chain for Maximum Stack Depth:</H3>
bus_ita_func_callback &rArr; FirmWare_Excute &rArr; Firmware_ReportEvent &rArr; bus_ita_hb_send &rArr; bus_simple_send &rArr; bus_os_post_sem &rArr; __2printf &rArr; _printf_char_file &rArr; _printf_char_common &rArr; __printf
<P>
<H3>
Functions with no stack information
</H3><UL>
 <LI><a href="#[10a]">__user_initial_stackheap</a>
 <LI><a href="#[1ae]">OS_CPU_SR_Save</a>
 <LI><a href="#[1b1]">OS_CPU_SR_Restore</a>
 <LI><a href="#[1bc]">OSStartHighRdy</a>
 <LI><a href="#[1d7]">OSCtxSw</a>
 <LI><a href="#[1b0]">OSIntCtxSw</a>
 <LI><a href="#[10]">PendSV_Handler</a>
</UL>
</UL>
<P>
<H3>
Mutually Recursive functions
</H3> <LI><a href="#[9]">NMI_Handler</a>&nbsp;&nbsp;&nbsp;&rArr;&nbsp;&nbsp;&nbsp;<a href="#[9]">NMI_Handler</a><BR>
 <LI><a href="#[b]">MemManage_Handler</a>&nbsp;&nbsp;&nbsp;&rArr;&nbsp;&nbsp;&nbsp;<a href="#[b]">MemManage_Handler</a><BR>
 <LI><a href="#[c]">BusFault_Handler</a>&nbsp;&nbsp;&nbsp;&rArr;&nbsp;&nbsp;&nbsp;<a href="#[c]">BusFault_Handler</a><BR>
 <LI><a href="#[d]">UsageFault_Handler</a>&nbsp;&nbsp;&nbsp;&rArr;&nbsp;&nbsp;&nbsp;<a href="#[d]">UsageFault_Handler</a><BR>
 <LI><a href="#[e]">SVC_Handler</a>&nbsp;&nbsp;&nbsp;&rArr;&nbsp;&nbsp;&nbsp;<a href="#[e]">SVC_Handler</a><BR>
 <LI><a href="#[f]">DebugMon_Handler</a>&nbsp;&nbsp;&nbsp;&rArr;&nbsp;&nbsp;&nbsp;<a href="#[f]">DebugMon_Handler</a><BR>
 <LI><a href="#[24]">ADC_IRQHandler</a>&nbsp;&nbsp;&nbsp;&rArr;&nbsp;&nbsp;&nbsp;<a href="#[24]">ADC_IRQHandler</a><BR>
 <LI><a href="#[ea]">_sys_exit</a>&nbsp;&nbsp;&nbsp;&rArr;&nbsp;&nbsp;&nbsp;<a href="#[ea]">_sys_exit</a><BR>
 <LI><a href="#[13b]">Error_Handler</a>&nbsp;&nbsp;&nbsp;&rArr;&nbsp;&nbsp;&nbsp;<a href="#[13b]">Error_Handler</a><BR>
</UL>
<P>
<H3>
Function Pointers
</H3><UL>
 <LI><a href="#[24]">ADC_IRQHandler</a> from startup_stm32f407xx.o(.text) referenced from startup_stm32f407xx.o(RESET)
 <LI><a href="#[b4]">AppTaskStart</a> from my_main.o(i.AppTaskStart) referenced from my_main.o(i.my_main)
 <LI><a href="#[74]">Async_task</a> from async.o(i.Async_task) referenced from async.o(i.Async_Init)
 <LI><a href="#[c]">BusFault_Handler</a> from startup_stm32f407xx.o(.text) referenced from startup_stm32f407xx.o(RESET)
 <LI><a href="#[26]">CAN1_RX0_IRQHandler</a> from bus_can_f4_hal.o(i.CAN1_RX0_IRQHandler) referenced from startup_stm32f407xx.o(RESET)
 <LI><a href="#[27]">CAN1_RX1_IRQHandler</a> from startup_stm32f407xx.o(.text) referenced from startup_stm32f407xx.o(RESET)
 <LI><a href="#[28]">CAN1_SCE_IRQHandler</a> from bus_can_f4_hal.o(i.CAN1_SCE_IRQHandler) referenced from startup_stm32f407xx.o(RESET)
 <LI><a href="#[25]">CAN1_TX_IRQHandler</a> from startup_stm32f407xx.o(.text) referenced from startup_stm32f407xx.o(RESET)
 <LI><a href="#[52]">CAN2_RX0_IRQHandler</a> from startup_stm32f407xx.o(.text) referenced from startup_stm32f407xx.o(RESET)
 <LI><a href="#[53]">CAN2_RX1_IRQHandler</a> from startup_stm32f407xx.o(.text) referenced from startup_stm32f407xx.o(RESET)
 <LI><a href="#[54]">CAN2_SCE_IRQHandler</a> from startup_stm32f407xx.o(.text) referenced from startup_stm32f407xx.o(RESET)
 <LI><a href="#[51]">CAN2_TX_IRQHandler</a> from startup_stm32f407xx.o(.text) referenced from startup_stm32f407xx.o(RESET)
 <LI><a href="#[60]">DCMI_IRQHandler</a> from startup_stm32f407xx.o(.text) referenced from startup_stm32f407xx.o(RESET)
 <LI><a href="#[1d]">DMA1_Stream0_IRQHandler</a> from startup_stm32f407xx.o(.text) referenced from startup_stm32f407xx.o(RESET)
 <LI><a href="#[1e]">DMA1_Stream1_IRQHandler</a> from startup_stm32f407xx.o(.text) referenced from startup_stm32f407xx.o(RESET)
 <LI><a href="#[1f]">DMA1_Stream2_IRQHandler</a> from startup_stm32f407xx.o(.text) referenced from startup_stm32f407xx.o(RESET)
 <LI><a href="#[20]">DMA1_Stream3_IRQHandler</a> from startup_stm32f407xx.o(.text) referenced from startup_stm32f407xx.o(RESET)
 <LI><a href="#[21]">DMA1_Stream4_IRQHandler</a> from startup_stm32f407xx.o(.text) referenced from startup_stm32f407xx.o(RESET)
 <LI><a href="#[22]">DMA1_Stream5_IRQHandler</a> from startup_stm32f407xx.o(.text) referenced from startup_stm32f407xx.o(RESET)
 <LI><a href="#[23]">DMA1_Stream6_IRQHandler</a> from startup_stm32f407xx.o(.text) referenced from startup_stm32f407xx.o(RESET)
 <LI><a href="#[41]">DMA1_Stream7_IRQHandler</a> from startup_stm32f407xx.o(.text) referenced from startup_stm32f407xx.o(RESET)
 <LI><a href="#[4a]">DMA2_Stream0_IRQHandler</a> from startup_stm32f407xx.o(.text) referenced from startup_stm32f407xx.o(RESET)
 <LI><a href="#[4b]">DMA2_Stream1_IRQHandler</a> from global_func_it.o(i.DMA2_Stream1_IRQHandler) referenced from startup_stm32f407xx.o(RESET)
 <LI><a href="#[4c]">DMA2_Stream2_IRQHandler</a> from startup_stm32f407xx.o(.text) referenced from startup_stm32f407xx.o(RESET)
 <LI><a href="#[4d]">DMA2_Stream3_IRQHandler</a> from startup_stm32f407xx.o(.text) referenced from startup_stm32f407xx.o(RESET)
 <LI><a href="#[4e]">DMA2_Stream4_IRQHandler</a> from startup_stm32f407xx.o(.text) referenced from startup_stm32f407xx.o(RESET)
 <LI><a href="#[56]">DMA2_Stream5_IRQHandler</a> from startup_stm32f407xx.o(.text) referenced from startup_stm32f407xx.o(RESET)
 <LI><a href="#[57]">DMA2_Stream6_IRQHandler</a> from startup_stm32f407xx.o(.text) referenced from startup_stm32f407xx.o(RESET)
 <LI><a href="#[58]">DMA2_Stream7_IRQHandler</a> from startup_stm32f407xx.o(.text) referenced from startup_stm32f407xx.o(RESET)
 <LI><a href="#[f]">DebugMon_Handler</a> from startup_stm32f407xx.o(.text) referenced from startup_stm32f407xx.o(RESET)
 <LI><a href="#[4f]">ETH_IRQHandler</a> from startup_stm32f407xx.o(.text) referenced from startup_stm32f407xx.o(RESET)
 <LI><a href="#[50]">ETH_WKUP_IRQHandler</a> from startup_stm32f407xx.o(.text) referenced from startup_stm32f407xx.o(RESET)
 <LI><a href="#[18]">EXTI0_IRQHandler</a> from startup_stm32f407xx.o(.text) referenced from startup_stm32f407xx.o(RESET)
 <LI><a href="#[3a]">EXTI15_10_IRQHandler</a> from startup_stm32f407xx.o(.text) referenced from startup_stm32f407xx.o(RESET)
 <LI><a href="#[19]">EXTI1_IRQHandler</a> from startup_stm32f407xx.o(.text) referenced from startup_stm32f407xx.o(RESET)
 <LI><a href="#[1a]">EXTI2_IRQHandler</a> from startup_stm32f407xx.o(.text) referenced from startup_stm32f407xx.o(RESET)
 <LI><a href="#[1b]">EXTI3_IRQHandler</a> from startup_stm32f407xx.o(.text) referenced from startup_stm32f407xx.o(RESET)
 <LI><a href="#[1c]">EXTI4_IRQHandler</a> from startup_stm32f407xx.o(.text) referenced from startup_stm32f407xx.o(RESET)
 <LI><a href="#[29]">EXTI9_5_IRQHandler</a> from startup_stm32f407xx.o(.text) referenced from startup_stm32f407xx.o(RESET)
 <LI><a href="#[16]">FLASH_IRQHandler</a> from startup_stm32f407xx.o(.text) referenced from startup_stm32f407xx.o(RESET)
 <LI><a href="#[42]">FMC_IRQHandler</a> from startup_stm32f407xx.o(.text) referenced from startup_stm32f407xx.o(RESET)
 <LI><a href="#[62]">FPU_IRQHandler</a> from startup_stm32f407xx.o(.text) referenced from startup_stm32f407xx.o(RESET)
 <LI><a href="#[7c]">FirmWareConfig_Return_GetFromBytes</a> from protocols.o(i.FirmWareConfig_Return_GetFromBytes) referenced from protocols.o(i.New_FirmWareConfig_Return)
 <LI><a href="#[7b]">FirmWareConfig_Return_ToBytes</a> from protocols.o(i.FirmWareConfig_Return_ToBytes) referenced from protocols.o(i.New_FirmWareConfig_Return)
 <LI><a href="#[7e]">FirmWareConfig_Send_GetFromBytes</a> from protocols.o(i.FirmWareConfig_Send_GetFromBytes) referenced from protocols.o(i.New_FirmWareConfig_Send)
 <LI><a href="#[7d]">FirmWareConfig_Send_ToBytes</a> from protocols.o(i.FirmWareConfig_Send_ToBytes) referenced from protocols.o(i.New_FirmWareConfig_Send)
 <LI><a href="#[80]">FirmWareReadyEvent_Send_GetFromBytes</a> from protocols.o(i.FirmWareReadyEvent_Send_GetFromBytes) referenced from protocols.o(i.New_FirmWareReadyEvent_Send)
 <LI><a href="#[7f]">FirmWareReadyEvent_Send_ToBytes</a> from protocols.o(i.FirmWareReadyEvent_Send_ToBytes) referenced from protocols.o(i.New_FirmWareReadyEvent_Send)
 <LI><a href="#[82]">FirmWareTransmitFile_Return_GetFromBytes</a> from protocols.o(i.FirmWareTransmitFile_Return_GetFromBytes) referenced from protocols.o(i.New_FirmWareTransmitFile_Return)
 <LI><a href="#[81]">FirmWareTransmitFile_Return_ToBytes</a> from protocols.o(i.FirmWareTransmitFile_Return_ToBytes) referenced from protocols.o(i.New_FirmWareTransmitFile_Return)
 <LI><a href="#[84]">FirmWareTransmitFile_Send_GetFromBytes</a> from protocols.o(i.FirmWareTransmitFile_Send_GetFromBytes) referenced from protocols.o(i.New_FirmWareTransmitFile_Send)
 <LI><a href="#[83]">FirmWareTransmitFile_Send_ToBytes</a> from protocols.o(i.FirmWareTransmitFile_Send_ToBytes) referenced from protocols.o(i.New_FirmWareTransmitFile_Send)
 <LI><a href="#[86]">FirmWareVersionGet_Return_GetFromBytes</a> from protocols.o(i.FirmWareVersionGet_Return_GetFromBytes) referenced from protocols.o(i.New_FirmWareVersionGet_Return)
 <LI><a href="#[85]">FirmWareVersionGet_Return_ToBytes</a> from protocols.o(i.FirmWareVersionGet_Return_ToBytes) referenced from protocols.o(i.New_FirmWareVersionGet_Return)
 <LI><a href="#[88]">FirmWareVersionGet_Send_GetFromBytes</a> from protocols.o(i.FirmWareVersionGet_Send_GetFromBytes) referenced from protocols.o(i.New_FirmWareVersionGet_Send)
 <LI><a href="#[87]">FirmWareVersionGet_Send_ToBytes</a> from protocols.o(i.FirmWareVersionGet_Send_ToBytes) referenced from protocols.o(i.New_FirmWareVersionGet_Send)
 <LI><a href="#[61]">HASH_RNG_IRQHandler</a> from startup_stm32f407xx.o(.text) referenced from startup_stm32f407xx.o(RESET)
 <LI><a href="#[a]">HardFault_Handler</a> from thread_safe.o(i.HardFault_Handler) referenced from startup_stm32f407xx.o(RESET)
 <LI><a href="#[32]">I2C1_ER_IRQHandler</a> from startup_stm32f407xx.o(.text) referenced from startup_stm32f407xx.o(RESET)
 <LI><a href="#[31]">I2C1_EV_IRQHandler</a> from startup_stm32f407xx.o(.text) referenced from startup_stm32f407xx.o(RESET)
 <LI><a href="#[34]">I2C2_ER_IRQHandler</a> from startup_stm32f407xx.o(.text) referenced from startup_stm32f407xx.o(RESET)
 <LI><a href="#[33]">I2C2_EV_IRQHandler</a> from startup_stm32f407xx.o(.text) referenced from startup_stm32f407xx.o(RESET)
 <LI><a href="#[5b]">I2C3_ER_IRQHandler</a> from startup_stm32f407xx.o(.text) referenced from startup_stm32f407xx.o(RESET)
 <LI><a href="#[5a]">I2C3_EV_IRQHandler</a> from startup_stm32f407xx.o(.text) referenced from startup_stm32f407xx.o(RESET)
 <LI><a href="#[8a]">McuReset_Return_GetFromBytes</a> from protocols.o(i.McuReset_Return_GetFromBytes) referenced from protocols.o(i.New_McuReset_Return)
 <LI><a href="#[89]">McuReset_Return_ToBytes</a> from protocols.o(i.McuReset_Return_ToBytes) referenced from protocols.o(i.New_McuReset_Return)
 <LI><a href="#[8c]">McuReset_Send_GetFromBytes</a> from protocols.o(i.McuReset_Send_GetFromBytes) referenced from protocols.o(i.New_McuReset_Send)
 <LI><a href="#[8b]">McuReset_Send_ToBytes</a> from protocols.o(i.McuReset_Send_ToBytes) referenced from protocols.o(i.New_McuReset_Send)
 <LI><a href="#[b]">MemManage_Handler</a> from startup_stm32f407xx.o(.text) referenced from startup_stm32f407xx.o(RESET)
 <LI><a href="#[9]">NMI_Handler</a> from startup_stm32f407xx.o(.text) referenced from startup_stm32f407xx.o(RESET)
 <LI><a href="#[65]">OSTaskSwHook</a> from os_cpu_c.o(i.OSTaskSwHook) referenced from os_cpu_a.o(.text)
 <LI><a href="#[8e]">OS_TaskIdle</a> from os_core.o(i.OS_TaskIdle) referenced from os_core.o(i.OS_InitTaskIdle)
 <LI><a href="#[8d]">OS_TaskReturn</a> from os_task.o(i.OS_TaskReturn) referenced from os_cpu_c.o(i.OSTaskStkInit)
 <LI><a href="#[8f]">OS_TaskStat</a> from os_core.o(i.OS_TaskStat) referenced from os_core.o(i.OS_InitTaskStat)
 <LI><a href="#[55]">OTG_FS_IRQHandler</a> from startup_stm32f407xx.o(.text) referenced from startup_stm32f407xx.o(RESET)
 <LI><a href="#[3c]">OTG_FS_WKUP_IRQHandler</a> from startup_stm32f407xx.o(.text) referenced from startup_stm32f407xx.o(RESET)
 <LI><a href="#[5d]">OTG_HS_EP1_IN_IRQHandler</a> from startup_stm32f407xx.o(.text) referenced from startup_stm32f407xx.o(RESET)
 <LI><a href="#[5c]">OTG_HS_EP1_OUT_IRQHandler</a> from startup_stm32f407xx.o(.text) referenced from startup_stm32f407xx.o(RESET)
 <LI><a href="#[5f]">OTG_HS_IRQHandler</a> from startup_stm32f407xx.o(.text) referenced from startup_stm32f407xx.o(RESET)
 <LI><a href="#[5e]">OTG_HS_WKUP_IRQHandler</a> from startup_stm32f407xx.o(.text) referenced from startup_stm32f407xx.o(RESET)
 <LI><a href="#[13]">PVD_IRQHandler</a> from my_main.o(i.PVD_IRQHandler) referenced from startup_stm32f407xx.o(RESET)
 <LI><a href="#[10]">PendSV_Handler</a> from os_cpu_a.o(.text) referenced from startup_stm32f407xx.o(RESET)
 <LI><a href="#[17]">RCC_IRQHandler</a> from startup_stm32f407xx.o(.text) referenced from startup_stm32f407xx.o(RESET)
 <LI><a href="#[3b]">RTC_Alarm_IRQHandler</a> from startup_stm32f407xx.o(.text) referenced from startup_stm32f407xx.o(RESET)
 <LI><a href="#[15]">RTC_WKUP_IRQHandler</a> from startup_stm32f407xx.o(.text) referenced from startup_stm32f407xx.o(RESET)
 <LI><a href="#[8]">Reset_Handler</a> from startup_stm32f407xx.o(.text) referenced from startup_stm32f407xx.o(RESET)
 <LI><a href="#[43]">SDIO_IRQHandler</a> from startup_stm32f407xx.o(.text) referenced from startup_stm32f407xx.o(RESET)
 <LI><a href="#[35]">SPI1_IRQHandler</a> from startup_stm32f407xx.o(.text) referenced from startup_stm32f407xx.o(RESET)
 <LI><a href="#[36]">SPI2_IRQHandler</a> from startup_stm32f407xx.o(.text) referenced from startup_stm32f407xx.o(RESET)
 <LI><a href="#[45]">SPI3_IRQHandler</a> from startup_stm32f407xx.o(.text) referenced from startup_stm32f407xx.o(RESET)
 <LI><a href="#[e]">SVC_Handler</a> from startup_stm32f407xx.o(.text) referenced from startup_stm32f407xx.o(RESET)
 <LI><a href="#[11]">SysTick_Handler</a> from os_cpu_c.o(i.SysTick_Handler) referenced from startup_stm32f407xx.o(RESET)
 <LI><a href="#[63]">SystemInit</a> from system_stm32f4xx.o(i.SystemInit) referenced from startup_stm32f407xx.o(.text)
 <LI><a href="#[14]">TAMP_STAMP_IRQHandler</a> from startup_stm32f407xx.o(.text) referenced from startup_stm32f407xx.o(RESET)
 <LI><a href="#[2a]">TIM1_BRK_TIM9_IRQHandler</a> from startup_stm32f407xx.o(.text) referenced from startup_stm32f407xx.o(RESET)
 <LI><a href="#[2d]">TIM1_CC_IRQHandler</a> from startup_stm32f407xx.o(.text) referenced from startup_stm32f407xx.o(RESET)
 <LI><a href="#[2c]">TIM1_TRG_COM_TIM11_IRQHandler</a> from startup_stm32f407xx.o(.text) referenced from startup_stm32f407xx.o(RESET)
 <LI><a href="#[2b]">TIM1_UP_TIM10_IRQHandler</a> from startup_stm32f407xx.o(.text) referenced from startup_stm32f407xx.o(RESET)
 <LI><a href="#[2e]">TIM2_IRQHandler</a> from startup_stm32f407xx.o(.text) referenced from startup_stm32f407xx.o(RESET)
 <LI><a href="#[2f]">TIM3_IRQHandler</a> from startup_stm32f407xx.o(.text) referenced from startup_stm32f407xx.o(RESET)
 <LI><a href="#[30]">TIM4_IRQHandler</a> from startup_stm32f407xx.o(.text) referenced from startup_stm32f407xx.o(RESET)
 <LI><a href="#[44]">TIM5_IRQHandler</a> from startup_stm32f407xx.o(.text) referenced from startup_stm32f407xx.o(RESET)
 <LI><a href="#[48]">TIM6_DAC_IRQHandler</a> from startup_stm32f407xx.o(.text) referenced from startup_stm32f407xx.o(RESET)
 <LI><a href="#[49]">TIM7_IRQHandler</a> from startup_stm32f407xx.o(.text) referenced from startup_stm32f407xx.o(RESET)
 <LI><a href="#[3d]">TIM8_BRK_TIM12_IRQHandler</a> from startup_stm32f407xx.o(.text) referenced from startup_stm32f407xx.o(RESET)
 <LI><a href="#[40]">TIM8_CC_IRQHandler</a> from startup_stm32f407xx.o(.text) referenced from startup_stm32f407xx.o(RESET)
 <LI><a href="#[3f]">TIM8_TRG_COM_TIM14_IRQHandler</a> from startup_stm32f407xx.o(.text) referenced from startup_stm32f407xx.o(RESET)
 <LI><a href="#[3e]">TIM8_UP_TIM13_IRQHandler</a> from startup_stm32f407xx.o(.text) referenced from startup_stm32f407xx.o(RESET)
 <LI><a href="#[46]">UART4_IRQHandler</a> from uart_cfg.o(i.UART4_IRQHandler) referenced from startup_stm32f407xx.o(RESET)
 <LI><a href="#[47]">UART5_IRQHandler</a> from uart_cfg.o(i.UART5_IRQHandler) referenced from startup_stm32f407xx.o(RESET)
 <LI><a href="#[77]">UART_DMAError</a> from stm32f4xx_hal_uart.o(i.UART_DMAError) referenced from stm32f4xx_hal_uart.o(i.HAL_UART_Receive_DMA)
 <LI><a href="#[75]">UART_DMAReceiveCplt</a> from stm32f4xx_hal_uart.o(i.UART_DMAReceiveCplt) referenced from stm32f4xx_hal_uart.o(i.HAL_UART_Receive_DMA)
 <LI><a href="#[76]">UART_DMARxHalfCplt</a> from stm32f4xx_hal_uart.o(i.UART_DMARxHalfCplt) referenced from stm32f4xx_hal_uart.o(i.HAL_UART_Receive_DMA)
 <LI><a href="#[37]">USART1_IRQHandler</a> from startup_stm32f407xx.o(.text) referenced from startup_stm32f407xx.o(RESET)
 <LI><a href="#[38]">USART2_IRQHandler</a> from startup_stm32f407xx.o(.text) referenced from startup_stm32f407xx.o(RESET)
 <LI><a href="#[39]">USART3_IRQHandler</a> from startup_stm32f407xx.o(.text) referenced from startup_stm32f407xx.o(RESET)
 <LI><a href="#[59]">USART6_IRQHandler</a> from startup_stm32f407xx.o(.text) referenced from startup_stm32f407xx.o(RESET)
 <LI><a href="#[d]">UsageFault_Handler</a> from startup_stm32f407xx.o(.text) referenced from startup_stm32f407xx.o(RESET)
 <LI><a href="#[12]">WWDG_IRQHandler</a> from startup_stm32f407xx.o(.text) referenced from startup_stm32f407xx.o(RESET)
 <LI><a href="#[d0]">__main</a> from __main.o(!!!main) referenced from startup_stm32f407xx.o(.text)
 <LI><a href="#[b1]">_mutex_acquire</a> from thread_safe.o(i._mutex_acquire) referenced from thread_safe.o(i.malloc_safe_insure)
 <LI><a href="#[b3]">_mutex_free</a> from thread_safe.o(i._mutex_free) referenced from thread_safe.o(i.malloc_safe_insure)
 <LI><a href="#[b0]">_mutex_initialize</a> from thread_safe.o(i._mutex_initialize) referenced from thread_safe.o(i.malloc_safe_insure)
 <LI><a href="#[b2]">_mutex_release</a> from thread_safe.o(i._mutex_release) referenced from thread_safe.o(i.malloc_safe_insure)
 <LI><a href="#[67]">_printf_input_char</a> from _printf_char_common.o(.text) referenced from _printf_char_common.o(.text)
 <LI><a href="#[6f]">bus_ita_func_broadcast</a> from my_callback.o(i.bus_ita_func_broadcast) referenced from my_main.o(i.AppTaskStart)
 <LI><a href="#[70]">bus_ita_func_callback</a> from my_callback.o(i.bus_ita_func_callback) referenced from my_main.o(i.AppTaskStart)
 <LI><a href="#[6e]">bus_new_driver_node_callback</a> from my_main.o(i.bus_new_driver_node_callback) referenced from my_main.o(i.AppTaskStart)
 <LI><a href="#[b5]">button_trig</a> from power.o(i.button_trig) referenced from power.o(i.power_init)
 <LI><a href="#[c2]">byte_rev</a> from uart_transpond.o(i.byte_rev) referenced from uart_transpond.o(i.uart_transpond_new)
 <LI><a href="#[6c]">can_adapter_init</a> from bus_can_f4_hal.o(i.can_adapter_init) referenced from my_main.o(i.AppTaskStart)
 <LI><a href="#[6d]">can_adapter_send</a> from bus_can_f4_hal.o(i.can_adapter_send) referenced from my_main.o(i.AppTaskStart)
 <LI><a href="#[c6]">cfg_covert_io_state</a> from io_mod.o(i.cfg_covert_io_state) referenced from io_mod.o(i.writable_io_new)
 <LI><a href="#[ca]">color_all_default_write</a> from ws2812b.o(i.color_all_default_write) referenced from ws2812b.o(i.ws2812b_new)
 <LI><a href="#[cb]">color_all_write</a> from ws2812b.o(i.color_all_write) referenced from ws2812b.o(i.ws2812b_new)
 <LI><a href="#[cc]">color_extend_write</a> from ws2812b.o(i.color_extend_write) referenced from ws2812b.o(i.ws2812b_new)
 <LI><a href="#[ce]">color_select_write</a> from ws2812b.o(i.color_select_write) referenced from ws2812b.o(i.ws2812b_new)
 <LI><a href="#[cf]">color_single_write</a> from ws2812b.o(i.color_single_write) referenced from ws2812b.o(i.ws2812b_new)
 <LI><a href="#[cd]">color_write</a> from ws2812b.o(i.color_write) referenced from ws2812b.o(i.ws2812b_new)
 <LI><a href="#[c3]">data_send</a> from uart_transpond.o(i.data_send) referenced from uart_transpond.o(i.uart_transpond_new)
 <LI><a href="#[66]">fputc</a> from thread_safe.o(i.fputc) referenced from _printf_char_file.o(.text)
 <LI><a href="#[bd]">group_read</a> from io_mod.o(i.group_read) referenced from io_mod.o(i.readable_io_new)
 <LI><a href="#[c7]">group_write</a> from io_mod.o(i.group_write) referenced from io_mod.o(i.writable_io_new)
 <LI><a href="#[95]">hd_group_read_by</a> from ad_signal_cfg.o(i.hd_group_read_by) referenced from ad_signal_cfg.o(i.ad_signal_hd_init)
 <LI><a href="#[91]">hd_signal_read</a> from ad_signal_cfg.o(i.hd_signal_read) referenced from ad_signal_cfg.o(i.ad_signal_hd_init)
 <LI><a href="#[94]">hd_signal_read_array</a> from ad_signal_cfg.o(i.hd_signal_read_array) referenced from ad_signal_cfg.o(i.ad_signal_hd_init)
 <LI><a href="#[93]">hd_signal_read_two</a> from ad_signal_cfg.o(i.hd_signal_read_two) referenced from ad_signal_cfg.o(i.ad_signal_hd_init)
 <LI><a href="#[92]">hd_singal_read_32</a> from ad_signal_cfg.o(i.hd_singal_read_32) referenced from ad_signal_cfg.o(i.ad_signal_hd_init)
 <LI><a href="#[9a]">io_change_thread</a> from io_thread.o(i.io_change_thread) referenced from io_thread.o(i.io_thread_init)
 <LI><a href="#[bb]">io_hd_read</a> from io_thread_cfg.o(i.io_hd_read) referenced from io_thread_cfg.o(i.readable_io_init)
 <LI><a href="#[c5]">io_hd_write</a> from io_thread_cfg.o(i.io_hd_write) referenced from io_thread_cfg.o(i.writable_io_init)
 <LI><a href="#[bc]">io_read</a> from io_mod.o(i.io_read) referenced from io_mod.o(i.readable_io_new)
 <LI><a href="#[68]">io_thread_create</a> from my_main.o(i.io_thread_create) referenced from my_main.o(i.AppTaskStart)
 <LI><a href="#[c8]">io_write</a> from io_mod.o(i.io_write) referenced from io_mod.o(i.writable_io_new)
 <LI><a href="#[be]">listen</a> from io_mod.o(i.listen) referenced from io_mod.o(i.readable_io_new)
 <LI><a href="#[90]">nss_write0</a> from ad_signal_cfg.o(i.nss_write0) referenced from ad_signal_cfg.o(i.ad_signal_hd_init)
 <LI><a href="#[c4]">pack_rev_check</a> from uart_transpond.o(i.pack_rev_check) referenced from uart_transpond.o(i.uart_transpond_new)
 <LI><a href="#[97]">packet_callback_thread</a> from bus.o(i.packet_callback_thread) referenced from bus.o(i.bus_app_init)
 <LI><a href="#[78]">packet_parse</a> from itf_00050000.o(i.packet_parse) referenced from itf_00050000.o(i.Itf_00050000_new)
 <LI><a href="#[9b]">packet_parse</a> from itf_00000040.o(i.packet_parse) referenced from itf_00000040.o(i.itf_00000040_new)
 <LI><a href="#[9d]">packet_parse</a> from itf_00020000.o(i.packet_parse) referenced from itf_00020000.o(i.itf_00020000_new)
 <LI><a href="#[9f]">packet_parse</a> from itf_00020001.o(i.packet_parse) referenced from itf_00020001.o(i.itf_00020001_new)
 <LI><a href="#[a1]">packet_parse</a> from itf_00030000.o(i.packet_parse) referenced from itf_00030000.o(i.itf_00030000_new)
 <LI><a href="#[a3]">packet_parse</a> from itf_00030001.o(i.packet_parse) referenced from itf_00030001.o(i.itf_00030001_new)
 <LI><a href="#[a5]">packet_parse</a> from itf_00040000.o(i.packet_parse) referenced from itf_00040000.o(i.itf_00040000_new)
 <LI><a href="#[a7]">packet_parse</a> from itf_00040001.o(i.packet_parse) referenced from itf_00040001.o(i.itf_00040001_new)
 <LI><a href="#[a9]">packet_parse</a> from itf_00040010.o(i.packet_parse) referenced from itf_00040010.o(i.itf_00040010_new)
 <LI><a href="#[ab]">packet_parse</a> from itf_00040020.o(i.packet_parse) referenced from itf_00040020.o(i.itf_00040020_new)
 <LI><a href="#[ad]">packet_parse</a> from itf_00040030.o(i.packet_parse) referenced from itf_00040030.o(i.itf_00040030_new)
 <LI><a href="#[73]">pend</a> from async.o(i.pend) referenced from async.o(i.Async_Init)
 <LI><a href="#[72]">post</a> from async.o(i.post) referenced from async.o(i.Async_Init)
 <LI><a href="#[b6]">power_ctrl</a> from power.o(i.power_ctrl) referenced from power.o(i.power_init)
 <LI><a href="#[b7]">power_listen_thread</a> from power.o(i.power_listen_thread) referenced from power.o(i.power_init)
 <LI><a href="#[71]">power_thread_create</a> from my_main.o(i.power_thread_create) referenced from my_main.o(i.AppTaskStart)
 <LI><a href="#[79]">rtn_and_content_del</a> from itf_00050000.o(i.rtn_and_content_del) referenced from itf_00050000.o(i.Itf_00050000_new)
 <LI><a href="#[9c]">rtn_and_free</a> from itf_00000040.o(i.rtn_and_free) referenced from itf_00000040.o(i.itf_00000040_new)
 <LI><a href="#[9e]">rtn_and_free</a> from itf_00020000.o(i.rtn_and_free) referenced from itf_00020000.o(i.itf_00020000_new)
 <LI><a href="#[a0]">rtn_and_free</a> from itf_00020001.o(i.rtn_and_free) referenced from itf_00020001.o(i.itf_00020001_new)
 <LI><a href="#[a2]">rtn_and_free</a> from itf_00030000.o(i.rtn_and_free) referenced from itf_00030000.o(i.itf_00030000_new)
 <LI><a href="#[a4]">rtn_and_free</a> from itf_00030001.o(i.rtn_and_free) referenced from itf_00030001.o(i.itf_00030001_new)
 <LI><a href="#[a6]">rtn_and_free</a> from itf_00040000.o(i.rtn_and_free) referenced from itf_00040000.o(i.itf_00040000_new)
 <LI><a href="#[a8]">rtn_and_free</a> from itf_00040001.o(i.rtn_and_free) referenced from itf_00040001.o(i.itf_00040001_new)
 <LI><a href="#[aa]">rtn_and_free</a> from itf_00040010.o(i.rtn_and_free) referenced from itf_00040010.o(i.itf_00040010_new)
 <LI><a href="#[ac]">rtn_and_free</a> from itf_00040020.o(i.rtn_and_free) referenced from itf_00040020.o(i.itf_00040020_new)
 <LI><a href="#[ae]">rtn_and_free</a> from itf_00040030.o(i.rtn_and_free) referenced from itf_00040030.o(i.itf_00040030_new)
 <LI><a href="#[af]">rtn_and_free</a> from itf_01000c60.o(i.rtn_and_free) referenced from itf_01000c60.o(i.itf_01000c60_new)
 <LI><a href="#[b8]">run</a> from power_mod.o(i.run) referenced from power_mod.o(i.powermod_init_with_state)
 <LI><a href="#[b9]">run1</a> from power_mod.o(i.run1) referenced from power_mod.o(i.powermod_init_with_state)
 <LI><a href="#[ba]">run2</a> from power_mod.o(i.run2) referenced from power_mod.o(i.powermod_init_with_state)
 <LI><a href="#[96]">rx_packet_thread</a> from bus.o(i.rx_packet_thread) referenced from bus.o(i.bus_app_init)
 <LI><a href="#[7a]">send</a> from itf_00050000.o(i.send) referenced from itf_00050000.o(i.Itf_00050000_new)
 <LI><a href="#[c9]">timing_io_write</a> from io_mod.o(i.timing_io_write) referenced from io_mod.o(i.writable_io_new)
 <LI><a href="#[6a]">uart6_adapter_init</a> from bus_uart6_f4_hal.o(i.uart6_adapter_init) referenced from my_main.o(i.AppTaskStart)
 <LI><a href="#[6b]">uart6_adapter_send</a> from bus_uart6_f4_hal.o(i.uart6_adapter_send) referenced from my_main.o(i.AppTaskStart)
 <LI><a href="#[c0]">uart6_rx_frame</a> from bus_uart6_f4_hal.o(i.uart6_rx_frame) referenced from bus_uart6_f4_hal.o(i.uart6_adapter_init)
 <LI><a href="#[bf]">uart6_send_byte</a> from bus_uart6_f4_hal.o(i.uart6_send_byte) referenced from bus_uart6_f4_hal.o(i.uart6_adapter_init)
 <LI><a href="#[c1]">uart_rev_thread</a> from uart_thread.o(i.uart_rev_thread) referenced from uart_thread.o(i.uart_rev_thread_init)
 <LI><a href="#[69]">uart_thread_create</a> from my_main.o(i.uart_thread_create) referenced from my_main.o(i.AppTaskStart)
 <LI><a href="#[98]">ws0_write_pin</a> from color_cfg.o(i.ws0_write_pin) referenced from color_cfg.o(i.color_hd_init)
 <LI><a href="#[99]">ws1_write_pin</a> from color_cfg.o(i.ws1_write_pin) referenced from color_cfg.o(i.color_hd_init)
</UL>
<P>
<H3>
Global Symbols
</H3>
<P><STRONG><a name="[d0]"></a>__main</STRONG> (Thumb, 8 bytes, Stack size 0 bytes, __main.o(!!!main))
<BR><BR>[Calls]<UL><LI><a href="#[d2]">&gt;&gt;</a>&nbsp;&nbsp;&nbsp;__rt_entry
<LI><a href="#[d1]">&gt;&gt;</a>&nbsp;&nbsp;&nbsp;__scatterload
</UL>

<P><STRONG><a name="[d1]"></a>__scatterload</STRONG> (Thumb, 0 bytes, Stack size unknown bytes, __scatter.o(!!!scatter))
<BR><BR>[Called By]<UL><LI><a href="#[d0]">&gt;&gt;</a>&nbsp;&nbsp;&nbsp;__main
</UL>

<P><STRONG><a name="[d3]"></a>__scatterload_rt2</STRONG> (Thumb, 44 bytes, Stack size unknown bytes, __scatter.o(!!!scatter), UNUSED)
<BR><BR>[Calls]<UL><LI><a href="#[d2]">&gt;&gt;</a>&nbsp;&nbsp;&nbsp;__rt_entry
</UL>

<P><STRONG><a name="[25a]"></a>__scatterload_rt2_thumb_only</STRONG> (Thumb, 0 bytes, Stack size unknown bytes, __scatter.o(!!!scatter), UNUSED)

<P><STRONG><a name="[25b]"></a>__scatterload_null</STRONG> (Thumb, 0 bytes, Stack size unknown bytes, __scatter.o(!!!scatter), UNUSED)

<P><STRONG><a name="[25c]"></a>__decompress</STRONG> (Thumb, 90 bytes, Stack size unknown bytes, __dczerorl2.o(!!dczerorl2), UNUSED)

<P><STRONG><a name="[25d]"></a>__decompress1</STRONG> (Thumb, 0 bytes, Stack size unknown bytes, __dczerorl2.o(!!dczerorl2), UNUSED)

<P><STRONG><a name="[25e]"></a>__scatterload_zeroinit</STRONG> (Thumb, 28 bytes, Stack size unknown bytes, __scatter_zi.o(!!handler_zi), UNUSED)

<P><STRONG><a name="[d4]"></a>_printf_d</STRONG> (Thumb, 0 bytes, Stack size unknown bytes, _printf_d.o(.ARM.Collect$$_printf_percent$$00000009))
<BR><BR>[Stack]<UL><LI>Max Depth = 56 + Unknown Stack Size
<LI>Call Chain = _printf_d &rArr; _printf_int_dec &rArr; _printf_int_common
</UL>
<BR>[Calls]<UL><LI><a href="#[d5]">&gt;&gt;</a>&nbsp;&nbsp;&nbsp;_printf_int_dec
</UL>

<P><STRONG><a name="[f5]"></a>_printf_percent</STRONG> (Thumb, 0 bytes, Stack size unknown bytes, _printf_percent.o(.ARM.Collect$$_printf_percent$$00000000))
<BR><BR>[Called By]<UL><LI><a href="#[f4]">&gt;&gt;</a>&nbsp;&nbsp;&nbsp;__printf
</UL>

<P><STRONG><a name="[d6]"></a>_printf_x</STRONG> (Thumb, 0 bytes, Stack size unknown bytes, _printf_x.o(.ARM.Collect$$_printf_percent$$0000000C))
<BR><BR>[Stack]<UL><LI>Max Depth = 48 + Unknown Stack Size
<LI>Call Chain = _printf_x &rArr; _printf_int_hex &rArr; _printf_int_common
</UL>
<BR>[Calls]<UL><LI><a href="#[d7]">&gt;&gt;</a>&nbsp;&nbsp;&nbsp;_printf_int_hex
</UL>

<P><STRONG><a name="[d8]"></a>_printf_c</STRONG> (Thumb, 0 bytes, Stack size unknown bytes, _printf_c.o(.ARM.Collect$$_printf_percent$$00000013))
<BR><BR>[Stack]<UL><LI>Max Depth = 24 + Unknown Stack Size
<LI>Call Chain = _printf_c &rArr; _printf_char &rArr; _printf_cs_common &rArr; _printf_str
</UL>
<BR>[Calls]<UL><LI><a href="#[d9]">&gt;&gt;</a>&nbsp;&nbsp;&nbsp;_printf_char
</UL>

<P><STRONG><a name="[da]"></a>_printf_s</STRONG> (Thumb, 0 bytes, Stack size unknown bytes, _printf_s.o(.ARM.Collect$$_printf_percent$$00000014))
<BR><BR>[Stack]<UL><LI>Max Depth = 24 + Unknown Stack Size
<LI>Call Chain = _printf_s &rArr; _printf_string &rArr; _printf_cs_common &rArr; _printf_str
</UL>
<BR>[Calls]<UL><LI><a href="#[db]">&gt;&gt;</a>&nbsp;&nbsp;&nbsp;_printf_string
</UL>

<P><STRONG><a name="[25f]"></a>_printf_percent_end</STRONG> (Thumb, 0 bytes, Stack size unknown bytes, _printf_percent_end.o(.ARM.Collect$$_printf_percent$$00000017))

<P><STRONG><a name="[e3]"></a>__rt_lib_init</STRONG> (Thumb, 0 bytes, Stack size unknown bytes, libinit.o(.ARM.Collect$$libinit$$00000000))
<BR><BR>[Called By]<UL><LI><a href="#[e2]">&gt;&gt;</a>&nbsp;&nbsp;&nbsp;__rt_entry_li
</UL>

<P><STRONG><a name="[260]"></a>__rt_lib_init_fp_1</STRONG> (Thumb, 0 bytes, Stack size unknown bytes, libinit2.o(.ARM.Collect$$libinit$$00000002))

<P><STRONG><a name="[dc]"></a>__rt_lib_init_heap_2</STRONG> (Thumb, 0 bytes, Stack size unknown bytes, libinit2.o(.ARM.Collect$$libinit$$00000005))
<BR><BR>[Stack]<UL><LI>Max Depth = 120 + Unknown Stack Size
<LI>Call Chain = __rt_lib_init_heap_2 &rArr; _init_alloc &rArr; __rt_SIGRTMEM &rArr; __rt_SIGRTMEM_inner &rArr; __default_signal_display &rArr; _ttywrch &rArr; HAL_UART_Transmit &rArr; UART_WaitOnFlagUntilTimeout
</UL>
<BR>[Calls]<UL><LI><a href="#[dd]">&gt;&gt;</a>&nbsp;&nbsp;&nbsp;_init_alloc
</UL>

<P><STRONG><a name="[261]"></a>__rt_lib_init_preinit_1</STRONG> (Thumb, 0 bytes, Stack size unknown bytes, libinit2.o(.ARM.Collect$$libinit$$00000004))

<P><STRONG><a name="[262]"></a>__rt_lib_init_alloca_1</STRONG> (Thumb, 0 bytes, Stack size unknown bytes, libinit2.o(.ARM.Collect$$libinit$$0000002E))

<P><STRONG><a name="[263]"></a>__rt_lib_init_argv_1</STRONG> (Thumb, 0 bytes, Stack size unknown bytes, libinit2.o(.ARM.Collect$$libinit$$0000002C))

<P><STRONG><a name="[264]"></a>__rt_lib_init_atexit_1</STRONG> (Thumb, 0 bytes, Stack size unknown bytes, libinit2.o(.ARM.Collect$$libinit$$0000001B))

<P><STRONG><a name="[265]"></a>__rt_lib_init_clock_1</STRONG> (Thumb, 0 bytes, Stack size unknown bytes, libinit2.o(.ARM.Collect$$libinit$$00000021))

<P><STRONG><a name="[266]"></a>__rt_lib_init_cpp_1</STRONG> (Thumb, 0 bytes, Stack size unknown bytes, libinit2.o(.ARM.Collect$$libinit$$00000032))

<P><STRONG><a name="[267]"></a>__rt_lib_init_exceptions_1</STRONG> (Thumb, 0 bytes, Stack size unknown bytes, libinit2.o(.ARM.Collect$$libinit$$00000030))

<P><STRONG><a name="[268]"></a>__rt_lib_init_fp_trap_1</STRONG> (Thumb, 0 bytes, Stack size unknown bytes, libinit2.o(.ARM.Collect$$libinit$$0000001F))

<P><STRONG><a name="[269]"></a>__rt_lib_init_getenv_1</STRONG> (Thumb, 0 bytes, Stack size unknown bytes, libinit2.o(.ARM.Collect$$libinit$$00000023))

<P><STRONG><a name="[26a]"></a>__rt_lib_init_heap_1</STRONG> (Thumb, 0 bytes, Stack size unknown bytes, libinit2.o(.ARM.Collect$$libinit$$0000000A))

<P><STRONG><a name="[26b]"></a>__rt_lib_init_lc_collate_1</STRONG> (Thumb, 0 bytes, Stack size unknown bytes, libinit2.o(.ARM.Collect$$libinit$$00000011))

<P><STRONG><a name="[26c]"></a>__rt_lib_init_lc_ctype_1</STRONG> (Thumb, 0 bytes, Stack size unknown bytes, libinit2.o(.ARM.Collect$$libinit$$00000013))

<P><STRONG><a name="[26d]"></a>__rt_lib_init_lc_monetary_1</STRONG> (Thumb, 0 bytes, Stack size unknown bytes, libinit2.o(.ARM.Collect$$libinit$$00000015))

<P><STRONG><a name="[26e]"></a>__rt_lib_init_lc_numeric_1</STRONG> (Thumb, 0 bytes, Stack size unknown bytes, libinit2.o(.ARM.Collect$$libinit$$00000017))

<P><STRONG><a name="[26f]"></a>__rt_lib_init_lc_time_1</STRONG> (Thumb, 0 bytes, Stack size unknown bytes, libinit2.o(.ARM.Collect$$libinit$$00000019))

<P><STRONG><a name="[270]"></a>__rt_lib_init_rand_1</STRONG> (Thumb, 0 bytes, Stack size unknown bytes, libinit2.o(.ARM.Collect$$libinit$$0000000E))

<P><STRONG><a name="[271]"></a>__rt_lib_init_return</STRONG> (Thumb, 0 bytes, Stack size unknown bytes, libinit2.o(.ARM.Collect$$libinit$$00000033))

<P><STRONG><a name="[272]"></a>__rt_lib_init_signal_1</STRONG> (Thumb, 0 bytes, Stack size unknown bytes, libinit2.o(.ARM.Collect$$libinit$$0000001D))

<P><STRONG><a name="[273]"></a>__rt_lib_init_stdio_1</STRONG> (Thumb, 0 bytes, Stack size unknown bytes, libinit2.o(.ARM.Collect$$libinit$$00000025))

<P><STRONG><a name="[274]"></a>__rt_lib_init_user_alloc_1</STRONG> (Thumb, 0 bytes, Stack size unknown bytes, libinit2.o(.ARM.Collect$$libinit$$0000000C))

<P><STRONG><a name="[e8]"></a>__rt_lib_shutdown</STRONG> (Thumb, 0 bytes, Stack size unknown bytes, libshutdown.o(.ARM.Collect$$libshutdown$$00000000))
<BR><BR>[Called By]<UL><LI><a href="#[e7]">&gt;&gt;</a>&nbsp;&nbsp;&nbsp;__rt_exit_ls
</UL>

<P><STRONG><a name="[275]"></a>__rt_lib_shutdown_cpp_1</STRONG> (Thumb, 0 bytes, Stack size unknown bytes, libshutdown2.o(.ARM.Collect$$libshutdown$$00000004))

<P><STRONG><a name="[276]"></a>__rt_lib_shutdown_fini_1</STRONG> (Thumb, 0 bytes, Stack size unknown bytes, libshutdown2.o(.ARM.Collect$$libshutdown$$00000002))

<P><STRONG><a name="[277]"></a>__rt_lib_shutdown_fp_trap_1</STRONG> (Thumb, 0 bytes, Stack size unknown bytes, libshutdown2.o(.ARM.Collect$$libshutdown$$00000009))

<P><STRONG><a name="[de]"></a>__rt_lib_shutdown_heap_2</STRONG> (Thumb, 0 bytes, Stack size unknown bytes, libshutdown2.o(.ARM.Collect$$libshutdown$$0000000F))
<BR><BR>[Stack]<UL><LI>Max Depth = 144 + Unknown Stack Size
<LI>Call Chain = __rt_lib_shutdown_heap_2 &rArr; _terminate_alloc &rArr; __Heap_Finalize &rArr; _mutex_free &rArr; __2printf &rArr; _printf_char_file &rArr; _printf_char_common &rArr; __printf
</UL>
<BR>[Calls]<UL><LI><a href="#[df]">&gt;&gt;</a>&nbsp;&nbsp;&nbsp;_terminate_alloc
</UL>

<P><STRONG><a name="[278]"></a>__rt_lib_shutdown_signal_1</STRONG> (Thumb, 0 bytes, Stack size unknown bytes, libshutdown2.o(.ARM.Collect$$libshutdown$$0000000C))

<P><STRONG><a name="[279]"></a>__rt_lib_shutdown_stdio_1</STRONG> (Thumb, 0 bytes, Stack size unknown bytes, libshutdown2.o(.ARM.Collect$$libshutdown$$00000006))

<P><STRONG><a name="[27a]"></a>__rt_lib_shutdown_user_alloc_1</STRONG> (Thumb, 0 bytes, Stack size unknown bytes, libshutdown2.o(.ARM.Collect$$libshutdown$$0000000E))

<P><STRONG><a name="[27b]"></a>__rt_lib_shutdown_heap_1</STRONG> (Thumb, 0 bytes, Stack size unknown bytes, libshutdown2.o(.ARM.Collect$$libshutdown$$00000011))

<P><STRONG><a name="[27c]"></a>__rt_lib_shutdown_return</STRONG> (Thumb, 0 bytes, Stack size unknown bytes, libshutdown2.o(.ARM.Collect$$libshutdown$$00000012))

<P><STRONG><a name="[d2]"></a>__rt_entry</STRONG> (Thumb, 0 bytes, Stack size unknown bytes, __rtentry.o(.ARM.Collect$$rtentry$$00000000))
<BR><BR>[Called By]<UL><LI><a href="#[d0]">&gt;&gt;</a>&nbsp;&nbsp;&nbsp;__main
<LI><a href="#[d3]">&gt;&gt;</a>&nbsp;&nbsp;&nbsp;__scatterload_rt2
</UL>

<P><STRONG><a name="[27d]"></a>__rt_entry_presh_1</STRONG> (Thumb, 0 bytes, Stack size unknown bytes, __rtentry2.o(.ARM.Collect$$rtentry$$00000002))

<P><STRONG><a name="[e0]"></a>__rt_entry_sh</STRONG> (Thumb, 0 bytes, Stack size unknown bytes, __rtentry4.o(.ARM.Collect$$rtentry$$00000004))
<BR><BR>[Stack]<UL><LI>Max Depth = 8 + Unknown Stack Size
<LI>Call Chain = __rt_entry_sh &rArr; __user_setup_stackheap
</UL>
<BR>[Calls]<UL><LI><a href="#[e1]">&gt;&gt;</a>&nbsp;&nbsp;&nbsp;__user_setup_stackheap
</UL>

<P><STRONG><a name="[e2]"></a>__rt_entry_li</STRONG> (Thumb, 0 bytes, Stack size unknown bytes, __rtentry2.o(.ARM.Collect$$rtentry$$0000000A))
<BR><BR>[Calls]<UL><LI><a href="#[e3]">&gt;&gt;</a>&nbsp;&nbsp;&nbsp;__rt_lib_init
</UL>

<P><STRONG><a name="[27e]"></a>__rt_entry_postsh_1</STRONG> (Thumb, 0 bytes, Stack size unknown bytes, __rtentry2.o(.ARM.Collect$$rtentry$$00000009))

<P><STRONG><a name="[e4]"></a>__rt_entry_main</STRONG> (Thumb, 0 bytes, Stack size unknown bytes, __rtentry2.o(.ARM.Collect$$rtentry$$0000000D))
<BR><BR>[Stack]<UL><LI>Max Depth = 168 + Unknown Stack Size
<LI>Call Chain = __rt_entry_main &rArr; main &rArr; my_main &rArr; OSInit &rArr; OS_InitTaskStat &rArr; OSTaskCreateExt &rArr; OS_TCBInit &rArr; OSTaskCreateHook
</UL>
<BR>[Calls]<UL><LI><a href="#[e5]">&gt;&gt;</a>&nbsp;&nbsp;&nbsp;main
<LI><a href="#[e6]">&gt;&gt;</a>&nbsp;&nbsp;&nbsp;exit
</UL>

<P><STRONG><a name="[27f]"></a>__rt_entry_postli_1</STRONG> (Thumb, 0 bytes, Stack size unknown bytes, __rtentry2.o(.ARM.Collect$$rtentry$$0000000C))

<P><STRONG><a name="[10c]"></a>__rt_exit</STRONG> (Thumb, 0 bytes, Stack size unknown bytes, rtexit.o(.ARM.Collect$$rtexit$$00000000))
<BR><BR>[Called By]<UL><LI><a href="#[e6]">&gt;&gt;</a>&nbsp;&nbsp;&nbsp;exit
</UL>

<P><STRONG><a name="[e7]"></a>__rt_exit_ls</STRONG> (Thumb, 0 bytes, Stack size unknown bytes, rtexit2.o(.ARM.Collect$$rtexit$$00000003))
<BR><BR>[Calls]<UL><LI><a href="#[e8]">&gt;&gt;</a>&nbsp;&nbsp;&nbsp;__rt_lib_shutdown
</UL>

<P><STRONG><a name="[280]"></a>__rt_exit_prels_1</STRONG> (Thumb, 0 bytes, Stack size unknown bytes, rtexit2.o(.ARM.Collect$$rtexit$$00000002))

<P><STRONG><a name="[e9]"></a>__rt_exit_exit</STRONG> (Thumb, 0 bytes, Stack size unknown bytes, rtexit2.o(.ARM.Collect$$rtexit$$00000004))
<BR><BR>[Calls]<UL><LI><a href="#[ea]">&gt;&gt;</a>&nbsp;&nbsp;&nbsp;_sys_exit
</UL>

<P><STRONG><a name="[8]"></a>Reset_Handler</STRONG> (Thumb, 8 bytes, Stack size 0 bytes, startup_stm32f407xx.o(.text))
<BR>[Address Reference Count : 1]<UL><LI> startup_stm32f407xx.o(RESET)
</UL>
<P><STRONG><a name="[281]"></a>_maybe_terminate_alloc</STRONG> (Thumb, 0 bytes, Stack size 0 bytes, maybetermalloc2.o(.emb_text), UNUSED)

<P><STRONG><a name="[9]"></a>NMI_Handler</STRONG> (Thumb, 2 bytes, Stack size 0 bytes, startup_stm32f407xx.o(.text))
<BR><BR>[Calls]<UL><LI><a href="#[9]">&gt;&gt;</a>&nbsp;&nbsp;&nbsp;NMI_Handler
</UL>
<BR>[Called By]<UL><LI><a href="#[9]">&gt;&gt;</a>&nbsp;&nbsp;&nbsp;NMI_Handler
</UL>
<BR>[Address Reference Count : 1]<UL><LI> startup_stm32f407xx.o(RESET)
</UL>
<P><STRONG><a name="[b]"></a>MemManage_Handler</STRONG> (Thumb, 2 bytes, Stack size 0 bytes, startup_stm32f407xx.o(.text))
<BR><BR>[Calls]<UL><LI><a href="#[b]">&gt;&gt;</a>&nbsp;&nbsp;&nbsp;MemManage_Handler
</UL>
<BR>[Called By]<UL><LI><a href="#[b]">&gt;&gt;</a>&nbsp;&nbsp;&nbsp;MemManage_Handler
</UL>
<BR>[Address Reference Count : 1]<UL><LI> startup_stm32f407xx.o(RESET)
</UL>
<P><STRONG><a name="[c]"></a>BusFault_Handler</STRONG> (Thumb, 2 bytes, Stack size 0 bytes, startup_stm32f407xx.o(.text))
<BR><BR>[Calls]<UL><LI><a href="#[c]">&gt;&gt;</a>&nbsp;&nbsp;&nbsp;BusFault_Handler
</UL>
<BR>[Called By]<UL><LI><a href="#[c]">&gt;&gt;</a>&nbsp;&nbsp;&nbsp;BusFault_Handler
</UL>
<BR>[Address Reference Count : 1]<UL><LI> startup_stm32f407xx.o(RESET)
</UL>
<P><STRONG><a name="[d]"></a>UsageFault_Handler</STRONG> (Thumb, 2 bytes, Stack size 0 bytes, startup_stm32f407xx.o(.text))
<BR><BR>[Calls]<UL><LI><a href="#[d]">&gt;&gt;</a>&nbsp;&nbsp;&nbsp;UsageFault_Handler
</UL>
<BR>[Called By]<UL><LI><a href="#[d]">&gt;&gt;</a>&nbsp;&nbsp;&nbsp;UsageFault_Handler
</UL>
<BR>[Address Reference Count : 1]<UL><LI> startup_stm32f407xx.o(RESET)
</UL>
<P><STRONG><a name="[e]"></a>SVC_Handler</STRONG> (Thumb, 2 bytes, Stack size 0 bytes, startup_stm32f407xx.o(.text))
<BR><BR>[Calls]<UL><LI><a href="#[e]">&gt;&gt;</a>&nbsp;&nbsp;&nbsp;SVC_Handler
</UL>
<BR>[Called By]<UL><LI><a href="#[e]">&gt;&gt;</a>&nbsp;&nbsp;&nbsp;SVC_Handler
</UL>
<BR>[Address Reference Count : 1]<UL><LI> startup_stm32f407xx.o(RESET)
</UL>
<P><STRONG><a name="[f]"></a>DebugMon_Handler</STRONG> (Thumb, 2 bytes, Stack size 0 bytes, startup_stm32f407xx.o(.text))
<BR><BR>[Calls]<UL><LI><a href="#[f]">&gt;&gt;</a>&nbsp;&nbsp;&nbsp;DebugMon_Handler
</UL>
<BR>[Called By]<UL><LI><a href="#[f]">&gt;&gt;</a>&nbsp;&nbsp;&nbsp;DebugMon_Handler
</UL>
<BR>[Address Reference Count : 1]<UL><LI> startup_stm32f407xx.o(RESET)
</UL>
<P><STRONG><a name="[24]"></a>ADC_IRQHandler</STRONG> (Thumb, 0 bytes, Stack size 0 bytes, startup_stm32f407xx.o(.text))
<BR><BR>[Calls]<UL><LI><a href="#[24]">&gt;&gt;</a>&nbsp;&nbsp;&nbsp;ADC_IRQHandler
</UL>
<BR>[Called By]<UL><LI><a href="#[24]">&gt;&gt;</a>&nbsp;&nbsp;&nbsp;ADC_IRQHandler
</UL>
<BR>[Address Reference Count : 1]<UL><LI> startup_stm32f407xx.o(RESET)
</UL>
<P><STRONG><a name="[27]"></a>CAN1_RX1_IRQHandler</STRONG> (Thumb, 0 bytes, Stack size 0 bytes, startup_stm32f407xx.o(.text))
<BR>[Address Reference Count : 1]<UL><LI> startup_stm32f407xx.o(RESET)
</UL>
<P><STRONG><a name="[25]"></a>CAN1_TX_IRQHandler</STRONG> (Thumb, 0 bytes, Stack size 0 bytes, startup_stm32f407xx.o(.text))
<BR>[Address Reference Count : 1]<UL><LI> startup_stm32f407xx.o(RESET)
</UL>
<P><STRONG><a name="[52]"></a>CAN2_RX0_IRQHandler</STRONG> (Thumb, 0 bytes, Stack size 0 bytes, startup_stm32f407xx.o(.text))
<BR>[Address Reference Count : 1]<UL><LI> startup_stm32f407xx.o(RESET)
</UL>
<P><STRONG><a name="[53]"></a>CAN2_RX1_IRQHandler</STRONG> (Thumb, 0 bytes, Stack size 0 bytes, startup_stm32f407xx.o(.text))
<BR>[Address Reference Count : 1]<UL><LI> startup_stm32f407xx.o(RESET)
</UL>
<P><STRONG><a name="[54]"></a>CAN2_SCE_IRQHandler</STRONG> (Thumb, 0 bytes, Stack size 0 bytes, startup_stm32f407xx.o(.text))
<BR>[Address Reference Count : 1]<UL><LI> startup_stm32f407xx.o(RESET)
</UL>
<P><STRONG><a name="[51]"></a>CAN2_TX_IRQHandler</STRONG> (Thumb, 0 bytes, Stack size 0 bytes, startup_stm32f407xx.o(.text))
<BR>[Address Reference Count : 1]<UL><LI> startup_stm32f407xx.o(RESET)
</UL>
<P><STRONG><a name="[60]"></a>DCMI_IRQHandler</STRONG> (Thumb, 0 bytes, Stack size 0 bytes, startup_stm32f407xx.o(.text))
<BR>[Address Reference Count : 1]<UL><LI> startup_stm32f407xx.o(RESET)
</UL>
<P><STRONG><a name="[1d]"></a>DMA1_Stream0_IRQHandler</STRONG> (Thumb, 0 bytes, Stack size 0 bytes, startup_stm32f407xx.o(.text))
<BR>[Address Reference Count : 1]<UL><LI> startup_stm32f407xx.o(RESET)
</UL>
<P><STRONG><a name="[1e]"></a>DMA1_Stream1_IRQHandler</STRONG> (Thumb, 0 bytes, Stack size 0 bytes, startup_stm32f407xx.o(.text))
<BR>[Address Reference Count : 1]<UL><LI> startup_stm32f407xx.o(RESET)
</UL>
<P><STRONG><a name="[1f]"></a>DMA1_Stream2_IRQHandler</STRONG> (Thumb, 0 bytes, Stack size 0 bytes, startup_stm32f407xx.o(.text))
<BR>[Address Reference Count : 1]<UL><LI> startup_stm32f407xx.o(RESET)
</UL>
<P><STRONG><a name="[20]"></a>DMA1_Stream3_IRQHandler</STRONG> (Thumb, 0 bytes, Stack size 0 bytes, startup_stm32f407xx.o(.text))
<BR>[Address Reference Count : 1]<UL><LI> startup_stm32f407xx.o(RESET)
</UL>
<P><STRONG><a name="[21]"></a>DMA1_Stream4_IRQHandler</STRONG> (Thumb, 0 bytes, Stack size 0 bytes, startup_stm32f407xx.o(.text))
<BR>[Address Reference Count : 1]<UL><LI> startup_stm32f407xx.o(RESET)
</UL>
<P><STRONG><a name="[22]"></a>DMA1_Stream5_IRQHandler</STRONG> (Thumb, 0 bytes, Stack size 0 bytes, startup_stm32f407xx.o(.text))
<BR>[Address Reference Count : 1]<UL><LI> startup_stm32f407xx.o(RESET)
</UL>
<P><STRONG><a name="[23]"></a>DMA1_Stream6_IRQHandler</STRONG> (Thumb, 0 bytes, Stack size 0 bytes, startup_stm32f407xx.o(.text))
<BR>[Address Reference Count : 1]<UL><LI> startup_stm32f407xx.o(RESET)
</UL>
<P><STRONG><a name="[41]"></a>DMA1_Stream7_IRQHandler</STRONG> (Thumb, 0 bytes, Stack size 0 bytes, startup_stm32f407xx.o(.text))
<BR>[Address Reference Count : 1]<UL><LI> startup_stm32f407xx.o(RESET)
</UL>
<P><STRONG><a name="[4a]"></a>DMA2_Stream0_IRQHandler</STRONG> (Thumb, 0 bytes, Stack size 0 bytes, startup_stm32f407xx.o(.text))
<BR>[Address Reference Count : 1]<UL><LI> startup_stm32f407xx.o(RESET)
</UL>
<P><STRONG><a name="[4c]"></a>DMA2_Stream2_IRQHandler</STRONG> (Thumb, 0 bytes, Stack size 0 bytes, startup_stm32f407xx.o(.text))
<BR>[Address Reference Count : 1]<UL><LI> startup_stm32f407xx.o(RESET)
</UL>
<P><STRONG><a name="[4d]"></a>DMA2_Stream3_IRQHandler</STRONG> (Thumb, 0 bytes, Stack size 0 bytes, startup_stm32f407xx.o(.text))
<BR>[Address Reference Count : 1]<UL><LI> startup_stm32f407xx.o(RESET)
</UL>
<P><STRONG><a name="[4e]"></a>DMA2_Stream4_IRQHandler</STRONG> (Thumb, 0 bytes, Stack size 0 bytes, startup_stm32f407xx.o(.text))
<BR>[Address Reference Count : 1]<UL><LI> startup_stm32f407xx.o(RESET)
</UL>
<P><STRONG><a name="[56]"></a>DMA2_Stream5_IRQHandler</STRONG> (Thumb, 0 bytes, Stack size 0 bytes, startup_stm32f407xx.o(.text))
<BR>[Address Reference Count : 1]<UL><LI> startup_stm32f407xx.o(RESET)
</UL>
<P><STRONG><a name="[57]"></a>DMA2_Stream6_IRQHandler</STRONG> (Thumb, 0 bytes, Stack size 0 bytes, startup_stm32f407xx.o(.text))
<BR>[Address Reference Count : 1]<UL><LI> startup_stm32f407xx.o(RESET)
</UL>
<P><STRONG><a name="[58]"></a>DMA2_Stream7_IRQHandler</STRONG> (Thumb, 0 bytes, Stack size 0 bytes, startup_stm32f407xx.o(.text))
<BR>[Address Reference Count : 1]<UL><LI> startup_stm32f407xx.o(RESET)
</UL>
<P><STRONG><a name="[4f]"></a>ETH_IRQHandler</STRONG> (Thumb, 0 bytes, Stack size 0 bytes, startup_stm32f407xx.o(.text))
<BR>[Address Reference Count : 1]<UL><LI> startup_stm32f407xx.o(RESET)
</UL>
<P><STRONG><a name="[50]"></a>ETH_WKUP_IRQHandler</STRONG> (Thumb, 0 bytes, Stack size 0 bytes, startup_stm32f407xx.o(.text))
<BR>[Address Reference Count : 1]<UL><LI> startup_stm32f407xx.o(RESET)
</UL>
<P><STRONG><a name="[18]"></a>EXTI0_IRQHandler</STRONG> (Thumb, 0 bytes, Stack size 0 bytes, startup_stm32f407xx.o(.text))
<BR>[Address Reference Count : 1]<UL><LI> startup_stm32f407xx.o(RESET)
</UL>
<P><STRONG><a name="[3a]"></a>EXTI15_10_IRQHandler</STRONG> (Thumb, 0 bytes, Stack size 0 bytes, startup_stm32f407xx.o(.text))
<BR>[Address Reference Count : 1]<UL><LI> startup_stm32f407xx.o(RESET)
</UL>
<P><STRONG><a name="[19]"></a>EXTI1_IRQHandler</STRONG> (Thumb, 0 bytes, Stack size 0 bytes, startup_stm32f407xx.o(.text))
<BR>[Address Reference Count : 1]<UL><LI> startup_stm32f407xx.o(RESET)
</UL>
<P><STRONG><a name="[1a]"></a>EXTI2_IRQHandler</STRONG> (Thumb, 0 bytes, Stack size 0 bytes, startup_stm32f407xx.o(.text))
<BR>[Address Reference Count : 1]<UL><LI> startup_stm32f407xx.o(RESET)
</UL>
<P><STRONG><a name="[1b]"></a>EXTI3_IRQHandler</STRONG> (Thumb, 0 bytes, Stack size 0 bytes, startup_stm32f407xx.o(.text))
<BR>[Address Reference Count : 1]<UL><LI> startup_stm32f407xx.o(RESET)
</UL>
<P><STRONG><a name="[1c]"></a>EXTI4_IRQHandler</STRONG> (Thumb, 0 bytes, Stack size 0 bytes, startup_stm32f407xx.o(.text))
<BR>[Address Reference Count : 1]<UL><LI> startup_stm32f407xx.o(RESET)
</UL>
<P><STRONG><a name="[29]"></a>EXTI9_5_IRQHandler</STRONG> (Thumb, 0 bytes, Stack size 0 bytes, startup_stm32f407xx.o(.text))
<BR>[Address Reference Count : 1]<UL><LI> startup_stm32f407xx.o(RESET)
</UL>
<P><STRONG><a name="[16]"></a>FLASH_IRQHandler</STRONG> (Thumb, 0 bytes, Stack size 0 bytes, startup_stm32f407xx.o(.text))
<BR>[Address Reference Count : 1]<UL><LI> startup_stm32f407xx.o(RESET)
</UL>
<P><STRONG><a name="[42]"></a>FMC_IRQHandler</STRONG> (Thumb, 0 bytes, Stack size 0 bytes, startup_stm32f407xx.o(.text))
<BR>[Address Reference Count : 1]<UL><LI> startup_stm32f407xx.o(RESET)
</UL>
<P><STRONG><a name="[62]"></a>FPU_IRQHandler</STRONG> (Thumb, 0 bytes, Stack size 0 bytes, startup_stm32f407xx.o(.text))
<BR>[Address Reference Count : 1]<UL><LI> startup_stm32f407xx.o(RESET)
</UL>
<P><STRONG><a name="[61]"></a>HASH_RNG_IRQHandler</STRONG> (Thumb, 0 bytes, Stack size 0 bytes, startup_stm32f407xx.o(.text))
<BR>[Address Reference Count : 1]<UL><LI> startup_stm32f407xx.o(RESET)
</UL>
<P><STRONG><a name="[32]"></a>I2C1_ER_IRQHandler</STRONG> (Thumb, 0 bytes, Stack size 0 bytes, startup_stm32f407xx.o(.text))
<BR>[Address Reference Count : 1]<UL><LI> startup_stm32f407xx.o(RESET)
</UL>
<P><STRONG><a name="[31]"></a>I2C1_EV_IRQHandler</STRONG> (Thumb, 0 bytes, Stack size 0 bytes, startup_stm32f407xx.o(.text))
<BR>[Address Reference Count : 1]<UL><LI> startup_stm32f407xx.o(RESET)
</UL>
<P><STRONG><a name="[34]"></a>I2C2_ER_IRQHandler</STRONG> (Thumb, 0 bytes, Stack size 0 bytes, startup_stm32f407xx.o(.text))
<BR>[Address Reference Count : 1]<UL><LI> startup_stm32f407xx.o(RESET)
</UL>
<P><STRONG><a name="[33]"></a>I2C2_EV_IRQHandler</STRONG> (Thumb, 0 bytes, Stack size 0 bytes, startup_stm32f407xx.o(.text))
<BR>[Address Reference Count : 1]<UL><LI> startup_stm32f407xx.o(RESET)
</UL>
<P><STRONG><a name="[5b]"></a>I2C3_ER_IRQHandler</STRONG> (Thumb, 0 bytes, Stack size 0 bytes, startup_stm32f407xx.o(.text))
<BR>[Address Reference Count : 1]<UL><LI> startup_stm32f407xx.o(RESET)
</UL>
<P><STRONG><a name="[5a]"></a>I2C3_EV_IRQHandler</STRONG> (Thumb, 0 bytes, Stack size 0 bytes, startup_stm32f407xx.o(.text))
<BR>[Address Reference Count : 1]<UL><LI> startup_stm32f407xx.o(RESET)
</UL>
<P><STRONG><a name="[55]"></a>OTG_FS_IRQHandler</STRONG> (Thumb, 0 bytes, Stack size 0 bytes, startup_stm32f407xx.o(.text))
<BR>[Address Reference Count : 1]<UL><LI> startup_stm32f407xx.o(RESET)
</UL>
<P><STRONG><a name="[3c]"></a>OTG_FS_WKUP_IRQHandler</STRONG> (Thumb, 0 bytes, Stack size 0 bytes, startup_stm32f407xx.o(.text))
<BR>[Address Reference Count : 1]<UL><LI> startup_stm32f407xx.o(RESET)
</UL>
<P><STRONG><a name="[5d]"></a>OTG_HS_EP1_IN_IRQHandler</STRONG> (Thumb, 0 bytes, Stack size 0 bytes, startup_stm32f407xx.o(.text))
<BR>[Address Reference Count : 1]<UL><LI> startup_stm32f407xx.o(RESET)
</UL>
<P><STRONG><a name="[5c]"></a>OTG_HS_EP1_OUT_IRQHandler</STRONG> (Thumb, 0 bytes, Stack size 0 bytes, startup_stm32f407xx.o(.text))
<BR>[Address Reference Count : 1]<UL><LI> startup_stm32f407xx.o(RESET)
</UL>
<P><STRONG><a name="[5f]"></a>OTG_HS_IRQHandler</STRONG> (Thumb, 0 bytes, Stack size 0 bytes, startup_stm32f407xx.o(.text))
<BR>[Address Reference Count : 1]<UL><LI> startup_stm32f407xx.o(RESET)
</UL>
<P><STRONG><a name="[5e]"></a>OTG_HS_WKUP_IRQHandler</STRONG> (Thumb, 0 bytes, Stack size 0 bytes, startup_stm32f407xx.o(.text))
<BR>[Address Reference Count : 1]<UL><LI> startup_stm32f407xx.o(RESET)
</UL>
<P><STRONG><a name="[17]"></a>RCC_IRQHandler</STRONG> (Thumb, 0 bytes, Stack size 0 bytes, startup_stm32f407xx.o(.text))
<BR>[Address Reference Count : 1]<UL><LI> startup_stm32f407xx.o(RESET)
</UL>
<P><STRONG><a name="[3b]"></a>RTC_Alarm_IRQHandler</STRONG> (Thumb, 0 bytes, Stack size 0 bytes, startup_stm32f407xx.o(.text))
<BR>[Address Reference Count : 1]<UL><LI> startup_stm32f407xx.o(RESET)
</UL>
<P><STRONG><a name="[15]"></a>RTC_WKUP_IRQHandler</STRONG> (Thumb, 0 bytes, Stack size 0 bytes, startup_stm32f407xx.o(.text))
<BR>[Address Reference Count : 1]<UL><LI> startup_stm32f407xx.o(RESET)
</UL>
<P><STRONG><a name="[43]"></a>SDIO_IRQHandler</STRONG> (Thumb, 0 bytes, Stack size 0 bytes, startup_stm32f407xx.o(.text))
<BR>[Address Reference Count : 1]<UL><LI> startup_stm32f407xx.o(RESET)
</UL>
<P><STRONG><a name="[35]"></a>SPI1_IRQHandler</STRONG> (Thumb, 0 bytes, Stack size 0 bytes, startup_stm32f407xx.o(.text))
<BR>[Address Reference Count : 1]<UL><LI> startup_stm32f407xx.o(RESET)
</UL>
<P><STRONG><a name="[36]"></a>SPI2_IRQHandler</STRONG> (Thumb, 0 bytes, Stack size 0 bytes, startup_stm32f407xx.o(.text))
<BR>[Address Reference Count : 1]<UL><LI> startup_stm32f407xx.o(RESET)
</UL>
<P><STRONG><a name="[45]"></a>SPI3_IRQHandler</STRONG> (Thumb, 0 bytes, Stack size 0 bytes, startup_stm32f407xx.o(.text))
<BR>[Address Reference Count : 1]<UL><LI> startup_stm32f407xx.o(RESET)
</UL>
<P><STRONG><a name="[14]"></a>TAMP_STAMP_IRQHandler</STRONG> (Thumb, 0 bytes, Stack size 0 bytes, startup_stm32f407xx.o(.text))
<BR>[Address Reference Count : 1]<UL><LI> startup_stm32f407xx.o(RESET)
</UL>
<P><STRONG><a name="[2a]"></a>TIM1_BRK_TIM9_IRQHandler</STRONG> (Thumb, 0 bytes, Stack size 0 bytes, startup_stm32f407xx.o(.text))
<BR>[Address Reference Count : 1]<UL><LI> startup_stm32f407xx.o(RESET)
</UL>
<P><STRONG><a name="[2d]"></a>TIM1_CC_IRQHandler</STRONG> (Thumb, 0 bytes, Stack size 0 bytes, startup_stm32f407xx.o(.text))
<BR>[Address Reference Count : 1]<UL><LI> startup_stm32f407xx.o(RESET)
</UL>
<P><STRONG><a name="[2c]"></a>TIM1_TRG_COM_TIM11_IRQHandler</STRONG> (Thumb, 0 bytes, Stack size 0 bytes, startup_stm32f407xx.o(.text))
<BR>[Address Reference Count : 1]<UL><LI> startup_stm32f407xx.o(RESET)
</UL>
<P><STRONG><a name="[2b]"></a>TIM1_UP_TIM10_IRQHandler</STRONG> (Thumb, 0 bytes, Stack size 0 bytes, startup_stm32f407xx.o(.text))
<BR>[Address Reference Count : 1]<UL><LI> startup_stm32f407xx.o(RESET)
</UL>
<P><STRONG><a name="[2e]"></a>TIM2_IRQHandler</STRONG> (Thumb, 0 bytes, Stack size 0 bytes, startup_stm32f407xx.o(.text))
<BR>[Address Reference Count : 1]<UL><LI> startup_stm32f407xx.o(RESET)
</UL>
<P><STRONG><a name="[2f]"></a>TIM3_IRQHandler</STRONG> (Thumb, 0 bytes, Stack size 0 bytes, startup_stm32f407xx.o(.text))
<BR>[Address Reference Count : 1]<UL><LI> startup_stm32f407xx.o(RESET)
</UL>
<P><STRONG><a name="[30]"></a>TIM4_IRQHandler</STRONG> (Thumb, 0 bytes, Stack size 0 bytes, startup_stm32f407xx.o(.text))
<BR>[Address Reference Count : 1]<UL><LI> startup_stm32f407xx.o(RESET)
</UL>
<P><STRONG><a name="[44]"></a>TIM5_IRQHandler</STRONG> (Thumb, 0 bytes, Stack size 0 bytes, startup_stm32f407xx.o(.text))
<BR>[Address Reference Count : 1]<UL><LI> startup_stm32f407xx.o(RESET)
</UL>
<P><STRONG><a name="[48]"></a>TIM6_DAC_IRQHandler</STRONG> (Thumb, 0 bytes, Stack size 0 bytes, startup_stm32f407xx.o(.text))
<BR>[Address Reference Count : 1]<UL><LI> startup_stm32f407xx.o(RESET)
</UL>
<P><STRONG><a name="[49]"></a>TIM7_IRQHandler</STRONG> (Thumb, 0 bytes, Stack size 0 bytes, startup_stm32f407xx.o(.text))
<BR>[Address Reference Count : 1]<UL><LI> startup_stm32f407xx.o(RESET)
</UL>
<P><STRONG><a name="[3d]"></a>TIM8_BRK_TIM12_IRQHandler</STRONG> (Thumb, 0 bytes, Stack size 0 bytes, startup_stm32f407xx.o(.text))
<BR>[Address Reference Count : 1]<UL><LI> startup_stm32f407xx.o(RESET)
</UL>
<P><STRONG><a name="[40]"></a>TIM8_CC_IRQHandler</STRONG> (Thumb, 0 bytes, Stack size 0 bytes, startup_stm32f407xx.o(.text))
<BR>[Address Reference Count : 1]<UL><LI> startup_stm32f407xx.o(RESET)
</UL>
<P><STRONG><a name="[3f]"></a>TIM8_TRG_COM_TIM14_IRQHandler</STRONG> (Thumb, 0 bytes, Stack size 0 bytes, startup_stm32f407xx.o(.text))
<BR>[Address Reference Count : 1]<UL><LI> startup_stm32f407xx.o(RESET)
</UL>
<P><STRONG><a name="[3e]"></a>TIM8_UP_TIM13_IRQHandler</STRONG> (Thumb, 0 bytes, Stack size 0 bytes, startup_stm32f407xx.o(.text))
<BR>[Address Reference Count : 1]<UL><LI> startup_stm32f407xx.o(RESET)
</UL>
<P><STRONG><a name="[37]"></a>USART1_IRQHandler</STRONG> (Thumb, 0 bytes, Stack size 0 bytes, startup_stm32f407xx.o(.text))
<BR>[Address Reference Count : 1]<UL><LI> startup_stm32f407xx.o(RESET)
</UL>
<P><STRONG><a name="[38]"></a>USART2_IRQHandler</STRONG> (Thumb, 0 bytes, Stack size 0 bytes, startup_stm32f407xx.o(.text))
<BR>[Address Reference Count : 1]<UL><LI> startup_stm32f407xx.o(RESET)
</UL>
<P><STRONG><a name="[39]"></a>USART3_IRQHandler</STRONG> (Thumb, 0 bytes, Stack size 0 bytes, startup_stm32f407xx.o(.text))
<BR>[Address Reference Count : 1]<UL><LI> startup_stm32f407xx.o(RESET)
</UL>
<P><STRONG><a name="[59]"></a>USART6_IRQHandler</STRONG> (Thumb, 0 bytes, Stack size 0 bytes, startup_stm32f407xx.o(.text))
<BR>[Address Reference Count : 1]<UL><LI> startup_stm32f407xx.o(RESET)
</UL>
<P><STRONG><a name="[12]"></a>WWDG_IRQHandler</STRONG> (Thumb, 0 bytes, Stack size 0 bytes, startup_stm32f407xx.o(.text))
<BR>[Address Reference Count : 1]<UL><LI> startup_stm32f407xx.o(RESET)
</UL>
<P><STRONG><a name="[10a]"></a>__user_initial_stackheap</STRONG> (Thumb, 0 bytes, Stack size unknown bytes, startup_stm32f407xx.o(.text))
<BR><BR>[Called By]<UL><LI><a href="#[e1]">&gt;&gt;</a>&nbsp;&nbsp;&nbsp;__user_setup_stackheap
</UL>

<P><STRONG><a name="[1ae]"></a>OS_CPU_SR_Save</STRONG> (Thumb, 0 bytes, Stack size unknown bytes, os_cpu_a.o(.text))
<BR><BR>[Called By]<UL><LI><a href="#[121]">&gt;&gt;</a>&nbsp;&nbsp;&nbsp;SeqQueue_Delete
<LI><a href="#[119]">&gt;&gt;</a>&nbsp;&nbsp;&nbsp;OSTimeDly
<LI><a href="#[11f]">&gt;&gt;</a>&nbsp;&nbsp;&nbsp;OSTaskCreateExt
<LI><a href="#[b1]">&gt;&gt;</a>&nbsp;&nbsp;&nbsp;_mutex_acquire
<LI><a href="#[1fe]">&gt;&gt;</a>&nbsp;&nbsp;&nbsp;tx_p_map_serach
<LI><a href="#[217]">&gt;&gt;</a>&nbsp;&nbsp;&nbsp;tx_p_map_modify
<LI><a href="#[1f8]">&gt;&gt;</a>&nbsp;&nbsp;&nbsp;tx_p_map_insert
<LI><a href="#[1fd]">&gt;&gt;</a>&nbsp;&nbsp;&nbsp;tx_p_map_del
<LI><a href="#[219]">&gt;&gt;</a>&nbsp;&nbsp;&nbsp;rx_p_map_serach
<LI><a href="#[21c]">&gt;&gt;</a>&nbsp;&nbsp;&nbsp;rx_p_map_older
<LI><a href="#[21b]">&gt;&gt;</a>&nbsp;&nbsp;&nbsp;rx_p_map_insert
<LI><a href="#[216]">&gt;&gt;</a>&nbsp;&nbsp;&nbsp;rx_p_map_error
<LI><a href="#[215]">&gt;&gt;</a>&nbsp;&nbsp;&nbsp;rx_p_map_del_outdated
<LI><a href="#[1ff]">&gt;&gt;</a>&nbsp;&nbsp;&nbsp;rx_p_map_del
<LI><a href="#[21a]">&gt;&gt;</a>&nbsp;&nbsp;&nbsp;packet_q_Enter
<LI><a href="#[239]">&gt;&gt;</a>&nbsp;&nbsp;&nbsp;packet_q_Delete
<LI><a href="#[211]">&gt;&gt;</a>&nbsp;&nbsp;&nbsp;pack_map_serach
<LI><a href="#[21d]">&gt;&gt;</a>&nbsp;&nbsp;&nbsp;pack_map_insert
<LI><a href="#[212]">&gt;&gt;</a>&nbsp;&nbsp;&nbsp;pack_map_del
<LI><a href="#[1ee]">&gt;&gt;</a>&nbsp;&nbsp;&nbsp;frame_q_Enter
<LI><a href="#[21f]">&gt;&gt;</a>&nbsp;&nbsp;&nbsp;frame_q_Delete
<LI><a href="#[1e8]">&gt;&gt;</a>&nbsp;&nbsp;&nbsp;ack_map_serach
<LI><a href="#[1e6]">&gt;&gt;</a>&nbsp;&nbsp;&nbsp;ack_map_insert
<LI><a href="#[1e1]">&gt;&gt;</a>&nbsp;&nbsp;&nbsp;ack_map_del
<LI><a href="#[213]">&gt;&gt;</a>&nbsp;&nbsp;&nbsp;expect_packet_tree_post
<LI><a href="#[210]">&gt;&gt;</a>&nbsp;&nbsp;&nbsp;expect_packet_tree_pend
<LI><a href="#[c0]">&gt;&gt;</a>&nbsp;&nbsp;&nbsp;uart6_rx_frame
<LI><a href="#[1d3]">&gt;&gt;</a>&nbsp;&nbsp;&nbsp;OSTimeGet
<LI><a href="#[1ba]">&gt;&gt;</a>&nbsp;&nbsp;&nbsp;OSSemPost
<LI><a href="#[1b7]">&gt;&gt;</a>&nbsp;&nbsp;&nbsp;OSSemPend
<LI><a href="#[1b4]">&gt;&gt;</a>&nbsp;&nbsp;&nbsp;OSSemDel
<LI><a href="#[1b2]">&gt;&gt;</a>&nbsp;&nbsp;&nbsp;OSSemCreate
<LI><a href="#[11]">&gt;&gt;</a>&nbsp;&nbsp;&nbsp;SysTick_Handler
<LI><a href="#[1c4]">&gt;&gt;</a>&nbsp;&nbsp;&nbsp;OSTaskDel
<LI><a href="#[1d1]">&gt;&gt;</a>&nbsp;&nbsp;&nbsp;OSTaskSuspend
<LI><a href="#[1d0]">&gt;&gt;</a>&nbsp;&nbsp;&nbsp;OSTaskStkChk
<LI><a href="#[1cb]">&gt;&gt;</a>&nbsp;&nbsp;&nbsp;OSTaskNameSet
<LI><a href="#[8f]">&gt;&gt;</a>&nbsp;&nbsp;&nbsp;OS_TaskStat
<LI><a href="#[8e]">&gt;&gt;</a>&nbsp;&nbsp;&nbsp;OS_TaskIdle
<LI><a href="#[1c1]">&gt;&gt;</a>&nbsp;&nbsp;&nbsp;OS_TCBInit
<LI><a href="#[1b6]">&gt;&gt;</a>&nbsp;&nbsp;&nbsp;OS_Sched
<LI><a href="#[1d4]">&gt;&gt;</a>&nbsp;&nbsp;&nbsp;OSTimeTick
<LI><a href="#[1ad]">&gt;&gt;</a>&nbsp;&nbsp;&nbsp;OSIntExit
</UL>

<P><STRONG><a name="[1b1]"></a>OS_CPU_SR_Restore</STRONG> (Thumb, 0 bytes, Stack size unknown bytes, os_cpu_a.o(.text))
<BR><BR>[Called By]<UL><LI><a href="#[121]">&gt;&gt;</a>&nbsp;&nbsp;&nbsp;SeqQueue_Delete
<LI><a href="#[119]">&gt;&gt;</a>&nbsp;&nbsp;&nbsp;OSTimeDly
<LI><a href="#[11f]">&gt;&gt;</a>&nbsp;&nbsp;&nbsp;OSTaskCreateExt
<LI><a href="#[b2]">&gt;&gt;</a>&nbsp;&nbsp;&nbsp;_mutex_release
<LI><a href="#[1fe]">&gt;&gt;</a>&nbsp;&nbsp;&nbsp;tx_p_map_serach
<LI><a href="#[217]">&gt;&gt;</a>&nbsp;&nbsp;&nbsp;tx_p_map_modify
<LI><a href="#[1f8]">&gt;&gt;</a>&nbsp;&nbsp;&nbsp;tx_p_map_insert
<LI><a href="#[1fd]">&gt;&gt;</a>&nbsp;&nbsp;&nbsp;tx_p_map_del
<LI><a href="#[219]">&gt;&gt;</a>&nbsp;&nbsp;&nbsp;rx_p_map_serach
<LI><a href="#[21c]">&gt;&gt;</a>&nbsp;&nbsp;&nbsp;rx_p_map_older
<LI><a href="#[21b]">&gt;&gt;</a>&nbsp;&nbsp;&nbsp;rx_p_map_insert
<LI><a href="#[216]">&gt;&gt;</a>&nbsp;&nbsp;&nbsp;rx_p_map_error
<LI><a href="#[215]">&gt;&gt;</a>&nbsp;&nbsp;&nbsp;rx_p_map_del_outdated
<LI><a href="#[1ff]">&gt;&gt;</a>&nbsp;&nbsp;&nbsp;rx_p_map_del
<LI><a href="#[21a]">&gt;&gt;</a>&nbsp;&nbsp;&nbsp;packet_q_Enter
<LI><a href="#[239]">&gt;&gt;</a>&nbsp;&nbsp;&nbsp;packet_q_Delete
<LI><a href="#[211]">&gt;&gt;</a>&nbsp;&nbsp;&nbsp;pack_map_serach
<LI><a href="#[21d]">&gt;&gt;</a>&nbsp;&nbsp;&nbsp;pack_map_insert
<LI><a href="#[212]">&gt;&gt;</a>&nbsp;&nbsp;&nbsp;pack_map_del
<LI><a href="#[1ee]">&gt;&gt;</a>&nbsp;&nbsp;&nbsp;frame_q_Enter
<LI><a href="#[21f]">&gt;&gt;</a>&nbsp;&nbsp;&nbsp;frame_q_Delete
<LI><a href="#[1e8]">&gt;&gt;</a>&nbsp;&nbsp;&nbsp;ack_map_serach
<LI><a href="#[1e6]">&gt;&gt;</a>&nbsp;&nbsp;&nbsp;ack_map_insert
<LI><a href="#[1e1]">&gt;&gt;</a>&nbsp;&nbsp;&nbsp;ack_map_del
<LI><a href="#[213]">&gt;&gt;</a>&nbsp;&nbsp;&nbsp;expect_packet_tree_post
<LI><a href="#[210]">&gt;&gt;</a>&nbsp;&nbsp;&nbsp;expect_packet_tree_pend
<LI><a href="#[c0]">&gt;&gt;</a>&nbsp;&nbsp;&nbsp;uart6_rx_frame
<LI><a href="#[1d3]">&gt;&gt;</a>&nbsp;&nbsp;&nbsp;OSTimeGet
<LI><a href="#[1ba]">&gt;&gt;</a>&nbsp;&nbsp;&nbsp;OSSemPost
<LI><a href="#[1b7]">&gt;&gt;</a>&nbsp;&nbsp;&nbsp;OSSemPend
<LI><a href="#[1b4]">&gt;&gt;</a>&nbsp;&nbsp;&nbsp;OSSemDel
<LI><a href="#[1b2]">&gt;&gt;</a>&nbsp;&nbsp;&nbsp;OSSemCreate
<LI><a href="#[11]">&gt;&gt;</a>&nbsp;&nbsp;&nbsp;SysTick_Handler
<LI><a href="#[1c4]">&gt;&gt;</a>&nbsp;&nbsp;&nbsp;OSTaskDel
<LI><a href="#[1d1]">&gt;&gt;</a>&nbsp;&nbsp;&nbsp;OSTaskSuspend
<LI><a href="#[1d0]">&gt;&gt;</a>&nbsp;&nbsp;&nbsp;OSTaskStkChk
<LI><a href="#[1cb]">&gt;&gt;</a>&nbsp;&nbsp;&nbsp;OSTaskNameSet
<LI><a href="#[8f]">&gt;&gt;</a>&nbsp;&nbsp;&nbsp;OS_TaskStat
<LI><a href="#[8e]">&gt;&gt;</a>&nbsp;&nbsp;&nbsp;OS_TaskIdle
<LI><a href="#[1c1]">&gt;&gt;</a>&nbsp;&nbsp;&nbsp;OS_TCBInit
<LI><a href="#[1b6]">&gt;&gt;</a>&nbsp;&nbsp;&nbsp;OS_Sched
<LI><a href="#[1d4]">&gt;&gt;</a>&nbsp;&nbsp;&nbsp;OSTimeTick
<LI><a href="#[1ad]">&gt;&gt;</a>&nbsp;&nbsp;&nbsp;OSIntExit
</UL>

<P><STRONG><a name="[1bc]"></a>OSStartHighRdy</STRONG> (Thumb, 0 bytes, Stack size unknown bytes, os_cpu_a.o(.text))
<BR><BR>[Called By]<UL><LI><a href="#[1bb]">&gt;&gt;</a>&nbsp;&nbsp;&nbsp;OSStart
</UL>

<P><STRONG><a name="[1d7]"></a>OSCtxSw</STRONG> (Thumb, 0 bytes, Stack size unknown bytes, os_cpu_a.o(.text))
<BR><BR>[Called By]<UL><LI><a href="#[1b6]">&gt;&gt;</a>&nbsp;&nbsp;&nbsp;OS_Sched
</UL>

<P><STRONG><a name="[1b0]"></a>OSIntCtxSw</STRONG> (Thumb, 0 bytes, Stack size unknown bytes, os_cpu_a.o(.text))
<BR><BR>[Called By]<UL><LI><a href="#[1ad]">&gt;&gt;</a>&nbsp;&nbsp;&nbsp;OSIntExit
</UL>

<P><STRONG><a name="[10]"></a>PendSV_Handler</STRONG> (Thumb, 0 bytes, Stack size unknown bytes, os_cpu_a.o(.text))
<BR>[Address Reference Count : 1]<UL><LI> startup_stm32f407xx.o(RESET)
</UL>
<P><STRONG><a name="[282]"></a>__I$use$semihosting</STRONG> (Thumb, 0 bytes, Stack size 0 bytes, use_no_semi.o(.text), UNUSED)

<P><STRONG><a name="[283]"></a>__use_no_semihosting_swi</STRONG> (Thumb, 2 bytes, Stack size 0 bytes, use_no_semi.o(.text), UNUSED)

<P><STRONG><a name="[eb]"></a>_malloc_internal</STRONG> (Thumb, 130 bytes, Stack size 24 bytes, h1_alloc_mt.o(.text))
<BR><BR>[Stack]<UL><LI>Max Depth = 72 + Unknown Stack Size
<LI>Call Chain = _malloc_internal &rArr; __Heap_Full &rArr; __Heap_ProvideMemory &rArr; _free_internal &rArr; _mutex_acquire
</UL>
<BR>[Calls]<UL><LI><a href="#[b2]">&gt;&gt;</a>&nbsp;&nbsp;&nbsp;_mutex_release
<LI><a href="#[b1]">&gt;&gt;</a>&nbsp;&nbsp;&nbsp;_mutex_acquire
<LI><a href="#[ed]">&gt;&gt;</a>&nbsp;&nbsp;&nbsp;__Heap_Full
<LI><a href="#[ec]">&gt;&gt;</a>&nbsp;&nbsp;&nbsp;Heap1_SizeAdjust
</UL>
<BR>[Called By]<UL><LI><a href="#[ee]">&gt;&gt;</a>&nbsp;&nbsp;&nbsp;malloc
</UL>

<P><STRONG><a name="[ee]"></a>malloc</STRONG> (Thumb, 20 bytes, Stack size 8 bytes, h1_alloc_mt.o(.text))
<BR><BR>[Stack]<UL><LI>Max Depth = 80 + Unknown Stack Size
<LI>Call Chain = malloc &rArr; _malloc_internal &rArr; __Heap_Full &rArr; __Heap_ProvideMemory &rArr; _free_internal &rArr; _mutex_acquire
</UL>
<BR>[Calls]<UL><LI><a href="#[ef]">&gt;&gt;</a>&nbsp;&nbsp;&nbsp;__rt_heap_descriptor
<LI><a href="#[eb]">&gt;&gt;</a>&nbsp;&nbsp;&nbsp;_malloc_internal
</UL>
<BR>[Called By]<UL><LI><a href="#[24e]">&gt;&gt;</a>&nbsp;&nbsp;&nbsp;writable_io_new
<LI><a href="#[23d]">&gt;&gt;</a>&nbsp;&nbsp;&nbsp;readable_io_new
<LI><a href="#[20c]">&gt;&gt;</a>&nbsp;&nbsp;&nbsp;ws2812b_new
<LI><a href="#[230]">&gt;&gt;</a>&nbsp;&nbsp;&nbsp;itf_00040030_new
<LI><a href="#[22f]">&gt;&gt;</a>&nbsp;&nbsp;&nbsp;itf_00040020_new
<LI><a href="#[22e]">&gt;&gt;</a>&nbsp;&nbsp;&nbsp;itf_00040010_new
<LI><a href="#[22d]">&gt;&gt;</a>&nbsp;&nbsp;&nbsp;itf_00040001_new
<LI><a href="#[22c]">&gt;&gt;</a>&nbsp;&nbsp;&nbsp;itf_00040000_new
<LI><a href="#[24a]">&gt;&gt;</a>&nbsp;&nbsp;&nbsp;uart_transpond_new
<LI><a href="#[187]">&gt;&gt;</a>&nbsp;&nbsp;&nbsp;Itf_00050000_new
<LI><a href="#[227]">&gt;&gt;</a>&nbsp;&nbsp;&nbsp;itf_00030001_new
<LI><a href="#[226]">&gt;&gt;</a>&nbsp;&nbsp;&nbsp;itf_00030000_new
<LI><a href="#[224]">&gt;&gt;</a>&nbsp;&nbsp;&nbsp;itf_00020001_new
<LI><a href="#[225]">&gt;&gt;</a>&nbsp;&nbsp;&nbsp;itf_00020000_new
<LI><a href="#[22b]">&gt;&gt;</a>&nbsp;&nbsp;&nbsp;itf_00000040_new
<LI><a href="#[231]">&gt;&gt;</a>&nbsp;&nbsp;&nbsp;itf_01000c60_new
<LI><a href="#[122]">&gt;&gt;</a>&nbsp;&nbsp;&nbsp;BytesBufferNode_Destroy
<LI><a href="#[150]">&gt;&gt;</a>&nbsp;&nbsp;&nbsp;Firmware_ReportEvent
<LI><a href="#[1a2]">&gt;&gt;</a>&nbsp;&nbsp;&nbsp;my_malloc
<LI><a href="#[ae]">&gt;&gt;</a>&nbsp;&nbsp;&nbsp;rtn_and_free
<LI><a href="#[ac]">&gt;&gt;</a>&nbsp;&nbsp;&nbsp;rtn_and_free
<LI><a href="#[7a]">&gt;&gt;</a>&nbsp;&nbsp;&nbsp;send
<LI><a href="#[78]">&gt;&gt;</a>&nbsp;&nbsp;&nbsp;packet_parse
<LI><a href="#[c4]">&gt;&gt;</a>&nbsp;&nbsp;&nbsp;pack_rev_check
<LI><a href="#[147]">&gt;&gt;</a>&nbsp;&nbsp;&nbsp;New_BytesBufferNode
<LI><a href="#[155]">&gt;&gt;</a>&nbsp;&nbsp;&nbsp;New_McuReset_Send
<LI><a href="#[156]">&gt;&gt;</a>&nbsp;&nbsp;&nbsp;New_McuReset_Return
<LI><a href="#[14a]">&gt;&gt;</a>&nbsp;&nbsp;&nbsp;New_FirmWareVersionGet_Send
<LI><a href="#[14b]">&gt;&gt;</a>&nbsp;&nbsp;&nbsp;New_FirmWareVersionGet_Return
<LI><a href="#[152]">&gt;&gt;</a>&nbsp;&nbsp;&nbsp;New_FirmWareTransmitFile_Send
<LI><a href="#[153]">&gt;&gt;</a>&nbsp;&nbsp;&nbsp;New_FirmWareTransmitFile_Return
<LI><a href="#[157]">&gt;&gt;</a>&nbsp;&nbsp;&nbsp;New_FirmWareReadyEvent_Send
<LI><a href="#[14d]">&gt;&gt;</a>&nbsp;&nbsp;&nbsp;New_FirmWareConfig_Send
<LI><a href="#[14e]">&gt;&gt;</a>&nbsp;&nbsp;&nbsp;New_FirmWareConfig_Return
</UL>

<P><STRONG><a name="[f0]"></a>_free_internal</STRONG> (Thumb, 98 bytes, Stack size 16 bytes, h1_free_mt.o(.text))
<BR><BR>[Stack]<UL><LI>Max Depth = 24 + Unknown Stack Size
<LI>Call Chain = _free_internal &rArr; _mutex_acquire
</UL>
<BR>[Calls]<UL><LI><a href="#[b2]">&gt;&gt;</a>&nbsp;&nbsp;&nbsp;_mutex_release
<LI><a href="#[b1]">&gt;&gt;</a>&nbsp;&nbsp;&nbsp;_mutex_acquire
</UL>
<BR>[Called By]<UL><LI><a href="#[f1]">&gt;&gt;</a>&nbsp;&nbsp;&nbsp;free
<LI><a href="#[fe]">&gt;&gt;</a>&nbsp;&nbsp;&nbsp;__Heap_ProvideMemory
</UL>

<P><STRONG><a name="[f1]"></a>free</STRONG> (Thumb, 20 bytes, Stack size 8 bytes, h1_free_mt.o(.text))
<BR><BR>[Stack]<UL><LI>Max Depth = 32 + Unknown Stack Size
<LI>Call Chain = free &rArr; _free_internal &rArr; _mutex_acquire
</UL>
<BR>[Calls]<UL><LI><a href="#[ef]">&gt;&gt;</a>&nbsp;&nbsp;&nbsp;__rt_heap_descriptor
<LI><a href="#[f0]">&gt;&gt;</a>&nbsp;&nbsp;&nbsp;_free_internal
</UL>
<BR>[Called By]<UL><LI><a href="#[149]">&gt;&gt;</a>&nbsp;&nbsp;&nbsp;FirmWare_Excute
<LI><a href="#[122]">&gt;&gt;</a>&nbsp;&nbsp;&nbsp;BytesBufferNode_Destroy
<LI><a href="#[150]">&gt;&gt;</a>&nbsp;&nbsp;&nbsp;Firmware_ReportEvent
<LI><a href="#[205]">&gt;&gt;</a>&nbsp;&nbsp;&nbsp;my_free
<LI><a href="#[af]">&gt;&gt;</a>&nbsp;&nbsp;&nbsp;rtn_and_free
<LI><a href="#[a4]">&gt;&gt;</a>&nbsp;&nbsp;&nbsp;rtn_and_free
<LI><a href="#[a0]">&gt;&gt;</a>&nbsp;&nbsp;&nbsp;rtn_and_free
<LI><a href="#[a8]">&gt;&gt;</a>&nbsp;&nbsp;&nbsp;rtn_and_free
<LI><a href="#[aa]">&gt;&gt;</a>&nbsp;&nbsp;&nbsp;rtn_and_free
<LI><a href="#[a6]">&gt;&gt;</a>&nbsp;&nbsp;&nbsp;rtn_and_free
<LI><a href="#[a2]">&gt;&gt;</a>&nbsp;&nbsp;&nbsp;rtn_and_free
<LI><a href="#[ae]">&gt;&gt;</a>&nbsp;&nbsp;&nbsp;rtn_and_free
<LI><a href="#[ac]">&gt;&gt;</a>&nbsp;&nbsp;&nbsp;rtn_and_free
<LI><a href="#[9c]">&gt;&gt;</a>&nbsp;&nbsp;&nbsp;rtn_and_free
<LI><a href="#[7a]">&gt;&gt;</a>&nbsp;&nbsp;&nbsp;send
<LI><a href="#[20e]">&gt;&gt;</a>&nbsp;&nbsp;&nbsp;content_del
<LI><a href="#[c4]">&gt;&gt;</a>&nbsp;&nbsp;&nbsp;pack_rev_check
<LI><a href="#[9e]">&gt;&gt;</a>&nbsp;&nbsp;&nbsp;rtn_and_free
<LI><a href="#[1d9]">&gt;&gt;</a>&nbsp;&nbsp;&nbsp;ds_free
<LI><a href="#[13a]">&gt;&gt;</a>&nbsp;&nbsp;&nbsp;Delete_McuReset_Send
<LI><a href="#[139]">&gt;&gt;</a>&nbsp;&nbsp;&nbsp;Delete_McuReset_Return
<LI><a href="#[138]">&gt;&gt;</a>&nbsp;&nbsp;&nbsp;Delete_FirmWareVersionGet_Send
<LI><a href="#[137]">&gt;&gt;</a>&nbsp;&nbsp;&nbsp;Delete_FirmWareVersionGet_Return
<LI><a href="#[136]">&gt;&gt;</a>&nbsp;&nbsp;&nbsp;Delete_FirmWareTransmitFile_Send
<LI><a href="#[135]">&gt;&gt;</a>&nbsp;&nbsp;&nbsp;Delete_FirmWareTransmitFile_Return
<LI><a href="#[134]">&gt;&gt;</a>&nbsp;&nbsp;&nbsp;Delete_FirmWareReadyEvent_Send
<LI><a href="#[133]">&gt;&gt;</a>&nbsp;&nbsp;&nbsp;Delete_FirmWareConfig_Send
<LI><a href="#[132]">&gt;&gt;</a>&nbsp;&nbsp;&nbsp;Delete_FirmWareConfig_Return
</UL>

<P><STRONG><a name="[f2]"></a>__2printf</STRONG> (Thumb, 20 bytes, Stack size 24 bytes, noretval__2printf.o(.text))
<BR><BR>[Stack]<UL><LI>Max Depth = 128 + Unknown Stack Size
<LI>Call Chain = __2printf &rArr; _printf_char_file &rArr; _printf_char_common &rArr; __printf
</UL>
<BR>[Calls]<UL><LI><a href="#[f3]">&gt;&gt;</a>&nbsp;&nbsp;&nbsp;_printf_char_file
</UL>
<BR>[Called By]<UL><LI><a href="#[233]">&gt;&gt;</a>&nbsp;&nbsp;&nbsp;my_main
<LI><a href="#[c1]">&gt;&gt;</a>&nbsp;&nbsp;&nbsp;uart_rev_thread
<LI><a href="#[9a]">&gt;&gt;</a>&nbsp;&nbsp;&nbsp;io_change_thread
<LI><a href="#[b7]">&gt;&gt;</a>&nbsp;&nbsp;&nbsp;power_listen_thread
<LI><a href="#[b6]">&gt;&gt;</a>&nbsp;&nbsp;&nbsp;power_ctrl
<LI><a href="#[208]">&gt;&gt;</a>&nbsp;&nbsp;&nbsp;cmd_run
<LI><a href="#[1e5]">&gt;&gt;</a>&nbsp;&nbsp;&nbsp;bus_os_post_sem
<LI><a href="#[1e4]">&gt;&gt;</a>&nbsp;&nbsp;&nbsp;bus_os_pend_sem
<LI><a href="#[74]">&gt;&gt;</a>&nbsp;&nbsp;&nbsp;Async_task
<LI><a href="#[1f5]">&gt;&gt;</a>&nbsp;&nbsp;&nbsp;ws_led_cmd_run
<LI><a href="#[1f4]">&gt;&gt;</a>&nbsp;&nbsp;&nbsp;uart_transpond_cmd_run
<LI><a href="#[1f3]">&gt;&gt;</a>&nbsp;&nbsp;&nbsp;signal_cmd_run
<LI><a href="#[1f1]">&gt;&gt;</a>&nbsp;&nbsp;&nbsp;reboot_pc_cmd
<LI><a href="#[1f2]">&gt;&gt;</a>&nbsp;&nbsp;&nbsp;io_cmd_run
<LI><a href="#[149]">&gt;&gt;</a>&nbsp;&nbsp;&nbsp;FirmWare_Excute
<LI><a href="#[6a]">&gt;&gt;</a>&nbsp;&nbsp;&nbsp;uart6_adapter_init
<LI><a href="#[116]">&gt;&gt;</a>&nbsp;&nbsp;&nbsp;router_list_add
<LI><a href="#[234]">&gt;&gt;</a>&nbsp;&nbsp;&nbsp;malloc_safe_insure
<LI><a href="#[70]">&gt;&gt;</a>&nbsp;&nbsp;&nbsp;bus_ita_func_callback
<LI><a href="#[6f]">&gt;&gt;</a>&nbsp;&nbsp;&nbsp;bus_ita_func_broadcast
<LI><a href="#[1eb]">&gt;&gt;</a>&nbsp;&nbsp;&nbsp;bus_create_thread
<LI><a href="#[110]">&gt;&gt;</a>&nbsp;&nbsp;&nbsp;ad_signal_init
<LI><a href="#[10f]">&gt;&gt;</a>&nbsp;&nbsp;&nbsp;Async_Init
<LI><a href="#[b4]">&gt;&gt;</a>&nbsp;&nbsp;&nbsp;AppTaskStart
<LI><a href="#[196]">&gt;&gt;</a>&nbsp;&nbsp;&nbsp;MS5194T_Init
<LI><a href="#[92]">&gt;&gt;</a>&nbsp;&nbsp;&nbsp;hd_singal_read_32
<LI><a href="#[93]">&gt;&gt;</a>&nbsp;&nbsp;&nbsp;hd_signal_read_two
<LI><a href="#[94]">&gt;&gt;</a>&nbsp;&nbsp;&nbsp;hd_signal_read_array
<LI><a href="#[91]">&gt;&gt;</a>&nbsp;&nbsp;&nbsp;hd_signal_read
<LI><a href="#[95]">&gt;&gt;</a>&nbsp;&nbsp;&nbsp;hd_group_read_by
<LI><a href="#[130]">&gt;&gt;</a>&nbsp;&nbsp;&nbsp;bus_ita_return
<LI><a href="#[ba]">&gt;&gt;</a>&nbsp;&nbsp;&nbsp;run2
<LI><a href="#[b8]">&gt;&gt;</a>&nbsp;&nbsp;&nbsp;run
<LI><a href="#[150]">&gt;&gt;</a>&nbsp;&nbsp;&nbsp;Firmware_ReportEvent
<LI><a href="#[141]">&gt;&gt;</a>&nbsp;&nbsp;&nbsp;FLASH_If_Write
<LI><a href="#[245]">&gt;&gt;</a>&nbsp;&nbsp;&nbsp;ubtf_set_byte_send_function
<LI><a href="#[249]">&gt;&gt;</a>&nbsp;&nbsp;&nbsp;uart_error_handle
<LI><a href="#[b3]">&gt;&gt;</a>&nbsp;&nbsp;&nbsp;_mutex_free
<LI><a href="#[a]">&gt;&gt;</a>&nbsp;&nbsp;&nbsp;HardFault_Handler
<LI><a href="#[1fa]">&gt;&gt;</a>&nbsp;&nbsp;&nbsp;bus_os_del_sem
<LI><a href="#[217]">&gt;&gt;</a>&nbsp;&nbsp;&nbsp;tx_p_map_modify
<LI><a href="#[1f8]">&gt;&gt;</a>&nbsp;&nbsp;&nbsp;tx_p_map_insert
<LI><a href="#[96]">&gt;&gt;</a>&nbsp;&nbsp;&nbsp;rx_packet_thread
<LI><a href="#[21b]">&gt;&gt;</a>&nbsp;&nbsp;&nbsp;rx_p_map_insert
<LI><a href="#[97]">&gt;&gt;</a>&nbsp;&nbsp;&nbsp;packet_callback_thread
<LI><a href="#[21d]">&gt;&gt;</a>&nbsp;&nbsp;&nbsp;pack_map_insert
<LI><a href="#[1a2]">&gt;&gt;</a>&nbsp;&nbsp;&nbsp;my_malloc
<LI><a href="#[158]">&gt;&gt;</a>&nbsp;&nbsp;&nbsp;bus_ita_hb_send
<LI><a href="#[126]">&gt;&gt;</a>&nbsp;&nbsp;&nbsp;bus_for_driver_call
<LI><a href="#[1e6]">&gt;&gt;</a>&nbsp;&nbsp;&nbsp;ack_map_insert
<LI><a href="#[23f]">&gt;&gt;</a>&nbsp;&nbsp;&nbsp;rx_frame_handle
<LI><a href="#[23e]">&gt;&gt;</a>&nbsp;&nbsp;&nbsp;router_handler
<LI><a href="#[214]">&gt;&gt;</a>&nbsp;&nbsp;&nbsp;expect_packet_insert
<LI><a href="#[1fb]">&gt;&gt;</a>&nbsp;&nbsp;&nbsp;expect_packet_del
<LI><a href="#[1f6]">&gt;&gt;</a>&nbsp;&nbsp;&nbsp;create_session_id
<LI><a href="#[1e7]">&gt;&gt;</a>&nbsp;&nbsp;&nbsp;ack_map_post
<LI><a href="#[cd]">&gt;&gt;</a>&nbsp;&nbsp;&nbsp;color_write
<LI><a href="#[cf]">&gt;&gt;</a>&nbsp;&nbsp;&nbsp;color_single_write
<LI><a href="#[ce]">&gt;&gt;</a>&nbsp;&nbsp;&nbsp;color_select_write
<LI><a href="#[7a]">&gt;&gt;</a>&nbsp;&nbsp;&nbsp;send
<LI><a href="#[207]">&gt;&gt;</a>&nbsp;&nbsp;&nbsp;fifo_write
<LI><a href="#[21e]">&gt;&gt;</a>&nbsp;&nbsp;&nbsp;fifo_read
<LI><a href="#[c8]">&gt;&gt;</a>&nbsp;&nbsp;&nbsp;io_write
<LI><a href="#[bc]">&gt;&gt;</a>&nbsp;&nbsp;&nbsp;io_read
<LI><a href="#[155]">&gt;&gt;</a>&nbsp;&nbsp;&nbsp;New_McuReset_Send
<LI><a href="#[156]">&gt;&gt;</a>&nbsp;&nbsp;&nbsp;New_McuReset_Return
<LI><a href="#[14a]">&gt;&gt;</a>&nbsp;&nbsp;&nbsp;New_FirmWareVersionGet_Send
<LI><a href="#[14b]">&gt;&gt;</a>&nbsp;&nbsp;&nbsp;New_FirmWareVersionGet_Return
<LI><a href="#[152]">&gt;&gt;</a>&nbsp;&nbsp;&nbsp;New_FirmWareTransmitFile_Send
<LI><a href="#[153]">&gt;&gt;</a>&nbsp;&nbsp;&nbsp;New_FirmWareTransmitFile_Return
<LI><a href="#[157]">&gt;&gt;</a>&nbsp;&nbsp;&nbsp;New_FirmWareReadyEvent_Send
<LI><a href="#[14d]">&gt;&gt;</a>&nbsp;&nbsp;&nbsp;New_FirmWareConfig_Send
<LI><a href="#[14e]">&gt;&gt;</a>&nbsp;&nbsp;&nbsp;New_FirmWareConfig_Return
</UL>

<P><STRONG><a name="[f4]"></a>__printf</STRONG> (Thumb, 104 bytes, Stack size 24 bytes, __printf.o(.text))
<BR><BR>[Stack]<UL><LI>Max Depth = 24 + Unknown Stack Size
<LI>Call Chain = __printf
</UL>
<BR>[Calls]<UL><LI><a href="#[f5]">&gt;&gt;</a>&nbsp;&nbsp;&nbsp;_printf_percent
</UL>
<BR>[Called By]<UL><LI><a href="#[104]">&gt;&gt;</a>&nbsp;&nbsp;&nbsp;_printf_char_common
</UL>

<P><STRONG><a name="[103]"></a>_printf_str</STRONG> (Thumb, 82 bytes, Stack size 16 bytes, _printf_str.o(.text))
<BR><BR>[Stack]<UL><LI>Max Depth = 16<LI>Call Chain = _printf_str
</UL>
<BR>[Called By]<UL><LI><a href="#[102]">&gt;&gt;</a>&nbsp;&nbsp;&nbsp;_printf_cs_common
</UL>

<P><STRONG><a name="[d5]"></a>_printf_int_dec</STRONG> (Thumb, 104 bytes, Stack size 24 bytes, _printf_dec.o(.text))
<BR><BR>[Stack]<UL><LI>Max Depth = 56<LI>Call Chain = _printf_int_dec &rArr; _printf_int_common
</UL>
<BR>[Calls]<UL><LI><a href="#[f6]">&gt;&gt;</a>&nbsp;&nbsp;&nbsp;_printf_int_common
</UL>
<BR>[Called By]<UL><LI><a href="#[d4]">&gt;&gt;</a>&nbsp;&nbsp;&nbsp;_printf_d
</UL>

<P><STRONG><a name="[d7]"></a>_printf_int_hex</STRONG> (Thumb, 84 bytes, Stack size 16 bytes, _printf_hex_int.o(.text))
<BR><BR>[Stack]<UL><LI>Max Depth = 48<LI>Call Chain = _printf_int_hex &rArr; _printf_int_common
</UL>
<BR>[Calls]<UL><LI><a href="#[f6]">&gt;&gt;</a>&nbsp;&nbsp;&nbsp;_printf_int_common
</UL>
<BR>[Called By]<UL><LI><a href="#[d6]">&gt;&gt;</a>&nbsp;&nbsp;&nbsp;_printf_x
</UL>

<P><STRONG><a name="[284]"></a>_printf_longlong_hex</STRONG> (Thumb, 0 bytes, Stack size 16 bytes, _printf_hex_int.o(.text), UNUSED)

<P><STRONG><a name="[123]"></a>__aeabi_memmove</STRONG> (Thumb, 0 bytes, Stack size 0 bytes, rt_memmove_v6.o(.text))
<BR><BR>[Called By]<UL><LI><a href="#[121]">&gt;&gt;</a>&nbsp;&nbsp;&nbsp;SeqQueue_Delete
<LI><a href="#[6b]">&gt;&gt;</a>&nbsp;&nbsp;&nbsp;uart6_adapter_send
<LI><a href="#[12e]">&gt;&gt;</a>&nbsp;&nbsp;&nbsp;WriteU32
<LI><a href="#[122]">&gt;&gt;</a>&nbsp;&nbsp;&nbsp;BytesBufferNode_Destroy
<LI><a href="#[150]">&gt;&gt;</a>&nbsp;&nbsp;&nbsp;Firmware_ReportEvent
<LI><a href="#[247]">&gt;&gt;</a>&nbsp;&nbsp;&nbsp;ubtf_send_frame
<LI><a href="#[1e0]">&gt;&gt;</a>&nbsp;&nbsp;&nbsp;WriteU16
<LI><a href="#[126]">&gt;&gt;</a>&nbsp;&nbsp;&nbsp;bus_for_driver_call
<LI><a href="#[1f9]">&gt;&gt;</a>&nbsp;&nbsp;&nbsp;bus_simple_send
<LI><a href="#[ae]">&gt;&gt;</a>&nbsp;&nbsp;&nbsp;rtn_and_free
<LI><a href="#[ac]">&gt;&gt;</a>&nbsp;&nbsp;&nbsp;rtn_and_free
<LI><a href="#[7a]">&gt;&gt;</a>&nbsp;&nbsp;&nbsp;send
<LI><a href="#[78]">&gt;&gt;</a>&nbsp;&nbsp;&nbsp;packet_parse
<LI><a href="#[207]">&gt;&gt;</a>&nbsp;&nbsp;&nbsp;fifo_write
<LI><a href="#[21e]">&gt;&gt;</a>&nbsp;&nbsp;&nbsp;fifo_read
<LI><a href="#[147]">&gt;&gt;</a>&nbsp;&nbsp;&nbsp;New_BytesBufferNode
</UL>

<P><STRONG><a name="[f7]"></a>__rt_memmove</STRONG> (Thumb, 132 bytes, Stack size 0 bytes, rt_memmove_v6.o(.text), UNUSED)
<BR><BR>[Calls]<UL><LI><a href="#[f9]">&gt;&gt;</a>&nbsp;&nbsp;&nbsp;__memmove_aligned
<LI><a href="#[f8]">&gt;&gt;</a>&nbsp;&nbsp;&nbsp;__aeabi_memcpy
</UL>

<P><STRONG><a name="[285]"></a>__memmove_lastfew</STRONG> (Thumb, 0 bytes, Stack size unknown bytes, rt_memmove_v6.o(.text), UNUSED)

<P><STRONG><a name="[12f]"></a>__aeabi_memmove4</STRONG> (Thumb, 0 bytes, Stack size 8 bytes, rt_memmove_w.o(.text))
[...]
<LI><a href="#[123]">&gt;&gt;</a>&nbsp;&nbsp;&nbsp;__aeabi_memmove
<LI><a href="#[f2]">&gt;&gt;</a>&nbsp;&nbsp;&nbsp;__2printf
<LI><a href="#[f1]">&gt;&gt;</a>&nbsp;&nbsp;&nbsp;free
<LI><a href="#[ee]">&gt;&gt;</a>&nbsp;&nbsp;&nbsp;malloc
</UL>
<BR>[Address Reference Count : 1]<UL><LI> itf_00050000.o(i.Itf_00050000_new)
</UL>
<P><STRONG><a name="[9b]"></a>packet_parse</STRONG> (Thumb, 8 bytes, Stack size 0 bytes, itf_00000040.o(i.packet_parse))
<BR>[Address Reference Count : 1]<UL><LI> itf_00000040.o(i.itf_00000040_new)
</UL>
<P><STRONG><a name="[9c]"></a>rtn_and_free</STRONG> (Thumb, 36 bytes, Stack size 24 bytes, itf_00000040.o(i.rtn_and_free))
<BR><BR>[Stack]<UL><LI>Max Depth = 296 + Unknown Stack Size
<LI>Call Chain = rtn_and_free &rArr; bus_ita_return &rArr; bus_simple_send &rArr; bus_os_post_sem &rArr; __2printf &rArr; _printf_char_file &rArr; _printf_char_common &rArr; __printf
</UL>
<BR>[Calls]<UL><LI><a href="#[130]">&gt;&gt;</a>&nbsp;&nbsp;&nbsp;bus_ita_return
<LI><a href="#[f1]">&gt;&gt;</a>&nbsp;&nbsp;&nbsp;free
</UL>
<BR>[Address Reference Count : 1]<UL><LI> itf_00000040.o(i.itf_00000040_new)
</UL>
<P><STRONG><a name="[ab]"></a>packet_parse</STRONG> (Thumb, 8 bytes, Stack size 0 bytes, itf_00040020.o(i.packet_parse))
<BR>[Address Reference Count : 1]<UL><LI> itf_00040020.o(i.itf_00040020_new)
</UL>
<P><STRONG><a name="[ac]"></a>rtn_and_free</STRONG> (Thumb, 74 bytes, Stack size 32 bytes, itf_00040020.o(i.rtn_and_free))
<BR><BR>[Stack]<UL><LI>Max Depth = 304 + Unknown Stack Size
<LI>Call Chain = rtn_and_free &rArr; bus_ita_return &rArr; bus_simple_send &rArr; bus_os_post_sem &rArr; __2printf &rArr; _printf_char_file &rArr; _printf_char_common &rArr; __printf
</UL>
<BR>[Calls]<UL><LI><a href="#[130]">&gt;&gt;</a>&nbsp;&nbsp;&nbsp;bus_ita_return
<LI><a href="#[12e]">&gt;&gt;</a>&nbsp;&nbsp;&nbsp;WriteU32
<LI><a href="#[123]">&gt;&gt;</a>&nbsp;&nbsp;&nbsp;__aeabi_memmove
<LI><a href="#[f1]">&gt;&gt;</a>&nbsp;&nbsp;&nbsp;free
<LI><a href="#[ee]">&gt;&gt;</a>&nbsp;&nbsp;&nbsp;malloc
</UL>
<BR>[Address Reference Count : 1]<UL><LI> itf_00040020.o(i.itf_00040020_new)
</UL>
<P><STRONG><a name="[ad]"></a>packet_parse</STRONG> (Thumb, 16 bytes, Stack size 8 bytes, itf_00040030.o(i.packet_parse))
<BR><BR>[Stack]<UL><LI>Max Depth = 8<LI>Call Chain = packet_parse
</UL>
<BR>[Calls]<UL><LI><a href="#[18b]">&gt;&gt;</a>&nbsp;&nbsp;&nbsp;ReadU16
</UL>
<BR>[Address Reference Count : 1]<UL><LI> itf_00040030.o(i.itf_00040030_new)
</UL>
<P><STRONG><a name="[ae]"></a>rtn_and_free</STRONG> (Thumb, 74 bytes, Stack size 32 bytes, itf_00040030.o(i.rtn_and_free))
<BR><BR>[Stack]<UL><LI>Max Depth = 304 + Unknown Stack Size
<LI>Call Chain = rtn_and_free &rArr; bus_ita_return &rArr; bus_simple_send &rArr; bus_os_post_sem &rArr; __2printf &rArr; _printf_char_file &rArr; _printf_char_common &rArr; __printf
</UL>
<BR>[Calls]<UL><LI><a href="#[130]">&gt;&gt;</a>&nbsp;&nbsp;&nbsp;bus_ita_return
<LI><a href="#[12e]">&gt;&gt;</a>&nbsp;&nbsp;&nbsp;WriteU32
<LI><a href="#[123]">&gt;&gt;</a>&nbsp;&nbsp;&nbsp;__aeabi_memmove
<LI><a href="#[f1]">&gt;&gt;</a>&nbsp;&nbsp;&nbsp;free
<LI><a href="#[ee]">&gt;&gt;</a>&nbsp;&nbsp;&nbsp;malloc
</UL>
<BR>[Address Reference Count : 1]<UL><LI> itf_00040030.o(i.itf_00040030_new)
</UL>
<P><STRONG><a name="[a1]"></a>packet_parse</STRONG> (Thumb, 22 bytes, Stack size 8 bytes, itf_00030000.o(i.packet_parse))
<BR><BR>[Stack]<UL><LI>Max Depth = 8<LI>Call Chain = packet_parse
</UL>
<BR>[Calls]<UL><LI><a href="#[18b]">&gt;&gt;</a>&nbsp;&nbsp;&nbsp;ReadU16
</UL>
<BR>[Address Reference Count : 1]<UL><LI> itf_00030000.o(i.itf_00030000_new)
</UL>
<P><STRONG><a name="[a2]"></a>rtn_and_free</STRONG> (Thumb, 36 bytes, Stack size 24 bytes, itf_00030000.o(i.rtn_and_free))
<BR><BR>[Stack]<UL><LI>Max Depth = 296 + Unknown Stack Size
<LI>Call Chain = rtn_and_free &rArr; bus_ita_return &rArr; bus_simple_send &rArr; bus_os_post_sem &rArr; __2printf &rArr; _printf_char_file &rArr; _printf_char_common &rArr; __printf
</UL>
<BR>[Calls]<UL><LI><a href="#[130]">&gt;&gt;</a>&nbsp;&nbsp;&nbsp;bus_ita_return
<LI><a href="#[f1]">&gt;&gt;</a>&nbsp;&nbsp;&nbsp;free
</UL>
<BR>[Address Reference Count : 1]<UL><LI> itf_00030000.o(i.itf_00030000_new)
</UL>
<P><STRONG><a name="[a5]"></a>packet_parse</STRONG> (Thumb, 8 bytes, Stack size 0 bytes, itf_00040000.o(i.packet_parse))
<BR>[Address Reference Count : 1]<UL><LI> itf_00040000.o(i.itf_00040000_new)
</UL>
<P><STRONG><a name="[a6]"></a>rtn_and_free</STRONG> (Thumb, 42 bytes, Stack size 24 bytes, itf_00040000.o(i.rtn_and_free))
<BR><BR>[Stack]<UL><LI>Max Depth = 296 + Unknown Stack Size
<LI>Call Chain = rtn_and_free &rArr; bus_ita_return &rArr; bus_simple_send &rArr; bus_os_post_sem &rArr; __2printf &rArr; _printf_char_file &rArr; _printf_char_common &rArr; __printf
</UL>
<BR>[Calls]<UL><LI><a href="#[130]">&gt;&gt;</a>&nbsp;&nbsp;&nbsp;bus_ita_return
<LI><a href="#[1e0]">&gt;&gt;</a>&nbsp;&nbsp;&nbsp;WriteU16
<LI><a href="#[f1]">&gt;&gt;</a>&nbsp;&nbsp;&nbsp;free
</UL>
<BR>[Address Reference Count : 1]<UL><LI> itf_00040000.o(i.itf_00040000_new)
</UL>
<P><STRONG><a name="[a9]"></a>packet_parse</STRONG> (Thumb, 8 bytes, Stack size 0 bytes, itf_00040010.o(i.packet_parse))
<BR>[Address Reference Count : 1]<UL><LI> itf_00040010.o(i.itf_00040010_new)
</UL>
<P><STRONG><a name="[aa]"></a>rtn_and_free</STRONG> (Thumb, 42 bytes, Stack size 24 bytes, itf_00040010.o(i.rtn_and_free))
<BR><BR>[Stack]<UL><LI>Max Depth = 296 + Unknown Stack Size
<LI>Call Chain = rtn_and_free &rArr; bus_ita_return &rArr; bus_simple_send &rArr; bus_os_post_sem &rArr; __2printf &rArr; _printf_char_file &rArr; _printf_char_common &rArr; __printf
</UL>
<BR>[Calls]<UL><LI><a href="#[130]">&gt;&gt;</a>&nbsp;&nbsp;&nbsp;bus_ita_return
<LI><a href="#[12e]">&gt;&gt;</a>&nbsp;&nbsp;&nbsp;WriteU32
<LI><a href="#[f1]">&gt;&gt;</a>&nbsp;&nbsp;&nbsp;free
</UL>
<BR>[Address Reference Count : 1]<UL><LI> itf_00040010.o(i.itf_00040010_new)
</UL>
<P><STRONG><a name="[a7]"></a>packet_parse</STRONG> (Thumb, 8 bytes, Stack size 0 bytes, itf_00040001.o(i.packet_parse))
<BR>[Address Reference Count : 1]<UL><LI> itf_00040001.o(i.itf_00040001_new)
</UL>
<P><STRONG><a name="[a8]"></a>rtn_and_free</STRONG> (Thumb, 42 bytes, Stack size 24 bytes, itf_00040001.o(i.rtn_and_free))
<BR><BR>[Stack]<UL><LI>Max Depth = 296 + Unknown Stack Size
<LI>Call Chain = rtn_and_free &rArr; bus_ita_return &rArr; bus_simple_send &rArr; bus_os_post_sem &rArr; __2printf &rArr; _printf_char_file &rArr; _printf_char_common &rArr; __printf
</UL>
<BR>[Calls]<UL><LI><a href="#[130]">&gt;&gt;</a>&nbsp;&nbsp;&nbsp;bus_ita_return
<LI><a href="#[12e]">&gt;&gt;</a>&nbsp;&nbsp;&nbsp;WriteU32
<LI><a href="#[f1]">&gt;&gt;</a>&nbsp;&nbsp;&nbsp;free
</UL>
<BR>[Address Reference Count : 1]<UL><LI> itf_00040001.o(i.itf_00040001_new)
</UL>
<P><STRONG><a name="[9f]"></a>packet_parse</STRONG> (Thumb, 22 bytes, Stack size 8 bytes, itf_00020001.o(i.packet_parse))
<BR><BR>[Stack]<UL><LI>Max Depth = 8<LI>Call Chain = packet_parse
</UL>
<BR>[Calls]<UL><LI><a href="#[146]">&gt;&gt;</a>&nbsp;&nbsp;&nbsp;ReadU32
</UL>
<BR>[Address Reference Count : 1]<UL><LI> itf_00020001.o(i.itf_00020001_new)
</UL>
<P><STRONG><a name="[a0]"></a>rtn_and_free</STRONG> (Thumb, 36 bytes, Stack size 24 bytes, itf_00020001.o(i.rtn_and_free))
<BR><BR>[Stack]<UL><LI>Max Depth = 296 + Unknown Stack Size
<LI>Call Chain = rtn_and_free &rArr; bus_ita_return &rArr; bus_simple_send &rArr; bus_os_post_sem &rArr; __2printf &rArr; _printf_char_file &rArr; _printf_char_common &rArr; __printf
</UL>
<BR>[Calls]<UL><LI><a href="#[130]">&gt;&gt;</a>&nbsp;&nbsp;&nbsp;bus_ita_return
<LI><a href="#[f1]">&gt;&gt;</a>&nbsp;&nbsp;&nbsp;free
</UL>
<BR>[Address Reference Count : 1]<UL><LI> itf_00020001.o(i.itf_00020001_new)
</UL>
<P><STRONG><a name="[a3]"></a>packet_parse</STRONG> (Thumb, 28 bytes, Stack size 8 bytes, itf_00030001.o(i.packet_parse))
<BR><BR>[Stack]<UL><LI>Max Depth = 8<LI>Call Chain = packet_parse
</UL>
<BR>[Calls]<UL><LI><a href="#[18b]">&gt;&gt;</a>&nbsp;&nbsp;&nbsp;ReadU16
</UL>
<BR>[Address Reference Count : 1]<UL><LI> itf_00030001.o(i.itf_00030001_new)
</UL>
<P><STRONG><a name="[a4]"></a>rtn_and_free</STRONG> (Thumb, 36 bytes, Stack size 24 bytes, itf_00030001.o(i.rtn_and_free))
<BR><BR>[Stack]<UL><LI>Max Depth = 296 + Unknown Stack Size
<LI>Call Chain = rtn_and_free &rArr; bus_ita_return &rArr; bus_simple_send &rArr; bus_os_post_sem &rArr; __2printf &rArr; _printf_char_file &rArr; _printf_char_common &rArr; __printf
</UL>
<BR>[Calls]<UL><LI><a href="#[130]">&gt;&gt;</a>&nbsp;&nbsp;&nbsp;bus_ita_return
<LI><a href="#[f1]">&gt;&gt;</a>&nbsp;&nbsp;&nbsp;free
</UL>
<BR>[Address Reference Count : 1]<UL><LI> itf_00030001.o(i.itf_00030001_new)
</UL>
<P><STRONG><a name="[af]"></a>rtn_and_free</STRONG> (Thumb, 36 bytes, Stack size 24 bytes, itf_01000c60.o(i.rtn_and_free))
<BR><BR>[Stack]<UL><LI>Max Depth = 296 + Unknown Stack Size
<LI>Call Chain = rtn_and_free &rArr; bus_ita_return &rArr; bus_simple_send &rArr; bus_os_post_sem &rArr; __2printf &rArr; _printf_char_file &rArr; _printf_char_common &rArr; __printf
</UL>
<BR>[Calls]<UL><LI><a href="#[130]">&gt;&gt;</a>&nbsp;&nbsp;&nbsp;bus_ita_return
<LI><a href="#[f1]">&gt;&gt;</a>&nbsp;&nbsp;&nbsp;free
</UL>
<BR>[Address Reference Count : 1]<UL><LI> itf_01000c60.o(i.itf_01000c60_new)
</UL>
<P><STRONG><a name="[ca]"></a>color_all_default_write</STRONG> (Thumb, 6 bytes, Stack size 0 bytes, ws2812b.o(i.color_all_default_write))
<BR>[Address Reference Count : 1]<UL><LI> ws2812b.o(i.ws2812b_new)
</UL>
<P><STRONG><a name="[cb]"></a>color_all_write</STRONG> (Thumb, 38 bytes, Stack size 8 bytes, ws2812b.o(i.color_all_write))
<BR><BR>[Stack]<UL><LI>Max Depth = 8<LI>Call Chain = color_all_write
</UL>
<BR>[Address Reference Count : 1]<UL><LI> ws2812b.o(i.ws2812b_new)
</UL>
<P><STRONG><a name="[cc]"></a>color_extend_write</STRONG> (Thumb, 48 bytes, Stack size 24 bytes, ws2812b.o(i.color_extend_write))
<BR><BR>[Stack]<UL><LI>Max Depth = 72<LI>Call Chain = color_extend_write &rArr; ws2812b_write_color &rArr; ws2812b_write_byte
</UL>
<BR>[Calls]<UL><LI><a href="#[20a]">&gt;&gt;</a>&nbsp;&nbsp;&nbsp;delayUs
<LI><a href="#[209]">&gt;&gt;</a>&nbsp;&nbsp;&nbsp;ws2812b_write_color
</UL>
<BR>[Called By]<UL><LI><a href="#[cd]">&gt;&gt;</a>&nbsp;&nbsp;&nbsp;color_write
<LI><a href="#[cf]">&gt;&gt;</a>&nbsp;&nbsp;&nbsp;color_single_write
<LI><a href="#[ce]">&gt;&gt;</a>&nbsp;&nbsp;&nbsp;color_select_write
</UL>
<BR>[Address Reference Count : 1]<UL><LI> ws2812b.o(i.ws2812b_new)
</UL>
<P><STRONG><a name="[ce]"></a>color_select_write</STRONG> (Thumb, 90 bytes, Stack size 24 bytes, ws2812b.o(i.color_select_write))
<BR><BR>[Stack]<UL><LI>Max Depth = 152 + Unknown Stack Size
<LI>Call Chain = color_select_write &rArr; __2printf &rArr; _printf_char_file &rArr; _printf_char_common &rArr; __printf
</UL>
<BR>[Calls]<UL><LI><a href="#[20d]">&gt;&gt;</a>&nbsp;&nbsp;&nbsp;led_error_write
<LI><a href="#[cc]">&gt;&gt;</a>&nbsp;&nbsp;&nbsp;color_extend_write
<LI><a href="#[f2]">&gt;&gt;</a>&nbsp;&nbsp;&nbsp;__2printf
</UL>
<BR>[Address Reference Count : 1]<UL><LI> ws2812b.o(i.ws2812b_new)
</UL>
<P><STRONG><a name="[cf]"></a>color_single_write</STRONG> (Thumb, 52 bytes, Stack size 16 bytes, ws2812b.o(i.color_single_write))
<BR><BR>[Stack]<UL><LI>Max Depth = 144 + Unknown Stack Size
<LI>Call Chain = color_single_write &rArr; __2printf &rArr; _printf_char_file &rArr; _printf_char_common &rArr; __printf
</UL>
<BR>[Calls]<UL><LI><a href="#[20d]">&gt;&gt;</a>&nbsp;&nbsp;&nbsp;led_error_write
<LI><a href="#[cc]">&gt;&gt;</a>&nbsp;&nbsp;&nbsp;color_extend_write
<LI><a href="#[f2]">&gt;&gt;</a>&nbsp;&nbsp;&nbsp;__2printf
</UL>
<BR>[Address Reference Count : 1]<UL><LI> ws2812b.o(i.ws2812b_new)
</UL>
<P><STRONG><a name="[cd]"></a>color_write</STRONG> (Thumb, 68 bytes, Stack size 8 bytes, ws2812b.o(i.color_write))
<BR><BR>[Stack]<UL><LI>Max Depth = 136 + Unknown Stack Size
<LI>Call Chain = color_write &rArr; __2printf &rArr; _printf_char_file &rArr; _printf_char_common &rArr; __printf
</UL>
<BR>[Calls]<UL><LI><a href="#[20d]">&gt;&gt;</a>&nbsp;&nbsp;&nbsp;led_error_write
<LI><a href="#[cc]">&gt;&gt;</a>&nbsp;&nbsp;&nbsp;color_extend_write
<LI><a href="#[f2]">&gt;&gt;</a>&nbsp;&nbsp;&nbsp;__2printf
</UL>
<BR>[Address Reference Count : 1]<UL><LI> ws2812b.o(i.ws2812b_new)
</UL>
<P><STRONG><a name="[250]"></a>ws2812b_delay</STRONG> (Thumb, 12 bytes, Stack size 0 bytes, ws2812b.o(i.ws2812b_delay))
<BR><BR>[Called By]<UL><LI><a href="#[24f]">&gt;&gt;</a>&nbsp;&nbsp;&nbsp;ws2812b_write_byte
</UL>

<P><STRONG><a name="[24f]"></a>ws2812b_write_byte</STRONG> (Thumb, 82 bytes, Stack size 24 bytes, ws2812b.o(i.ws2812b_write_byte))
<BR><BR>[Stack]<UL><LI>Max Depth = 24<LI>Call Chain = ws2812b_write_byte
</UL>
<BR>[Calls]<UL><LI><a href="#[250]">&gt;&gt;</a>&nbsp;&nbsp;&nbsp;ws2812b_delay
</UL>
<BR>[Called By]<UL><LI><a href="#[209]">&gt;&gt;</a>&nbsp;&nbsp;&nbsp;ws2812b_write_color
</UL>

<P><STRONG><a name="[209]"></a>ws2812b_write_color</STRONG> (Thumb, 40 bytes, Stack size 24 bytes, ws2812b.o(i.ws2812b_write_color))
<BR><BR>[Stack]<UL><LI>Max Depth = 48<LI>Call Chain = ws2812b_write_color &rArr; ws2812b_write_byte
</UL>
<BR>[Calls]<UL><LI><a href="#[24f]">&gt;&gt;</a>&nbsp;&nbsp;&nbsp;ws2812b_write_byte
</UL>
<BR>[Called By]<UL><LI><a href="#[cc]">&gt;&gt;</a>&nbsp;&nbsp;&nbsp;color_extend_write
</UL>

<P><STRONG><a name="[192]"></a>MS5194T_Read24b</STRONG> (Thumb, 68 bytes, Stack size 16 bytes, ms5194t.o(i.MS5194T_Read24b))
<BR><BR>[Stack]<UL><LI>Max Depth = 40 + Unknown Stack Size
<LI>Call Chain = MS5194T_Read24b &rArr; OSTimeDly &rArr; OS_Sched
</UL>
<BR>[Calls]<UL><LI><a href="#[119]">&gt;&gt;</a>&nbsp;&nbsp;&nbsp;OSTimeDly
<LI><a href="#[197]">&gt;&gt;</a>&nbsp;&nbsp;&nbsp;Spi_MS5194T_ReadWriteByte
</UL>
<BR>[Called By]<UL><LI><a href="#[18f]">&gt;&gt;</a>&nbsp;&nbsp;&nbsp;MS5194T_GetData
</UL>

<P><STRONG><a name="[191]"></a>MS5194T_Read8b</STRONG> (Thumb, 40 bytes, Stack size 16 bytes, ms5194t.o(i.MS5194T_Read8b))
<BR><BR>[Stack]<UL><LI>Max Depth = 16<LI>Call Chain = MS5194T_Read8b
</UL>
<BR>[Calls]<UL><LI><a href="#[197]">&gt;&gt;</a>&nbsp;&nbsp;&nbsp;Spi_MS5194T_ReadWriteByte
</UL>
<BR>[Called By]<UL><LI><a href="#[18f]">&gt;&gt;</a>&nbsp;&nbsp;&nbsp;MS5194T_GetData
</UL>

<P><STRONG><a name="[190]"></a>MS5194T_Write16b</STRONG> (Thumb, 48 bytes, Stack size 16 bytes, ms5194t.o(i.MS5194T_Write16b))
<BR><BR>[Stack]<UL><LI>Max Depth = 16<LI>Call Chain = MS5194T_Write16b
</UL>
<BR>[Calls]<UL><LI><a href="#[197]">&gt;&gt;</a>&nbsp;&nbsp;&nbsp;Spi_MS5194T_ReadWriteByte
</UL>
<BR>[Called By]<UL><LI><a href="#[196]">&gt;&gt;</a>&nbsp;&nbsp;&nbsp;MS5194T_Init
<LI><a href="#[18f]">&gt;&gt;</a>&nbsp;&nbsp;&nbsp;MS5194T_GetData
</UL>

<P><STRONG><a name="[197]"></a>Spi_MS5194T_ReadWriteByte</STRONG> (Thumb, 32 bytes, Stack size 0 bytes, ms5194t.o(i.Spi_MS5194T_ReadWriteByte))
<BR><BR>[Called By]<UL><LI><a href="#[196]">&gt;&gt;</a>&nbsp;&nbsp;&nbsp;MS5194T_Init
<LI><a href="#[190]">&gt;&gt;</a>&nbsp;&nbsp;&nbsp;MS5194T_Write16b
<LI><a href="#[191]">&gt;&gt;</a>&nbsp;&nbsp;&nbsp;MS5194T_Read8b
<LI><a href="#[192]">&gt;&gt;</a>&nbsp;&nbsp;&nbsp;MS5194T_Read24b
</UL>

<P><STRONG><a name="[20f]"></a>make_table</STRONG> (Thumb, 64 bytes, Stack size 4 bytes, tool.o(i.make_table))
<BR><BR>[Stack]<UL><LI>Max Depth = 4<LI>Call Chain = make_table
</UL>
<BR>[Called By]<UL><LI><a href="#[154]">&gt;&gt;</a>&nbsp;&nbsp;&nbsp;crc32
</UL>

<P><STRONG><a name="[128]"></a>CheckITStatus</STRONG> (Thumb, 18 bytes, Stack size 0 bytes, candriver.o(i.CheckITStatus))
<BR><BR>[Called By]<UL><LI><a href="#[124]">&gt;&gt;</a>&nbsp;&nbsp;&nbsp;CanDriver_CAN_GetITStatus
</UL>

<P><STRONG><a name="[12b]"></a>gpio_af_config</STRONG> (Thumb, 122 bytes, Stack size 16 bytes, candriver.o(i.gpio_af_config))
<BR><BR>[Stack]<UL><LI>Max Depth = 16<LI>Call Chain = gpio_af_config
</UL>
<BR>[Calls]<UL><LI><a href="#[222]">&gt;&gt;</a>&nbsp;&nbsp;&nbsp;gpio_handle_get
</UL>
<BR>[Called By]<UL><LI><a href="#[129]">&gt;&gt;</a>&nbsp;&nbsp;&nbsp;CanDriver_Can1Init
</UL>

<P><STRONG><a name="[12a]"></a>gpio_config</STRONG> (Thumb, 410 bytes, Stack size 32 bytes, candriver.o(i.gpio_config))
<BR><BR>[Stack]<UL><LI>Max Depth = 32<LI>Call Chain = gpio_config
</UL>
<BR>[Calls]<UL><LI><a href="#[222]">&gt;&gt;</a>&nbsp;&nbsp;&nbsp;gpio_handle_get
</UL>
<BR>[Called By]<UL><LI><a href="#[129]">&gt;&gt;</a>&nbsp;&nbsp;&nbsp;CanDriver_Can1Init
</UL>

<P><STRONG><a name="[222]"></a>gpio_handle_get</STRONG> (Thumb, 110 bytes, Stack size 0 bytes, candriver.o(i.gpio_handle_get))
<BR><BR>[Called By]<UL><LI><a href="#[12a]">&gt;&gt;</a>&nbsp;&nbsp;&nbsp;gpio_config
<LI><a href="#[12b]">&gt;&gt;</a>&nbsp;&nbsp;&nbsp;gpio_af_config
</UL>

<P><STRONG><a name="[12c]"></a>mcu_nvic_set</STRONG> (Thumb, 100 bytes, Stack size 20 bytes, candriver.o(i.mcu_nvic_set))
<BR><BR>[Stack]<UL><LI>Max Depth = 20<LI>Call Chain = mcu_nvic_set
</UL>
<BR>[Called By]<UL><LI><a href="#[129]">&gt;&gt;</a>&nbsp;&nbsp;&nbsp;CanDriver_Can1Init
</UL>

<P><STRONG><a name="[1a8]"></a>OS_InitEventList</STRONG> (Thumb, 84 bytes, Stack size 16 bytes, os_core.o(i.OS_InitEventList))
<BR><BR>[Stack]<UL><LI>Max Depth = 16<LI>Call Chain = OS_InitEventList
</UL>
<BR>[Calls]<UL><LI><a href="#[1d6]">&gt;&gt;</a>&nbsp;&nbsp;&nbsp;OS_MemClr
</UL>
<BR>[Called By]<UL><LI><a href="#[1a3]">&gt;&gt;</a>&nbsp;&nbsp;&nbsp;OSInit
</UL>

<P><STRONG><a name="[1a5]"></a>OS_InitMisc</STRONG> (Thumb, 48 bytes, Stack size 0 bytes, os_core.o(i.OS_InitMisc))
<BR><BR>[Called By]<UL><LI><a href="#[1a3]">&gt;&gt;</a>&nbsp;&nbsp;&nbsp;OSInit
</UL>

<P><STRONG><a name="[1a6]"></a>OS_InitRdyList</STRONG> (Thumb, 44 bytes, Stack size 0 bytes, os_core.o(i.OS_InitRdyList))
<BR><BR>[Called By]<UL><LI><a href="#[1a3]">&gt;&gt;</a>&nbsp;&nbsp;&nbsp;OSInit
</UL>

<P><STRONG><a name="[1a7]"></a>OS_InitTCBList</STRONG> (Thumb, 94 bytes, Stack size 16 bytes, os_core.o(i.OS_InitTCBList))
<BR><BR>[Stack]<UL><LI>Max Depth = 16<LI>Call Chain = OS_InitTCBList
</UL>
<BR>[Calls]<UL><LI><a href="#[1d6]">&gt;&gt;</a>&nbsp;&nbsp;&nbsp;OS_MemClr
</UL>
<BR>[Called By]<UL><LI><a href="#[1a3]">&gt;&gt;</a>&nbsp;&nbsp;&nbsp;OSInit
</UL>

<P><STRONG><a name="[1aa]"></a>OS_InitTaskIdle</STRONG> (Thumb, 50 bytes, Stack size 32 bytes, os_core.o(i.OS_InitTaskIdle))
<BR><BR>[Stack]<UL><LI>Max Depth = 136 + Unknown Stack Size
<LI>Call Chain = OS_InitTaskIdle &rArr; OSTaskCreateExt &rArr; OS_TCBInit &rArr; OSTaskCreateHook
</UL>
<BR>[Calls]<UL><LI><a href="#[11f]">&gt;&gt;</a>&nbsp;&nbsp;&nbsp;OSTaskCreateExt
<LI><a href="#[1cb]">&gt;&gt;</a>&nbsp;&nbsp;&nbsp;OSTaskNameSet
</UL>
<BR>[Called By]<UL><LI><a href="#[1a3]">&gt;&gt;</a>&nbsp;&nbsp;&nbsp;OSInit
</UL>

<P><STRONG><a name="[1ab]"></a>OS_InitTaskStat</STRONG> (Thumb, 50 bytes, Stack size 32 bytes, os_core.o(i.OS_InitTaskStat))
<BR><BR>[Stack]<UL><LI>Max Depth = 136 + Unknown Stack Size
<LI>Call Chain = OS_InitTaskStat &rArr; OSTaskCreateExt &rArr; OS_TCBInit &rArr; OSTaskCreateHook
</UL>
<BR>[Calls]<UL><LI><a href="#[11f]">&gt;&gt;</a>&nbsp;&nbsp;&nbsp;OSTaskCreateExt
<LI><a href="#[1cb]">&gt;&gt;</a>&nbsp;&nbsp;&nbsp;OSTaskNameSet
</UL>
<BR>[Called By]<UL><LI><a href="#[1a3]">&gt;&gt;</a>&nbsp;&nbsp;&nbsp;OSInit
</UL>

<P><STRONG><a name="[1af]"></a>OS_SchedNew</STRONG> (Thumb, 26 bytes, Stack size 0 bytes, os_core.o(i.OS_SchedNew))
<BR><BR>[Called By]<UL><LI><a href="#[1bb]">&gt;&gt;</a>&nbsp;&nbsp;&nbsp;OSStart
<LI><a href="#[1b6]">&gt;&gt;</a>&nbsp;&nbsp;&nbsp;OS_Sched
<LI><a href="#[1ad]">&gt;&gt;</a>&nbsp;&nbsp;&nbsp;OSIntExit
</UL>

<P><STRONG><a name="[ec]"></a>Heap1_SizeAdjust</STRONG> (Thumb, 8 bytes, Stack size 0 bytes, h1_alloc_mt.o(.text))
<BR><BR>[Called By]<UL><LI><a href="#[eb]">&gt;&gt;</a>&nbsp;&nbsp;&nbsp;_malloc_internal
</UL>

<P><STRONG><a name="[67]"></a>_printf_input_char</STRONG> (Thumb, 10 bytes, Stack size 0 bytes, _printf_char_common.o(.text))
<BR>[Address Reference Count : 1]<UL><LI> _printf_char_common.o(.text)
</UL><P>
<H3>
Undefined Global Symbols
</H3><HR></body></html>
