<html>
<body>
<pre>
<h1>µVision Build Log</h1>
<h2>Tool Versions:</h2>
IDE-Version: ¦ÌVision V5.38.0.0
Copyright (C) 2022 ARM Ltd and ARM Germany GmbH. All rights reserved.
License Information: ray hp, HP Inc., LIC=BUURY-IB42V-63CMB-2IAXC-99MMY-75GVF
 
Tool Versions:
Toolchain:       MDK-ARM Plus  Version: 5.38.0.0
Toolchain Path:  D:\keil\ARM\ARM_Compiler_5.06u7\Bin
C Compiler:      Armcc.exe V5.06 update 7 (build 960)
Assembler:       Armasm.exe V5.06 update 7 (build 960)
Linker/Locator:  ArmLink.exe V5.06 update 7 (build 960)
Library Manager: ArmAr.exe V5.06 update 7 (build 960)
Hex Converter:   FromElf.exe V5.06 update 7 (build 960)
CPU DLL:         SARMCM3.DLL V5.38.0.0
Dialog DLL:      DCM.DLL V1.17.5.0
Target DLL:      UL2CM3.DLL V1.164.8.0
Dialog DLL:      TCM.DLL V1.56.4.0
 
<h2>Project:</h2>
C:\Users\hp\Desktop\com\firmware-dev\firmware-dev\boards\PowerCtl\PowerCtl1002\MDK-ARM\PowerCtl1002.uvprojx
Project File Date:  11/17/2023

<h2>Output:</h2>
*** Using Compiler 'V5.06 update 7 (build 960)', folder: 'D:\keil\ARM\ARM_Compiler_5.06u7\Bin'
Build target 'PowerCtl1002'
compiling stm32f4xx_hal_gpio.c...
compiling stm32f4xx_hal_tim_ex.c...
compiling stm32f4xx_hal_cortex.c...
compiling stm32f4xx_hal_pwr.c...
compiling stm32f4xx_hal_pwr_ex.c...
compiling stm32f4xx_hal_flash_ex.c...
compiling stm32f4xx_hal.c...
compiling stm32f4xx_hal_flash.c...
compiling stm32f4xx_hal_rcc_ex.c...
compiling stm32f4xx_hal_dma_ex.c...
compiling stm32f4xx_hal_flash_ramfunc.c...
compiling stm32f4xx_hal_rcc.c...
compiling stm32f4xx_hal_tim.c...
compiling stm32f4xx_hal_dma.c...
compiling stm32f4xx_hal_dac.c...
compiling stm32f4xx_hal_uart.c...
compiling stm32f4xx_hal_dac_ex.c...
compiling system_stm32f4xx.c...
compiling uart_cfg.c...
compiling stm32f4xx_it.c...
compiling stm32f4xx_hal_msp.c...
compiling stm32f4xx_hal_spi.c...
compiling io_thread_cfg.c...
compiling main.c...
compiling color_cfg.c...
compiling ad_signal_cfg.c...
compiling my_callback.c...
compiling my_main.c...
compiling async.c...
compiling delayus.c...
compiling CommonHandle.c...
compiling uart_byte_to_frame.c...
compiling bus.c...
compiling pc_reboot.c...
compiling io_mod.c...
compiling global_func_it.c...
compiling io_thread.c...
compiling power.c...
compiling ad_signal.c...
compiling itf_01004000.c...
compiling itf_00020000.c...
compiling color.c...
compiling uart_thread.c...
compiling thread_safe.c...
compiling itf_00020010.c...
compiling itf_00020030.c...
compiling itf_00050000.c...
compiling itf_00080010.c...
compiling itf_00000040.c...
compiling uart_transpond.c...
compiling itf_00080011.c...
compiling flash_f4.c...
..\..\..\..\tools\flash_f4.c(95): warning:  #177-D: function "Flash_SetObject"  was declared but never referenced
  static uint32_t Flash_SetObject(void *obj, uint32_t len) {
..\..\..\..\tools\flash_f4.c: 1 warning, 0 errors
compiling io_operation.c...
compiling power_mod.c...
compiling firmwaeExcute.c...
compiling itf_00040020.c...
compiling itf_00080012.c...
compiling itf_00040030.c...
compiling itf_00040001.c...
compiling itf_00040000.c...
compiling itf_00030000.c...
compiling itf_00020001.c...
compiling itf_01000c60.c...
..\..\..\..\libraries\modules\itf\itf_01000c60.c(6): warning:  #177-D: function "packet_parse"  was declared but never referenced
  static void packet_parse(Itf_01000c60_t*, bus_packet *packet);
..\..\..\..\libraries\modules\itf\itf_01000c60.c: 1 warning, 0 errors
compiling itf_00040010.c...
compiling itf_00030001.c...
compiling os_implement.c...
compiling bytesBuffer.c...
compiling tool.c...
compiling data_struct.c...
compiling bus_uart3_f4_hal.c...
compiling ws2812b.c...
compiling bus_uart6_f4_hal.c...
compiling bus_can_f4_hal.c...
compiling AD7699.c...
compiling MS5194T.c...
..\..\..\..\libraries\drivers\MS5194T.c(45): warning:  #177-D: function "SetNSS"  was declared but never referenced
  static void SetNSS(MS5194TCONFIG* self, int v)
..\..\..\..\libraries\drivers\MS5194T.c(93): warning:  #177-D: function "MS5194T_Read16b"  was declared but never referenced
  static u16 MS5194T_Read16b(MS5194TCONFIG* self, u8 REGISTER)
..\..\..\..\libraries\drivers\MS5194T.c: 2 warnings, 0 errors
compiling bus_uart5_f4_hal.c...
compiling app_hooks.c...
compiling Protocols.c...
linking...
Program Size: Code=41832 RO-data=832 RW-data=360 ZI-data=65416  
".\Route\PowerCtl1002.axf" - 0 Error(s), 4 Warning(s).

<h2>Software Packages used:</h2>

Package Vendor: ARM
                http://www.keil.com/pack/ARM.CMSIS.5.9.0.pack
                ARM.CMSIS.5.9.0
                CMSIS (Common Microcontroller Software Interface Standard)
   * Component: CORE Version: 5.6.0

Package Vendor: Keil
                http://www.keil.com/pack/Keil.STM32F4xx_DFP.2.15.0.pack
                Keil.STM32F4xx_DFP.2.15.0
                STMicroelectronics STM32F4 Series Device Support, Drivers and Examples

<h2>Collection of Component include folders:</h2>
  ./RTE/_PowerCtl1002
  D:/keil/ARM/CMSIS/5.9.0/CMSIS/Core/Include
  D:/keil/Keil/STM32F4xx_DFP/2.15.0/Drivers/CMSIS/Device/ST/STM32F4xx/Include

<h2>Collection of Component Files used:</h2>

   * Component: ARM::CMSIS:CORE:5.6.0
Build Time Elapsed:  00:00:07
</pre>
</body>
</html>
