<!doctype html public "-//w3c//dtd html 4.0 transitional//en">
<html><head>
<title>Static Call Graph - [.\Build\MB0202-2A02.axf]</title></head>
<body><HR>
<H1>Static Call Graph for image .\Build\MB0202-2A02.axf</H1><HR>
<BR><P>#&#060CALLGRAPH&#062# ARM Linker, 5060960: Last Updated: Fri Nov 17 23:54:55 2023
<BR><P>
<H3>Maximum Stack Usage =        408 bytes + Unknown(Functions without stacksize, Cycles, Untraceable Function Pointers)</H3><H3>
Call chain for Maximum Stack Depth:</H3>
bus_ita_func_callback &rArr; FirmWare_Excute &rArr; Firmware_ReportEvent &rArr; bus_ita_hb_send &rArr; bus_simple_send &rArr; bus_os_post_sem &rArr; __2printf &rArr; _printf_char_file &rArr; _printf_char_common &rArr; __printf
<P>
<H3>
Functions with no stack information
</H3><UL>
 <LI><a href="#[163]">__user_initial_stackheap</a>
 <LI><a href="#[235]">OS_CPU_SR_Save</a>
 <LI><a href="#[238]">OS_CPU_SR_Restore</a>
 <LI><a href="#[243]">OSStartHighRdy</a>
 <LI><a href="#[25f]">OSCtxSw</a>
 <LI><a href="#[237]">OSIntCtxSw</a>
 <LI><a href="#[11]">PendSV_Handler</a>
</UL>
</UL>
<P>
<H3>
Mutually Recursive functions
</H3> <LI><a href="#[a]">NMI_Handler</a>&nbsp;&nbsp;&nbsp;&rArr;&nbsp;&nbsp;&nbsp;<a href="#[a]">NMI_Handler</a><BR>
 <LI><a href="#[c]">MemManage_Handler</a>&nbsp;&nbsp;&nbsp;&rArr;&nbsp;&nbsp;&nbsp;<a href="#[c]">MemManage_Handler</a><BR>
 <LI><a href="#[d]">BusFault_Handler</a>&nbsp;&nbsp;&nbsp;&rArr;&nbsp;&nbsp;&nbsp;<a href="#[d]">BusFault_Handler</a><BR>
 <LI><a href="#[e]">UsageFault_Handler</a>&nbsp;&nbsp;&nbsp;&rArr;&nbsp;&nbsp;&nbsp;<a href="#[e]">UsageFault_Handler</a><BR>
 <LI><a href="#[f]">SVC_Handler</a>&nbsp;&nbsp;&nbsp;&rArr;&nbsp;&nbsp;&nbsp;<a href="#[f]">SVC_Handler</a><BR>
 <LI><a href="#[10]">DebugMon_Handler</a>&nbsp;&nbsp;&nbsp;&rArr;&nbsp;&nbsp;&nbsp;<a href="#[10]">DebugMon_Handler</a><BR>
 <LI><a href="#[25]">ADC_IRQHandler</a>&nbsp;&nbsp;&nbsp;&rArr;&nbsp;&nbsp;&nbsp;<a href="#[25]">ADC_IRQHandler</a><BR>
 <LI><a href="#[264]">QuickSort</a>&nbsp;&nbsp;&nbsp;&rArr;&nbsp;&nbsp;&nbsp;<a href="#[264]">QuickSort</a><BR>
 <LI><a href="#[139]">_sys_exit</a>&nbsp;&nbsp;&nbsp;&rArr;&nbsp;&nbsp;&nbsp;<a href="#[139]">_sys_exit</a><BR>
 <LI><a href="#[197]">Error_Handler</a>&nbsp;&nbsp;&nbsp;&rArr;&nbsp;&nbsp;&nbsp;<a href="#[197]">Error_Handler</a><BR>
</UL>
<P>
<H3>
Function Pointers
</H3><UL>
 <LI><a href="#[6e]">ADC_DMAConvCplt</a> from stm32f4xx_hal_adc.o(i.ADC_DMAConvCplt) referenced from stm32f4xx_hal_adc.o(i.HAL_ADC_Start_DMA)
 <LI><a href="#[70]">ADC_DMAError</a> from stm32f4xx_hal_adc.o(i.ADC_DMAError) referenced from stm32f4xx_hal_adc.o(i.HAL_ADC_Start_DMA)
 <LI><a href="#[6f]">ADC_DMAHalfConvCplt</a> from stm32f4xx_hal_adc.o(i.ADC_DMAHalfConvCplt) referenced from stm32f4xx_hal_adc.o(i.HAL_ADC_Start_DMA)
 <LI><a href="#[25]">ADC_IRQHandler</a> from startup_stm32f407xx.o(.text) referenced from startup_stm32f407xx.o(RESET)
 <LI><a href="#[105]">AppTaskStart</a> from my_main.o(i.AppTaskStart) referenced from my_main.o(i.my_main)
 <LI><a href="#[d]">BusFault_Handler</a> from startup_stm32f407xx.o(.text) referenced from startup_stm32f407xx.o(RESET)
 <LI><a href="#[27]">CAN1_RX0_IRQHandler</a> from bus_can_f4_hal.o(i.CAN1_RX0_IRQHandler) referenced from startup_stm32f407xx.o(RESET)
 <LI><a href="#[28]">CAN1_RX1_IRQHandler</a> from startup_stm32f407xx.o(.text) referenced from startup_stm32f407xx.o(RESET)
 <LI><a href="#[29]">CAN1_SCE_IRQHandler</a> from bus_can_f4_hal.o(i.CAN1_SCE_IRQHandler) referenced from startup_stm32f407xx.o(RESET)
 <LI><a href="#[26]">CAN1_TX_IRQHandler</a> from startup_stm32f407xx.o(.text) referenced from startup_stm32f407xx.o(RESET)
 <LI><a href="#[53]">CAN2_RX0_IRQHandler</a> from startup_stm32f407xx.o(.text) referenced from startup_stm32f407xx.o(RESET)
 <LI><a href="#[54]">CAN2_RX1_IRQHandler</a> from startup_stm32f407xx.o(.text) referenced from startup_stm32f407xx.o(RESET)
 <LI><a href="#[55]">CAN2_SCE_IRQHandler</a> from startup_stm32f407xx.o(.text) referenced from startup_stm32f407xx.o(RESET)
 <LI><a href="#[52]">CAN2_TX_IRQHandler</a> from startup_stm32f407xx.o(.text) referenced from startup_stm32f407xx.o(RESET)
 <LI><a href="#[61]">DCMI_IRQHandler</a> from startup_stm32f407xx.o(.text) referenced from startup_stm32f407xx.o(RESET)
 <LI><a href="#[1e]">DMA1_Stream0_IRQHandler</a> from startup_stm32f407xx.o(.text) referenced from startup_stm32f407xx.o(RESET)
 <LI><a href="#[1f]">DMA1_Stream1_IRQHandler</a> from startup_stm32f407xx.o(.text) referenced from startup_stm32f407xx.o(RESET)
 <LI><a href="#[20]">DMA1_Stream2_IRQHandler</a> from startup_stm32f407xx.o(.text) referenced from startup_stm32f407xx.o(RESET)
 <LI><a href="#[21]">DMA1_Stream3_IRQHandler</a> from startup_stm32f407xx.o(.text) referenced from startup_stm32f407xx.o(RESET)
 <LI><a href="#[22]">DMA1_Stream4_IRQHandler</a> from startup_stm32f407xx.o(.text) referenced from startup_stm32f407xx.o(RESET)
 <LI><a href="#[23]">DMA1_Stream5_IRQHandler</a> from startup_stm32f407xx.o(.text) referenced from startup_stm32f407xx.o(RESET)
 <LI><a href="#[24]">DMA1_Stream6_IRQHandler</a> from startup_stm32f407xx.o(.text) referenced from startup_stm32f407xx.o(RESET)
 <LI><a href="#[42]">DMA1_Stream7_IRQHandler</a> from startup_stm32f407xx.o(.text) referenced from startup_stm32f407xx.o(RESET)
 <LI><a href="#[4b]">DMA2_Stream0_IRQHandler</a> from startup_stm32f407xx.o(.text) referenced from startup_stm32f407xx.o(RESET)
 <LI><a href="#[4c]">DMA2_Stream1_IRQHandler</a> from startup_stm32f407xx.o(.text) referenced from startup_stm32f407xx.o(RESET)
 <LI><a href="#[4d]">DMA2_Stream2_IRQHandler</a> from startup_stm32f407xx.o(.text) referenced from startup_stm32f407xx.o(RESET)
 <LI><a href="#[4e]">DMA2_Stream3_IRQHandler</a> from startup_stm32f407xx.o(.text) referenced from startup_stm32f407xx.o(RESET)
 <LI><a href="#[4f]">DMA2_Stream4_IRQHandler</a> from startup_stm32f407xx.o(.text) referenced from startup_stm32f407xx.o(RESET)
 <LI><a href="#[57]">DMA2_Stream5_IRQHandler</a> from startup_stm32f407xx.o(.text) referenced from startup_stm32f407xx.o(RESET)
 <LI><a href="#[58]">DMA2_Stream6_IRQHandler</a> from startup_stm32f407xx.o(.text) referenced from startup_stm32f407xx.o(RESET)
 <LI><a href="#[59]">DMA2_Stream7_IRQHandler</a> from startup_stm32f407xx.o(.text) referenced from startup_stm32f407xx.o(RESET)
 <LI><a href="#[10]">DebugMon_Handler</a> from startup_stm32f407xx.o(.text) referenced from startup_stm32f407xx.o(RESET)
 <LI><a href="#[50]">ETH_IRQHandler</a> from startup_stm32f407xx.o(.text) referenced from startup_stm32f407xx.o(RESET)
 <LI><a href="#[51]">ETH_WKUP_IRQHandler</a> from startup_stm32f407xx.o(.text) referenced from startup_stm32f407xx.o(RESET)
 <LI><a href="#[19]">EXTI0_IRQHandler</a> from startup_stm32f407xx.o(.text) referenced from startup_stm32f407xx.o(RESET)
 <LI><a href="#[3b]">EXTI15_10_IRQHandler</a> from motor_cfg.o(i.EXTI15_10_IRQHandler) referenced from startup_stm32f407xx.o(RESET)
 <LI><a href="#[1a]">EXTI1_IRQHandler</a> from motor_cfg.o(i.EXTI1_IRQHandler) referenced from startup_stm32f407xx.o(RESET)
 <LI><a href="#[1b]">EXTI2_IRQHandler</a> from startup_stm32f407xx.o(.text) referenced from startup_stm32f407xx.o(RESET)
 <LI><a href="#[1c]">EXTI3_IRQHandler</a> from motor_cfg.o(i.EXTI3_IRQHandler) referenced from startup_stm32f407xx.o(RESET)
 <LI><a href="#[1d]">EXTI4_IRQHandler</a> from motor_cfg.o(i.EXTI4_IRQHandler) referenced from startup_stm32f407xx.o(RESET)
 <LI><a href="#[2a]">EXTI9_5_IRQHandler</a> from motor_cfg.o(i.EXTI9_5_IRQHandler) referenced from startup_stm32f407xx.o(RESET)
 <LI><a href="#[17]">FLASH_IRQHandler</a> from startup_stm32f407xx.o(.text) referenced from startup_stm32f407xx.o(RESET)
 <LI><a href="#[43]">FMC_IRQHandler</a> from startup_stm32f407xx.o(.text) referenced from startup_stm32f407xx.o(RESET)
 <LI><a href="#[63]">FPU_IRQHandler</a> from startup_stm32f407xx.o(.text) referenced from startup_stm32f407xx.o(RESET)
 <LI><a href="#[ce]">FirmWareConfig_Return_GetFromBytes</a> from protocols.o(i.FirmWareConfig_Return_GetFromBytes) referenced from protocols.o(i.New_FirmWareConfig_Return)
 <LI><a href="#[cd]">FirmWareConfig_Return_ToBytes</a> from protocols.o(i.FirmWareConfig_Return_ToBytes) referenced from protocols.o(i.New_FirmWareConfig_Return)
 <LI><a href="#[d0]">FirmWareConfig_Send_GetFromBytes</a> from protocols.o(i.FirmWareConfig_Send_GetFromBytes) referenced from protocols.o(i.New_FirmWareConfig_Send)
 <LI><a href="#[cf]">FirmWareConfig_Send_ToBytes</a> from protocols.o(i.FirmWareConfig_Send_ToBytes) referenced from protocols.o(i.New_FirmWareConfig_Send)
 <LI><a href="#[d2]">FirmWareReadyEvent_Send_GetFromBytes</a> from protocols.o(i.FirmWareReadyEvent_Send_GetFromBytes) referenced from protocols.o(i.New_FirmWareReadyEvent_Send)
 <LI><a href="#[d1]">FirmWareReadyEvent_Send_ToBytes</a> from protocols.o(i.FirmWareReadyEvent_Send_ToBytes) referenced from protocols.o(i.New_FirmWareReadyEvent_Send)
 <LI><a href="#[d4]">FirmWareTransmitFile_Return_GetFromBytes</a> from protocols.o(i.FirmWareTransmitFile_Return_GetFromBytes) referenced from protocols.o(i.New_FirmWareTransmitFile_Return)
 <LI><a href="#[d3]">FirmWareTransmitFile_Return_ToBytes</a> from protocols.o(i.FirmWareTransmitFile_Return_ToBytes) referenced from protocols.o(i.New_FirmWareTransmitFile_Return)
 <LI><a href="#[d6]">FirmWareTransmitFile_Send_GetFromBytes</a> from protocols.o(i.FirmWareTransmitFile_Send_GetFromBytes) referenced from protocols.o(i.New_FirmWareTransmitFile_Send)
 <LI><a href="#[d5]">FirmWareTransmitFile_Send_ToBytes</a> from protocols.o(i.FirmWareTransmitFile_Send_ToBytes) referenced from protocols.o(i.New_FirmWareTransmitFile_Send)
 <LI><a href="#[d8]">FirmWareVersionGet_Return_GetFromBytes</a> from protocols.o(i.FirmWareVersionGet_Return_GetFromBytes) referenced from protocols.o(i.New_FirmWareVersionGet_Return)
 <LI><a href="#[d7]">FirmWareVersionGet_Return_ToBytes</a> from protocols.o(i.FirmWareVersionGet_Return_ToBytes) referenced from protocols.o(i.New_FirmWareVersionGet_Return)
 <LI><a href="#[da]">FirmWareVersionGet_Send_GetFromBytes</a> from protocols.o(i.FirmWareVersionGet_Send_GetFromBytes) referenced from protocols.o(i.New_FirmWareVersionGet_Send)
 <LI><a href="#[d9]">FirmWareVersionGet_Send_ToBytes</a> from protocols.o(i.FirmWareVersionGet_Send_ToBytes) referenced from protocols.o(i.New_FirmWareVersionGet_Send)
 <LI><a href="#[62]">HASH_RNG_IRQHandler</a> from startup_stm32f407xx.o(.text) referenced from startup_stm32f407xx.o(RESET)
 <LI><a href="#[b]">HardFault_Handler</a> from thread_safe.o(i.HardFault_Handler) referenced from startup_stm32f407xx.o(RESET)
 <LI><a href="#[33]">I2C1_ER_IRQHandler</a> from startup_stm32f407xx.o(.text) referenced from startup_stm32f407xx.o(RESET)
 <LI><a href="#[32]">I2C1_EV_IRQHandler</a> from startup_stm32f407xx.o(.text) referenced from startup_stm32f407xx.o(RESET)
 <LI><a href="#[35]">I2C2_ER_IRQHandler</a> from startup_stm32f407xx.o(.text) referenced from startup_stm32f407xx.o(RESET)
 <LI><a href="#[34]">I2C2_EV_IRQHandler</a> from startup_stm32f407xx.o(.text) referenced from startup_stm32f407xx.o(RESET)
 <LI><a href="#[5c]">I2C3_ER_IRQHandler</a> from startup_stm32f407xx.o(.text) referenced from startup_stm32f407xx.o(RESET)
 <LI><a href="#[5b]">I2C3_EV_IRQHandler</a> from startup_stm32f407xx.o(.text) referenced from startup_stm32f407xx.o(RESET)
 <LI><a href="#[dc]">McuReset_Return_GetFromBytes</a> from protocols.o(i.McuReset_Return_GetFromBytes) referenced from protocols.o(i.New_McuReset_Return)
 <LI><a href="#[db]">McuReset_Return_ToBytes</a> from protocols.o(i.McuReset_Return_ToBytes) referenced from protocols.o(i.New_McuReset_Return)
 <LI><a href="#[de]">McuReset_Send_GetFromBytes</a> from protocols.o(i.McuReset_Send_GetFromBytes) referenced from protocols.o(i.New_McuReset_Send)
 <LI><a href="#[dd]">McuReset_Send_ToBytes</a> from protocols.o(i.McuReset_Send_ToBytes) referenced from protocols.o(i.New_McuReset_Send)
 <LI><a href="#[c]">MemManage_Handler</a> from startup_stm32f407xx.o(.text) referenced from startup_stm32f407xx.o(RESET)
 <LI><a href="#[c4]">Motor_Thread</a> from motor_thread.o(i.Motor_Thread) referenced from motor_cfg.o(i.MotorInit)
 <LI><a href="#[a]">NMI_Handler</a> from startup_stm32f407xx.o(.text) referenced from startup_stm32f407xx.o(RESET)
 <LI><a href="#[66]">OSTaskSwHook</a> from os_cpu_c.o(i.OSTaskSwHook) referenced from os_cpu_a.o(.text)
 <LI><a href="#[e0]">OS_TaskIdle</a> from os_core.o(i.OS_TaskIdle) referenced from os_core.o(i.OS_InitTaskIdle)
 <LI><a href="#[df]">OS_TaskReturn</a> from os_task.o(i.OS_TaskReturn) referenced from os_cpu_c.o(i.OSTaskStkInit)
 <LI><a href="#[e1]">OS_TaskStat</a> from os_core.o(i.OS_TaskStat) referenced from os_core.o(i.OS_InitTaskStat)
 <LI><a href="#[56]">OTG_FS_IRQHandler</a> from startup_stm32f407xx.o(.text) referenced from startup_stm32f407xx.o(RESET)
 <LI><a href="#[3d]">OTG_FS_WKUP_IRQHandler</a> from startup_stm32f407xx.o(.text) referenced from startup_stm32f407xx.o(RESET)
 <LI><a href="#[5e]">OTG_HS_EP1_IN_IRQHandler</a> from startup_stm32f407xx.o(.text) referenced from startup_stm32f407xx.o(RESET)
 <LI><a href="#[5d]">OTG_HS_EP1_OUT_IRQHandler</a> from startup_stm32f407xx.o(.text) referenced from startup_stm32f407xx.o(RESET)
 <LI><a href="#[60]">OTG_HS_IRQHandler</a> from startup_stm32f407xx.o(.text) referenced from startup_stm32f407xx.o(RESET)
 <LI><a href="#[5f]">OTG_HS_WKUP_IRQHandler</a> from startup_stm32f407xx.o(.text) referenced from startup_stm32f407xx.o(RESET)
 <LI><a href="#[14]">PVD_IRQHandler</a> from startup_stm32f407xx.o(.text) referenced from startup_stm32f407xx.o(RESET)
 <LI><a href="#[11]">PendSV_Handler</a> from os_cpu_a.o(.text) referenced from startup_stm32f407xx.o(RESET)
 <LI><a href="#[18]">RCC_IRQHandler</a> from startup_stm32f407xx.o(.text) referenced from startup_stm32f407xx.o(RESET)
 <LI><a href="#[3c]">RTC_Alarm_IRQHandler</a> from startup_stm32f407xx.o(.text) referenced from startup_stm32f407xx.o(RESET)
 <LI><a href="#[16]">RTC_WKUP_IRQHandler</a> from startup_stm32f407xx.o(.text) referenced from startup_stm32f407xx.o(RESET)
 <LI><a href="#[9]">Reset_Handler</a> from startup_stm32f407xx.o(.text) referenced from startup_stm32f407xx.o(RESET)
 <LI><a href="#[44]">SDIO_IRQHandler</a> from startup_stm32f407xx.o(.text) referenced from startup_stm32f407xx.o(RESET)
 <LI><a href="#[36]">SPI1_IRQHandler</a> from startup_stm32f407xx.o(.text) referenced from startup_stm32f407xx.o(RESET)
 <LI><a href="#[37]">SPI2_IRQHandler</a> from startup_stm32f407xx.o(.text) referenced from startup_stm32f407xx.o(RESET)
 <LI><a href="#[46]">SPI3_IRQHandler</a> from startup_stm32f407xx.o(.text) referenced from startup_stm32f407xx.o(RESET)
 <LI><a href="#[f]">SVC_Handler</a> from startup_stm32f407xx.o(.text) referenced from startup_stm32f407xx.o(RESET)
 <LI><a href="#[12]">SysTick_Handler</a> from os_cpu_c.o(i.SysTick_Handler) referenced from startup_stm32f407xx.o(RESET)
 <LI><a href="#[64]">SystemInit</a> from system_stm32f4xx.o(i.SystemInit) referenced from startup_stm32f407xx.o(.text)
 <LI><a href="#[15]">TAMP_STAMP_IRQHandler</a> from startup_stm32f407xx.o(.text) referenced from startup_stm32f407xx.o(RESET)
 <LI><a href="#[2b]">TIM1_BRK_TIM9_IRQHandler</a> from startup_stm32f407xx.o(.text) referenced from startup_stm32f407xx.o(RESET)
 <LI><a href="#[2e]">TIM1_CC_IRQHandler</a> from startup_stm32f407xx.o(.text) referenced from startup_stm32f407xx.o(RESET)
 <LI><a href="#[2d]">TIM1_TRG_COM_TIM11_IRQHandler</a> from startup_stm32f407xx.o(.text) referenced from startup_stm32f407xx.o(RESET)
 <LI><a href="#[2c]">TIM1_UP_TIM10_IRQHandler</a> from startup_stm32f407xx.o(.text) referenced from startup_stm32f407xx.o(RESET)
 <LI><a href="#[2f]">TIM2_IRQHandler</a> from motor_cmd_extend.o(i.TIM2_IRQHandler) referenced from startup_stm32f407xx.o(RESET)
 <LI><a href="#[30]">TIM3_IRQHandler</a> from startup_stm32f407xx.o(.text) referenced from startup_stm32f407xx.o(RESET)
 <LI><a href="#[31]">TIM4_IRQHandler</a> from startup_stm32f407xx.o(.text) referenced from startup_stm32f407xx.o(RESET)
 <LI><a href="#[45]">TIM5_IRQHandler</a> from startup_stm32f407xx.o(.text) referenced from startup_stm32f407xx.o(RESET)
 <LI><a href="#[49]">TIM6_DAC_IRQHandler</a> from startup_stm32f407xx.o(.text) referenced from startup_stm32f407xx.o(RESET)
 <LI><a href="#[4a]">TIM7_IRQHandler</a> from startup_stm32f407xx.o(.text) referenced from startup_stm32f407xx.o(RESET)
 <LI><a href="#[3e]">TIM8_BRK_TIM12_IRQHandler</a> from startup_stm32f407xx.o(.text) referenced from startup_stm32f407xx.o(RESET)
 <LI><a href="#[41]">TIM8_CC_IRQHandler</a> from startup_stm32f407xx.o(.text) referenced from startup_stm32f407xx.o(RESET)
 <LI><a href="#[40]">TIM8_TRG_COM_TIM14_IRQHandler</a> from startup_stm32f407xx.o(.text) referenced from startup_stm32f407xx.o(RESET)
 <LI><a href="#[3f]">TIM8_UP_TIM13_IRQHandler</a> from startup_stm32f407xx.o(.text) referenced from startup_stm32f407xx.o(RESET)
 <LI><a href="#[47]">UART4_IRQHandler</a> from rv_cfg.o(i.UART4_IRQHandler) referenced from startup_stm32f407xx.o(RESET)
 <LI><a href="#[48]">UART5_IRQHandler</a> from startup_stm32f407xx.o(.text) referenced from startup_stm32f407xx.o(RESET)
 <LI><a href="#[38]">USART1_IRQHandler</a> from startup_stm32f407xx.o(.text) referenced from startup_stm32f407xx.o(RESET)
 <LI><a href="#[39]">USART2_IRQHandler</a> from startup_stm32f407xx.o(.text) referenced from startup_stm32f407xx.o(RESET)
 <LI><a href="#[3a]">USART3_IRQHandler</a> from rv_cfg.o(i.USART3_IRQHandler) referenced from startup_stm32f407xx.o(RESET)
 <LI><a href="#[5a]">USART6_IRQHandler</a> from startup_stm32f407xx.o(.text) referenced from startup_stm32f407xx.o(RESET)
 <LI><a href="#[e]">UsageFault_Handler</a> from startup_stm32f407xx.o(.text) referenced from startup_stm32f407xx.o(RESET)
 <LI><a href="#[13]">WWDG_IRQHandler</a> from startup_stm32f407xx.o(.text) referenced from startup_stm32f407xx.o(RESET)
 <LI><a href="#[11b]">__main</a> from __main.o(!!!main) referenced from startup_stm32f407xx.o(.text)
 <LI><a href="#[102]">_mutex_acquire</a> from thread_safe.o(i._mutex_acquire) referenced from thread_safe.o(i.malloc_safe_insure)
 <LI><a href="#[104]">_mutex_free</a> from thread_safe.o(i._mutex_free) referenced from thread_safe.o(i.malloc_safe_insure)
 <LI><a href="#[101]">_mutex_initialize</a> from thread_safe.o(i._mutex_initialize) referenced from thread_safe.o(i.malloc_safe_insure)
 <LI><a href="#[103]">_mutex_release</a> from thread_safe.o(i._mutex_release) referenced from thread_safe.o(i.malloc_safe_insure)
 <LI><a href="#[68]">_printf_input_char</a> from _printf_char_common.o(.text) referenced from _printf_char_common.o(.text)
 <LI><a href="#[6c]">bus_ita_func_broadcast</a> from my_callback.o(i.bus_ita_func_broadcast) referenced from my_main.o(i.AppTaskStart)
 <LI><a href="#[6d]">bus_ita_func_callback</a> from my_callback.o(i.bus_ita_func_callback) referenced from my_main.o(i.AppTaskStart)
 <LI><a href="#[10e]">byte_rev</a> from runze_sv04_new.o(i.byte_rev) referenced from runze_sv04_new.o(i.runze_new)
 <LI><a href="#[6a]">can_adapter_init</a> from bus_can_f4_hal.o(i.can_adapter_init) referenced from my_main.o(i.AppTaskStart)
 <LI><a href="#[6b]">can_adapter_send</a> from bus_can_f4_hal.o(i.can_adapter_send) referenced from my_main.o(i.AppTaskStart)
 <LI><a href="#[117]">cfg_covert_io_state</a> from io_mod.o(i.cfg_covert_io_state) referenced from io_mod.o(i.writable_io_new)
 <LI><a href="#[107]">current_position_query</a> from runze_sv04_new.o(i.current_position_query) referenced from runze_sv04_new.o(i.runze_new)
 <LI><a href="#[106]">current_version_query</a> from runze_sv04_new.o(i.current_version_query) referenced from runze_sv04_new.o(i.runze_new)
 <LI><a href="#[67]">fputc</a> from thread_safe.o(i.fputc) referenced from _printf_char_file.o(.text)
 <LI><a href="#[118]">group_write</a> from io_mod.o(i.group_write) referenced from io_mod.o(i.writable_io_new)
 <LI><a href="#[ea]">hd_average_signal_read</a> from ad_signal_cfg.o(i.hd_average_signal_read) referenced from ad_signal_cfg.o(i.ad_signal_hd_init)
 <LI><a href="#[eb]">hd_average_signal_read_old</a> from ad_signal_cfg.o(i.hd_average_signal_read_old) referenced from ad_signal_cfg.o(i.ad_signal_hd_init)
 <LI><a href="#[e9]">hd_group_read_all</a> from ad_signal_cfg.o(i.hd_group_read_all) referenced from ad_signal_cfg.o(i.ad_signal_hd_init)
 <LI><a href="#[e8]">hd_group_read_by</a> from ad_signal_cfg.o(i.hd_group_read_by) referenced from ad_signal_cfg.o(i.ad_signal_hd_init)
 <LI><a href="#[e2]">hd_signal_read</a> from ad_signal_cfg.o(i.hd_signal_read) referenced from ad_signal_cfg.o(i.ad_signal_hd_init)
 <LI><a href="#[e3]">hd_signal_read_ad</a> from ad_signal_cfg.o(i.hd_signal_read_ad) referenced from ad_signal_cfg.o(i.ad_signal_hd_init)
 <LI><a href="#[e4]">hd_signal_read_ad_to_press</a> from ad_signal_cfg.o(i.hd_signal_read_ad_to_press) referenced from ad_signal_cfg.o(i.ad_signal_hd_init)
 <LI><a href="#[e6]">hd_signal_read_ad_to_press_differ</a> from ad_signal_cfg.o(i.hd_signal_read_ad_to_press_differ) referenced from ad_signal_cfg.o(i.ad_signal_hd_init)
 <LI><a href="#[e7]">hd_signal_read_array</a> from ad_signal_cfg.o(i.hd_signal_read_array) referenced from ad_signal_cfg.o(i.ad_signal_hd_init)
 <LI><a href="#[ec]">hd_signal_read_average</a> from ad_signal_cfg.o(i.hd_signal_read_average) referenced from ad_signal_cfg.o(i.ad_signal_hd_init)
 <LI><a href="#[e5]">hd_signal_read_two</a> from ad_signal_cfg.o(i.hd_signal_read_two) referenced from ad_signal_cfg.o(i.ad_signal_hd_init)
 <LI><a href="#[116]">io_hd_write</a> from io_thread_cfg.o(i.io_hd_write) referenced from io_thread_cfg.o(i.writable_io_init)
 <LI><a href="#[69]">io_thread_create</a> from my_main.o(i.io_thread_create) referenced from my_main.o(i.AppTaskStart)
 <LI><a href="#[119]">io_write</a> from io_mod.o(i.io_write) referenced from io_mod.o(i.writable_io_new)
 <LI><a href="#[a9]">m0_event_read</a> from motor_cmd_extend.o(i.m0_event_read) referenced from motor_cfg.o(i.MotorInit)
 <LI><a href="#[aa]">m0_io_read</a> from motor_cfg.o(i.m0_io_read) referenced from motor_cfg.o(i.MotorInit)
 <LI><a href="#[ab]">m0_io_write</a> from motor_cfg.o(i.m0_io_write) referenced from motor_cfg.o(i.MotorInit)
 <LI><a href="#[b1]">m1_event_read</a> from motor_cmd_extend.o(i.m1_event_read) referenced from motor_cfg.o(i.MotorInit)
 <LI><a href="#[b2]">m1_io_read</a> from motor_cfg.o(i.m1_io_read) referenced from motor_cfg.o(i.MotorInit)
 <LI><a href="#[b3]">m1_io_write</a> from motor_cfg.o(i.m1_io_write) referenced from motor_cfg.o(i.MotorInit)
 <LI><a href="#[b9]">m2_event_read</a> from motor_cmd_extend.o(i.m2_event_read) referenced from motor_cfg.o(i.MotorInit)
 <LI><a href="#[ba]">m2_io_read</a> from motor_cfg.o(i.m2_io_read) referenced from motor_cfg.o(i.MotorInit)
 <LI><a href="#[bb]">m2_io_write</a> from motor_cfg.o(i.m2_io_write) referenced from motor_cfg.o(i.MotorInit)
 <LI><a href="#[c1]">m3_event_read</a> from motor_cfg.o(i.m3_event_read) referenced from motor_cfg.o(i.MotorInit)
 <LI><a href="#[c2]">m3_io_read</a> from motor_cfg.o(i.m3_io_read) referenced from motor_cfg.o(i.MotorInit)
 <LI><a href="#[c3]">m3_io_write</a> from motor_cfg.o(i.m3_io_write) referenced from motor_cfg.o(i.MotorInit)
 <LI><a href="#[a1]">mTMC5130Motor_GetStatus</a> from mtmc5130device.o(i.mTMC5130Motor_GetStatus) referenced from motor_cfg.o(i.MotorInit)
 <LI><a href="#[a3]">mTMC5130Motor_Move</a> from mtmc5130device.o(i.mTMC5130Motor_Move) referenced from motor_cfg.o(i.MotorInit)
 <LI><a href="#[9d]">mTMC5130Motor_MoveGPIOEvent</a> from mtmc5130device.o(i.mTMC5130Motor_MoveGPIOEvent) referenced from motor_cfg.o(i.MotorInit)
 <LI><a href="#[9c]">mTMC5130Motor_MoveStopEvent</a> from mtmc5130device.o(i.mTMC5130Motor_MoveStopEvent) referenced from motor_cfg.o(i.MotorInit)
 <LI><a href="#[9f]">mTMC5130Motor_MultiMove</a> from mtmc5130device.o(i.mTMC5130Motor_MultiMove) referenced from motor_cfg.o(i.MotorInit)
 <LI><a href="#[9b]">mTMC5130Motor_Reset</a> from mtmc5130device.o(i.mTMC5130Motor_Reset) referenced from motor_cfg.o(i.MotorInit)
 <LI><a href="#[a2]">mTMC5130Motor_Rotate</a> from mtmc5130device.o(i.mTMC5130Motor_Rotate) referenced from motor_cfg.o(i.MotorInit)
 <LI><a href="#[9e]">mTMC5130Motor_SeqMove</a> from mtmc5130device.o(i.mTMC5130Motor_SeqMove) referenced from motor_cfg.o(i.MotorInit)
 <LI><a href="#[a0]">mTMC5130Motor_Stop</a> from mtmc5130device.o(i.mTMC5130Motor_Stop) referenced from motor_cfg.o(i.MotorInit)
 <LI><a href="#[a7]">motor0_backzeor</a> from motor_cfg.o(i.motor0_backzeor) referenced from motor_cfg.o(i.MotorInit)
 <LI><a href="#[a4]">motor0_listen_event</a> from motor_cfg.o(i.motor0_listen_event) referenced from motor_cfg.o(i.MotorInit)
 <LI><a href="#[a5]">motor0_listen_io</a> from motor_cfg.o(i.motor0_listen_io) referenced from motor_cfg.o(i.MotorInit)
 <LI><a href="#[a6]">motor0_reset</a> from motor_cfg.o(i.motor0_reset) referenced from motor_cfg.o(i.MotorInit)
 <LI><a href="#[a8]">motor0_state_machine</a> from motor_cfg.o(i.motor0_state_machine) referenced from motor_cfg.o(i.MotorInit)
 <LI><a href="#[af]">motor1_backzeor</a> from motor_cfg.o(i.motor1_backzeor) referenced from motor_cfg.o(i.MotorInit)
 <LI><a href="#[ac]">motor1_listen_event</a> from motor_cfg.o(i.motor1_listen_event) referenced from motor_cfg.o(i.MotorInit)
 <LI><a href="#[ad]">motor1_listen_io</a> from motor_cfg.o(i.motor1_listen_io) referenced from motor_cfg.o(i.MotorInit)
 <LI><a href="#[ae]">motor1_reset</a> from motor_cfg.o(i.motor1_reset) referenced from motor_cfg.o(i.MotorInit)
 <LI><a href="#[b0]">motor1_state_machine</a> from motor_cfg.o(i.motor1_state_machine) referenced from motor_cfg.o(i.MotorInit)
 <LI><a href="#[b7]">motor2_backzeor</a> from motor_cfg.o(i.motor2_backzeor) referenced from motor_cfg.o(i.MotorInit)
 <LI><a href="#[b4]">motor2_listen_event</a> from motor_cfg.o(i.motor2_listen_event) referenced from motor_cfg.o(i.MotorInit)
 <LI><a href="#[b5]">motor2_listen_io</a> from motor_cfg.o(i.motor2_listen_io) referenced from motor_cfg.o(i.MotorInit)
 <LI><a href="#[b6]">motor2_reset</a> from motor_cfg.o(i.motor2_reset) referenced from motor_cfg.o(i.MotorInit)
 <LI><a href="#[b8]">motor2_state_machine</a> from motor_cfg.o(i.motor2_state_machine) referenced from motor_cfg.o(i.MotorInit)
 <LI><a href="#[bf]">motor3_backzeor</a> from motor_cfg.o(i.motor3_backzeor) referenced from motor_cfg.o(i.MotorInit)
 <LI><a href="#[bc]">motor3_listen_event</a> from motor_cfg.o(i.motor3_listen_event) referenced from motor_cfg.o(i.MotorInit)
 <LI><a href="#[bd]">motor3_listen_io</a> from motor_cfg.o(i.motor3_listen_io) referenced from motor_cfg.o(i.MotorInit)
 <LI><a href="#[be]">motor3_reset</a> from motor_cfg.o(i.motor3_reset) referenced from motor_cfg.o(i.MotorInit)
 <LI><a href="#[c0]">motor3_state_machine</a> from motor_cfg.o(i.motor3_state_machine) referenced from motor_cfg.o(i.MotorInit)
 <LI><a href="#[108]">motor_state_query</a> from runze_sv04_new.o(i.motor_state_query) referenced from runze_sv04_new.o(i.runze_new)
 <LI><a href="#[ee]">packet_callback_thread</a> from bus.o(i.packet_callback_thread) referenced from bus.o(i.bus_app_init)
 <LI><a href="#[71]">packet_parse</a> from itf_00010000.o(i.packet_parse) referenced from itf_00010000.o(i.Itf_00010000_new)
 <LI><a href="#[73]">packet_parse</a> from itf_00010010.o(i.packet_parse) referenced from itf_00010010.o(i.Itf_00010010_new)
 <LI><a href="#[75]">packet_parse</a> from itf_00010020 .o(i.packet_parse) referenced from itf_00010020 .o(i.Itf_00010020_new)
 <LI><a href="#[77]">packet_parse</a> from itf_00010030 .o(i.packet_parse) referenced from itf_00010030 .o(i.Itf_00010030_new)
 <LI><a href="#[79]">packet_parse</a> from itf_00010031.o(i.packet_parse) referenced from itf_00010031.o(i.Itf_00010031_new)
 <LI><a href="#[7b]">packet_parse</a> from itf_00010040 .o(i.packet_parse) referenced from itf_00010040 .o(i.Itf_00010040_new)
 <LI><a href="#[7d]">packet_parse</a> from itf_00010050.o(i.packet_parse) referenced from itf_00010050.o(i.Itf_00010050_new)
 <LI><a href="#[7f]">packet_parse</a> from itf_00010060.o(i.packet_parse) referenced from itf_00010060.o(i.Itf_00010060_new)
 <LI><a href="#[81]">packet_parse</a> from itf_00010062.o(i.packet_parse) referenced from itf_00010062.o(i.Itf_00010062_new)
 <LI><a href="#[83]">packet_parse</a> from itf_00010070.o(i.packet_parse) referenced from itf_00010070.o(i.Itf_00010070_new)
 <LI><a href="#[85]">packet_parse</a> from itf_00010071.o(i.packet_parse) referenced from itf_00010071.o(i.Itf_00010071_new)
 <LI><a href="#[87]">packet_parse</a> from itf_00010080.o(i.packet_parse) referenced from itf_00010080.o(i.Itf_00010080_new)
 <LI><a href="#[89]">packet_parse</a> from itf_00010082.o(i.packet_parse) referenced from itf_00010082.o(i.Itf_00010082_new)
 <LI><a href="#[8b]">packet_parse</a> from itf_00010083.o(i.packet_parse) referenced from itf_00010083.o(i.Itf_00010083_new)
 <LI><a href="#[8d]">packet_parse</a> from itf_000100a0.o(i.packet_parse) referenced from itf_000100a0.o(i.Itf_000100a0_new)
 <LI><a href="#[8f]">packet_parse</a> from itf_000100a1.o(i.packet_parse) referenced from itf_000100a1.o(i.Itf_000100a1_new)
 <LI><a href="#[91]">packet_parse</a> from itf_000100a2.o(i.packet_parse) referenced from itf_000100a2.o(i.Itf_000100a2_new)
 <LI><a href="#[93]">packet_parse</a> from itf_01000b04.o(i.packet_parse) referenced from itf_01000b04.o(i.Itf_01000b04_new)
 <LI><a href="#[95]">packet_parse</a> from itf_01000c20.o(i.packet_parse) referenced from itf_01000c20.o(i.Itf_01000c20_new)
 <LI><a href="#[97]">packet_parse</a> from itf_01000c21.o(i.packet_parse) referenced from itf_01000c21.o(i.Itf_01000c21_new)
 <LI><a href="#[99]">packet_parse</a> from itf_01000c23.o(i.packet_parse) referenced from itf_01000c23.o(i.Itf_01000c23_new)
 <LI><a href="#[ef]">packet_parse</a> from itf_00020000.o(i.packet_parse) referenced from itf_00020000.o(i.itf_00020000_new)
 <LI><a href="#[f1]">packet_parse</a> from itf_00020001.o(i.packet_parse) referenced from itf_00020001.o(i.itf_00020001_new)
 <LI><a href="#[f3]">packet_parse</a> from itf_00030000.o(i.packet_parse) referenced from itf_00030000.o(i.itf_00030000_new)
 <LI><a href="#[f5]">packet_parse</a> from itf_00030001.o(i.packet_parse) referenced from itf_00030001.o(i.itf_00030001_new)
 <LI><a href="#[f7]">packet_parse</a> from itf_00040000.o(i.packet_parse) referenced from itf_00040000.o(i.itf_00040000_new)
 <LI><a href="#[f9]">packet_parse</a> from itf_00040001.o(i.packet_parse) referenced from itf_00040001.o(i.itf_00040001_new)
 <LI><a href="#[fb]">packet_parse</a> from itf_00040010.o(i.packet_parse) referenced from itf_00040010.o(i.itf_00040010_new)
 <LI><a href="#[fd]">packet_parse</a> from itf_00040020.o(i.packet_parse) referenced from itf_00040020.o(i.itf_00040020_new)
 <LI><a href="#[ff]">packet_parse</a> from itf_00040030.o(i.packet_parse) referenced from itf_00040030.o(i.itf_00040030_new)
 <LI><a href="#[c6]">queue0_pend</a> from motor_cfg.o(i.queue0_pend) referenced from motor_cfg.o(i.MotorInit)
 <LI><a href="#[110]">queue0_pend</a> from rv_cfg.o(i.queue0_pend) referenced from rv_cfg.o(i.rv_hd_init)
 <LI><a href="#[c5]">queue0_post</a> from motor_cfg.o(i.queue0_post) referenced from motor_cfg.o(i.MotorInit)
 <LI><a href="#[10f]">queue0_post</a> from rv_cfg.o(i.queue0_post) referenced from rv_cfg.o(i.rv_hd_init)
 <LI><a href="#[c8]">queue1_pend</a> from motor_cfg.o(i.queue1_pend) referenced from motor_cfg.o(i.MotorInit)
 <LI><a href="#[113]">queue1_pend</a> from rv_cfg.o(i.queue1_pend) referenced from rv_cfg.o(i.rv_hd_init)
 <LI><a href="#[c7]">queue1_post</a> from motor_cfg.o(i.queue1_post) referenced from motor_cfg.o(i.MotorInit)
 <LI><a href="#[112]">queue1_post</a> from rv_cfg.o(i.queue1_post) referenced from rv_cfg.o(i.rv_hd_init)
 <LI><a href="#[ca]">queue2_pend</a> from motor_cfg.o(i.queue2_pend) referenced from motor_cfg.o(i.MotorInit)
 <LI><a href="#[c9]">queue2_post</a> from motor_cfg.o(i.queue2_post) referenced from motor_cfg.o(i.MotorInit)
 <LI><a href="#[cc]">queue3_pend</a> from motor_cfg.o(i.queue3_pend) referenced from motor_cfg.o(i.MotorInit)
 <LI><a href="#[cb]">queue3_post</a> from motor_cfg.o(i.queue3_post) referenced from motor_cfg.o(i.MotorInit)
 <LI><a href="#[72]">ret_and_free</a> from itf_00010000.o(i.ret_and_free) referenced from itf_00010000.o(i.Itf_00010000_new)
 <LI><a href="#[74]">ret_and_free</a> from itf_00010010.o(i.ret_and_free) referenced from itf_00010010.o(i.Itf_00010010_new)
 <LI><a href="#[76]">ret_and_free</a> from itf_00010020 .o(i.ret_and_free) referenced from itf_00010020 .o(i.Itf_00010020_new)
 <LI><a href="#[78]">ret_and_free</a> from itf_00010030 .o(i.ret_and_free) referenced from itf_00010030 .o(i.Itf_00010030_new)
 <LI><a href="#[7a]">ret_and_free</a> from itf_00010031.o(i.ret_and_free) referenced from itf_00010031.o(i.Itf_00010031_new)
 <LI><a href="#[7c]">ret_and_free</a> from itf_00010040 .o(i.ret_and_free) referenced from itf_00010040 .o(i.Itf_00010040_new)
 <LI><a href="#[7e]">ret_and_free</a> from itf_00010050.o(i.ret_and_free) referenced from itf_00010050.o(i.Itf_00010050_new)
 <LI><a href="#[80]">ret_and_free</a> from itf_00010060.o(i.ret_and_free) referenced from itf_00010060.o(i.Itf_00010060_new)
 <LI><a href="#[82]">ret_and_free</a> from itf_00010062.o(i.ret_and_free) referenced from itf_00010062.o(i.Itf_00010062_new)
 <LI><a href="#[84]">ret_and_free</a> from itf_00010070.o(i.ret_and_free) referenced from itf_00010070.o(i.Itf_00010070_new)
 <LI><a href="#[86]">ret_and_free</a> from itf_00010071.o(i.ret_and_free) referenced from itf_00010071.o(i.Itf_00010071_new)
 <LI><a href="#[88]">ret_and_free</a> from itf_00010080.o(i.ret_and_free) referenced from itf_00010080.o(i.Itf_00010080_new)
 <LI><a href="#[8a]">ret_and_free</a> from itf_00010082.o(i.ret_and_free) referenced from itf_00010082.o(i.Itf_00010082_new)
 <LI><a href="#[8c]">ret_and_free</a> from itf_00010083.o(i.ret_and_free) referenced from itf_00010083.o(i.Itf_00010083_new)
 <LI><a href="#[8e]">ret_and_free</a> from itf_000100a0.o(i.ret_and_free) referenced from itf_000100a0.o(i.Itf_000100a0_new)
 <LI><a href="#[90]">ret_and_free</a> from itf_000100a1.o(i.ret_and_free) referenced from itf_000100a1.o(i.Itf_000100a1_new)
 <LI><a href="#[92]">ret_and_free</a> from itf_000100a2.o(i.ret_and_free) referenced from itf_000100a2.o(i.Itf_000100a2_new)
 <LI><a href="#[94]">ret_and_free</a> from itf_01000b04.o(i.ret_and_free) referenced from itf_01000b04.o(i.Itf_01000b04_new)
 <LI><a href="#[96]">ret_and_free</a> from itf_01000c20.o(i.ret_and_free) referenced from itf_01000c20.o(i.Itf_01000c20_new)
 <LI><a href="#[98]">ret_and_free</a> from itf_01000c21.o(i.ret_and_free) referenced from itf_01000c21.o(i.Itf_01000c21_new)
 <LI><a href="#[9a]">ret_and_free</a> from itf_01000c23.o(i.ret_and_free) referenced from itf_01000c23.o(i.Itf_01000c23_new)
 <LI><a href="#[f0]">rtn_and_free</a> from itf_00020000.o(i.rtn_and_free) referenced from itf_00020000.o(i.itf_00020000_new)
 <LI><a href="#[f2]">rtn_and_free</a> from itf_00020001.o(i.rtn_and_free) referenced from itf_00020001.o(i.itf_00020001_new)
 <LI><a href="#[f4]">rtn_and_free</a> from itf_00030000.o(i.rtn_and_free) referenced from itf_00030000.o(i.itf_00030000_new)
 <LI><a href="#[f6]">rtn_and_free</a> from itf_00030001.o(i.rtn_and_free) referenced from itf_00030001.o(i.itf_00030001_new)
 <LI><a href="#[f8]">rtn_and_free</a> from itf_00040000.o(i.rtn_and_free) referenced from itf_00040000.o(i.itf_00040000_new)
 <LI><a href="#[fa]">rtn_and_free</a> from itf_00040001.o(i.rtn_and_free) referenced from itf_00040001.o(i.itf_00040001_new)
 <LI><a href="#[fc]">rtn_and_free</a> from itf_00040010.o(i.rtn_and_free) referenced from itf_00040010.o(i.itf_00040010_new)
 <LI><a href="#[fe]">rtn_and_free</a> from itf_00040020.o(i.rtn_and_free) referenced from itf_00040020.o(i.itf_00040020_new)
 <LI><a href="#[100]">rtn_and_free</a> from itf_00040030.o(i.rtn_and_free) referenced from itf_00040030.o(i.itf_00040030_new)
 <LI><a href="#[10b]">run_auto_channel</a> from runze_sv04_new.o(i.run_auto_channel) referenced from runze_sv04_new.o(i.runze_new)
 <LI><a href="#[10c]">run_auto_channel_between</a> from runze_sv04_new.o(i.run_auto_channel_between) referenced from runze_sv04_new.o(i.runze_new)
 <LI><a href="#[109]">run_channel</a> from runze_sv04_new.o(i.run_channel) referenced from runze_sv04_new.o(i.runze_new)
 <LI><a href="#[10d]">run_channel_between</a> from runze_sv04_new.o(i.run_channel_between) referenced from runze_sv04_new.o(i.runze_new)
 <LI><a href="#[10a]">run_reset</a> from runze_sv04_new.o(i.run_reset) referenced from runze_sv04_new.o(i.runze_new)
 <LI><a href="#[115]">rv_ctrl_thread</a> from rv_thread.o(i.rv_ctrl_thread) referenced from rv_thread.o(i.rv_thread_init)
 <LI><a href="#[ed]">rx_packet_thread</a> from bus.o(i.rx_packet_thread) referenced from bus.o(i.bus_app_init)
 <LI><a href="#[11a]">timing_io_write</a> from io_mod.o(i.timing_io_write) referenced from io_mod.o(i.writable_io_new)
 <LI><a href="#[111]">uart0_bytes_send</a> from rv_cfg.o(i.uart0_bytes_send) referenced from rv_cfg.o(i.rv_hd_init)
 <LI><a href="#[114]">uart1_bytes_send</a> from rv_cfg.o(i.uart1_bytes_send) referenced from rv_cfg.o(i.rv_hd_init)
</UL>
<P>
<H3>
Global Symbols
</H3>
<P><STRONG><a name="[11b]"></a>__main</STRONG> (Thumb, 8 bytes, Stack size 0 bytes, __main.o(!!!main))
<BR><BR>[Calls]<UL><LI><a href="#[11d]">&gt;&gt;</a>&nbsp;&nbsp;&nbsp;__rt_entry
<LI><a href="#[11c]">&gt;&gt;</a>&nbsp;&nbsp;&nbsp;__scatterload
</UL>

<P><STRONG><a name="[11c]"></a>__scatterload</STRONG> (Thumb, 0 bytes, Stack size unknown bytes, __scatter.o(!!!scatter))
<BR><BR>[Called By]<UL><LI><a href="#[11b]">&gt;&gt;</a>&nbsp;&nbsp;&nbsp;__main
</UL>

<P><STRONG><a name="[11e]"></a>__scatterload_rt2</STRONG> (Thumb, 44 bytes, Stack size unknown bytes, __scatter.o(!!!scatter), UNUSED)
<BR><BR>[Calls]<UL><LI><a href="#[11d]">&gt;&gt;</a>&nbsp;&nbsp;&nbsp;__rt_entry
</UL>

<P><STRONG><a name="[325]"></a>__scatterload_rt2_thumb_only</STRONG> (Thumb, 0 bytes, Stack size unknown bytes, __scatter.o(!!!scatter), UNUSED)

<P><STRONG><a name="[326]"></a>__scatterload_null</STRONG> (Thumb, 0 bytes, Stack size unknown bytes, __scatter.o(!!!scatter), UNUSED)

<P><STRONG><a name="[327]"></a>__decompress</STRONG> (Thumb, 90 bytes, Stack size unknown bytes, __dczerorl2.o(!!dczerorl2), UNUSED)

<P><STRONG><a name="[328]"></a>__decompress1</STRONG> (Thumb, 0 bytes, Stack size unknown bytes, __dczerorl2.o(!!dczerorl2), UNUSED)

<P><STRONG><a name="[329]"></a>__scatterload_zeroinit</STRONG> (Thumb, 28 bytes, Stack size unknown bytes, __scatter_zi.o(!!handler_zi), UNUSED)

<P><STRONG><a name="[11f]"></a>_printf_f</STRONG> (Thumb, 0 bytes, Stack size unknown bytes, _printf_f.o(.ARM.Collect$$_printf_percent$$00000003))
<BR><BR>[Stack]<UL><LI>Max Depth = 324 + Unknown Stack Size
<LI>Call Chain = _printf_f &rArr; _printf_fp_dec &rArr; _printf_fp_dec_real &rArr; _fp_digits &rArr; _btod_etento &rArr; _btod_emul &rArr; _e2e
</UL>
<BR>[Calls]<UL><LI><a href="#[120]">&gt;&gt;</a>&nbsp;&nbsp;&nbsp;_printf_fp_dec
</UL>

<P><STRONG><a name="[144]"></a>_printf_percent</STRONG> (Thumb, 0 bytes, Stack size unknown bytes, _printf_percent.o(.ARM.Collect$$_printf_percent$$00000000))
<BR><BR>[Called By]<UL><LI><a href="#[143]">&gt;&gt;</a>&nbsp;&nbsp;&nbsp;__printf
</UL>

<P><STRONG><a name="[121]"></a>_printf_d</STRONG> (Thumb, 0 bytes, Stack size unknown bytes, _printf_d.o(.ARM.Collect$$_printf_percent$$00000009))
<BR><BR>[Stack]<UL><LI>Max Depth = 56 + Unknown Stack Size
<LI>Call Chain = _printf_d &rArr; _printf_int_dec &rArr; _printf_int_common
</UL>
<BR>[Calls]<UL><LI><a href="#[122]">&gt;&gt;</a>&nbsp;&nbsp;&nbsp;_printf_int_dec
</UL>

<P><STRONG><a name="[123]"></a>_printf_x</STRONG> (Thumb, 0 bytes, Stack size unknown bytes, _printf_x.o(.ARM.Collect$$_printf_percent$$0000000C))
<BR><BR>[Stack]<UL><LI>Max Depth = 48 + Unknown Stack Size
<LI>Call Chain = _printf_x &rArr; _printf_int_hex &rArr; _printf_int_common
</UL>
<BR>[Calls]<UL><LI><a href="#[124]">&gt;&gt;</a>&nbsp;&nbsp;&nbsp;_printf_int_hex
</UL>

<P><STRONG><a name="[125]"></a>_printf_s</STRONG> (Thumb, 0 bytes, Stack size unknown bytes, _printf_s.o(.ARM.Collect$$_printf_percent$$00000014))
<BR><BR>[Stack]<UL><LI>Max Depth = 24 + Unknown Stack Size
<LI>Call Chain = _printf_s &rArr; _printf_string &rArr; _printf_cs_common &rArr; _printf_str
</UL>
<BR>[Calls]<UL><LI><a href="#[126]">&gt;&gt;</a>&nbsp;&nbsp;&nbsp;_printf_string
</UL>

<P><STRONG><a name="[32a]"></a>_printf_percent_end</STRONG> (Thumb, 0 bytes, Stack size unknown bytes, _printf_percent_end.o(.ARM.Collect$$_printf_percent$$00000017))

<P><STRONG><a name="[132]"></a>__rt_lib_init</STRONG> (Thumb, 0 bytes, Stack size unknown bytes, libinit.o(.ARM.Collect$$libinit$$00000000))
<BR><BR>[Called By]<UL><LI><a href="#[131]">&gt;&gt;</a>&nbsp;&nbsp;&nbsp;__rt_entry_li
</UL>

<P><STRONG><a name="[32b]"></a>__rt_lib_init_fp_1</STRONG> (Thumb, 0 bytes, Stack size unknown bytes, libinit2.o(.ARM.Collect$$libinit$$00000002))

<P><STRONG><a name="[127]"></a>__rt_lib_init_heap_2</STRONG> (Thumb, 0 bytes, Stack size unknown bytes, libinit2.o(.ARM.Collect$$libinit$$00000005))
<BR><BR>[Stack]<UL><LI>Max Depth = 120 + Unknown Stack Size
<LI>Call Chain = __rt_lib_init_heap_2 &rArr; _init_alloc &rArr; __rt_SIGRTMEM &rArr; __rt_SIGRTMEM_inner &rArr; __default_signal_display &rArr; _ttywrch &rArr; HAL_UART_Transmit &rArr; UART_WaitOnFlagUntilTimeout
</UL>
<BR>[Calls]<UL><LI><a href="#[128]">&gt;&gt;</a>&nbsp;&nbsp;&nbsp;_init_alloc
</UL>

<P><STRONG><a name="[32c]"></a>__rt_lib_init_preinit_1</STRONG> (Thumb, 0 bytes, Stack size unknown bytes, libinit2.o(.ARM.Collect$$libinit$$00000004))

<P><STRONG><a name="[32d]"></a>__rt_lib_init_heap_1</STRONG> (Thumb, 0 bytes, Stack size unknown bytes, libinit2.o(.ARM.Collect$$libinit$$0000000A))

<P><STRONG><a name="[129]"></a>__rt_lib_init_lc_common</STRONG> (Thumb, 0 bytes, Stack size unknown bytes, libinit2.o(.ARM.Collect$$libinit$$0000000F))
<BR><BR>[Calls]<UL><LI><a href="#[12a]">&gt;&gt;</a>&nbsp;&nbsp;&nbsp;__rt_locale
</UL>

<P><STRONG><a name="[32e]"></a>__rt_lib_init_rand_1</STRONG> (Thumb, 0 bytes, Stack size unknown bytes, libinit2.o(.ARM.Collect$$libinit$$0000000E))

<P><STRONG><a name="[32f]"></a>__rt_lib_init_user_alloc_1</STRONG> (Thumb, 0 bytes, Stack size unknown bytes, libinit2.o(.ARM.Collect$$libinit$$0000000C))

<P><STRONG><a name="[330]"></a>__rt_lib_init_lc_collate_1</STRONG> (Thumb, 0 bytes, Stack size unknown bytes, libinit2.o(.ARM.Collect$$libinit$$00000011))

<P><STRONG><a name="[331]"></a>__rt_lib_init_lc_ctype_1</STRONG> (Thumb, 0 bytes, Stack size unknown bytes, libinit2.o(.ARM.Collect$$libinit$$00000013))

<P><STRONG><a name="[332]"></a>__rt_lib_init_lc_monetary_1</STRONG> (Thumb, 0 bytes, Stack size unknown bytes, libinit2.o(.ARM.Collect$$libinit$$00000015))

<P><STRONG><a name="[12b]"></a>__rt_lib_init_lc_numeric_2</STRONG> (Thumb, 0 bytes, Stack size unknown bytes, libinit2.o(.ARM.Collect$$libinit$$00000016))
<BR><BR>[Stack]<UL><LI>Max Depth = 8 + Unknown Stack Size
<LI>Call Chain = __rt_lib_init_lc_numeric_2 &rArr; _get_lc_numeric
</UL>
<BR>[Calls]<UL><LI><a href="#[12c]">&gt;&gt;</a>&nbsp;&nbsp;&nbsp;_get_lc_numeric
</UL>

<P><STRONG><a name="[333]"></a>__rt_lib_init_alloca_1</STRONG> (Thumb, 0 bytes, Stack size unknown bytes, libinit2.o(.ARM.Collect$$libinit$$0000002E))

<P><STRONG><a name="[334]"></a>__rt_lib_init_argv_1</STRONG> (Thumb, 0 bytes, Stack size unknown bytes, libinit2.o(.ARM.Collect$$libinit$$0000002C))

<P><STRONG><a name="[335]"></a>__rt_lib_init_atexit_1</STRONG> (Thumb, 0 bytes, Stack size unknown bytes, libinit2.o(.ARM.Collect$$libinit$$0000001B))

<P><STRONG><a name="[336]"></a>__rt_lib_init_clock_1</STRONG> (Thumb, 0 bytes, Stack size unknown bytes, libinit2.o(.ARM.Collect$$libinit$$00000021))

<P><STRONG><a name="[337]"></a>__rt_lib_init_cpp_1</STRONG> (Thumb, 0 bytes, Stack size unknown bytes, libinit2.o(.ARM.Collect$$libinit$$00000032))

<P><STRONG><a name="[338]"></a>__rt_lib_init_exceptions_1</STRONG> (Thumb, 0 bytes, Stack size unknown bytes, libinit2.o(.ARM.Collect$$libinit$$00000030))

<P><STRONG><a name="[339]"></a>__rt_lib_init_fp_trap_1</STRONG> (Thumb, 0 bytes, Stack size unknown bytes, libinit2.o(.ARM.Collect$$libinit$$0000001F))

<P><STRONG><a name="[33a]"></a>__rt_lib_init_getenv_1</STRONG> (Thumb, 0 bytes, Stack size unknown bytes, libinit2.o(.ARM.Collect$$libinit$$00000023))

<P><STRONG><a name="[33b]"></a>__rt_lib_init_lc_numeric_1</STRONG> (Thumb, 0 bytes, Stack size unknown bytes, libinit2.o(.ARM.Collect$$libinit$$00000017))

<P><STRONG><a name="[33c]"></a>__rt_lib_init_lc_time_1</STRONG> (Thumb, 0 bytes, Stack size unknown bytes, libinit2.o(.ARM.Collect$$libinit$$00000019))

<P><STRONG><a name="[33d]"></a>__rt_lib_init_return</STRONG> (Thumb, 0 bytes, Stack size unknown bytes, libinit2.o(.ARM.Collect$$libinit$$00000033))

<P><STRONG><a name="[33e]"></a>__rt_lib_init_signal_1</STRONG> (Thumb, 0 bytes, Stack size unknown bytes, libinit2.o(.ARM.Collect$$libinit$$0000001D))

<P><STRONG><a name="[33f]"></a>__rt_lib_init_stdio_1</STRONG> (Thumb, 0 bytes, Stack size unknown bytes, libinit2.o(.ARM.Collect$$libinit$$00000025))

<P><STRONG><a name="[137]"></a>__rt_lib_shutdown</STRONG> (Thumb, 0 bytes, Stack size unknown bytes, libshutdown.o(.ARM.Collect$$libshutdown$$00000000))
<BR><BR>[Called By]<UL><LI><a href="#[136]">&gt;&gt;</a>&nbsp;&nbsp;&nbsp;__rt_exit_ls
</UL>

<P><STRONG><a name="[340]"></a>__rt_lib_shutdown_cpp_1</STRONG> (Thumb, 0 bytes, Stack size unknown bytes, libshutdown2.o(.ARM.Collect$$libshutdown$$00000004))

<P><STRONG><a name="[341]"></a>__rt_lib_shutdown_fini_1</STRONG> (Thumb, 0 bytes, Stack size unknown bytes, libshutdown2.o(.ARM.Collect$$libshutdown$$00000002))

<P><STRONG><a name="[342]"></a>__rt_lib_shutdown_fp_trap_1</STRONG> (Thumb, 0 bytes, Stack size unknown bytes, libshutdown2.o(.ARM.Collect$$libshutdown$$00000009))

<P><STRONG><a name="[12d]"></a>__rt_lib_shutdown_heap_2</STRONG> (Thumb, 0 bytes, Stack size unknown bytes, libshutdown2.o(.ARM.Collect$$libshutdown$$0000000F))
<BR><BR>[Stack]<UL><LI>Max Depth = 144 + Unknown Stack Size
<LI>Call Chain = __rt_lib_shutdown_heap_2 &rArr; _terminate_alloc &rArr; __Heap_Finalize &rArr; _mutex_free &rArr; __2printf &rArr; _printf_char_file &rArr; _printf_char_common &rArr; __printf
</UL>
<BR>[Calls]<UL><LI><a href="#[12e]">&gt;&gt;</a>&nbsp;&nbsp;&nbsp;_terminate_alloc
</UL>

<P><STRONG><a name="[343]"></a>__rt_lib_shutdown_signal_1</STRONG> (Thumb, 0 bytes, Stack size unknown bytes, libshutdown2.o(.ARM.Collect$$libshutdown$$0000000C))

<P><STRONG><a name="[344]"></a>__rt_lib_shutdown_stdio_1</STRONG> (Thumb, 0 bytes, Stack size unknown bytes, libshutdown2.o(.ARM.Collect$$libshutdown$$00000006))

<P><STRONG><a name="[345]"></a>__rt_lib_shutdown_user_alloc_1</STRONG> (Thumb, 0 bytes, Stack size unknown bytes, libshutdown2.o(.ARM.Collect$$libshutdown$$0000000E))

<P><STRONG><a name="[346]"></a>__rt_lib_shutdown_heap_1</STRONG> (Thumb, 0 bytes, Stack size unknown bytes, libshutdown2.o(.ARM.Collect$$libshutdown$$00000011))

<P><STRONG><a name="[347]"></a>__rt_lib_shutdown_return</STRONG> (Thumb, 0 bytes, Stack size unknown bytes, libshutdown2.o(.ARM.Collect$$libshutdown$$00000012))

<P><STRONG><a name="[11d]"></a>__rt_entry</STRONG> (Thumb, 0 bytes, Stack size unknown bytes, __rtentry.o(.ARM.Collect$$rtentry$$00000000))
<BR><BR>[Called By]<UL><LI><a href="#[11b]">&gt;&gt;</a>&nbsp;&nbsp;&nbsp;__main
<LI><a href="#[11e]">&gt;&gt;</a>&nbsp;&nbsp;&nbsp;__scatterload_rt2
</UL>

<P><STRONG><a name="[348]"></a>__rt_entry_presh_1</STRONG> (Thumb, 0 bytes, Stack size unknown bytes, __rtentry2.o(.ARM.Collect$$rtentry$$00000002))

<P><STRONG><a name="[12f]"></a>__rt_entry_sh</STRONG> (Thumb, 0 bytes, Stack size unknown bytes, __rtentry4.o(.ARM.Collect$$rtentry$$00000004))
<BR><BR>[Stack]<UL><LI>Max Depth = 8 + Unknown Stack Size
<LI>Call Chain = __rt_entry_sh &rArr; __user_setup_stackheap
</UL>
<BR>[Calls]<UL><LI><a href="#[130]">&gt;&gt;</a>&nbsp;&nbsp;&nbsp;__user_setup_stackheap
</UL>

<P><STRONG><a name="[131]"></a>__rt_entry_li</STRONG> (Thumb, 0 bytes, Stack size unknown bytes, __rtentry2.o(.ARM.Collect$$rtentry$$0000000A))
<BR><BR>[Calls]<UL><LI><a href="#[132]">&gt;&gt;</a>&nbsp;&nbsp;&nbsp;__rt_lib_init
</UL>

<P><STRONG><a name="[349]"></a>__rt_entry_postsh_1</STRONG> (Thumb, 0 bytes, Stack size unknown bytes, __rtentry2.o(.ARM.Collect$$rtentry$$00000009))

<P><STRONG><a name="[133]"></a>__rt_entry_main</STRONG> (Thumb, 0 bytes, Stack size unknown bytes, __rtentry2.o(.ARM.Collect$$rtentry$$0000000D))
<BR><BR>[Stack]<UL><LI>Max Depth = 168 + Unknown Stack Size
<LI>Call Chain = __rt_entry_main &rArr; main &rArr; my_main &rArr; OSInit &rArr; OS_InitTaskStat &rArr; OSTaskCreateExt &rArr; OS_TCBInit &rArr; OSTaskCreateHook
</UL>
<BR>[Calls]<UL><LI><a href="#[134]">&gt;&gt;</a>&nbsp;&nbsp;&nbsp;main
<LI><a href="#[135]">&gt;&gt;</a>&nbsp;&nbsp;&nbsp;exit
</UL>

<P><STRONG><a name="[34a]"></a>__rt_entry_postli_1</STRONG> (Thumb, 0 bytes, Stack size unknown bytes, __rtentry2.o(.ARM.Collect$$rtentry$$0000000C))

<P><STRONG><a name="[165]"></a>__rt_exit</STRONG> (Thumb, 0 bytes, Stack size unknown bytes, rtexit.o(.ARM.Collect$$rtexit$$00000000))
<BR><BR>[Called By]<UL><LI><a href="#[135]">&gt;&gt;</a>&nbsp;&nbsp;&nbsp;exit
</UL>

<P><STRONG><a name="[136]"></a>__rt_exit_ls</STRONG> (Thumb, 0 bytes, Stack size unknown bytes, rtexit2.o(.ARM.Collect$$rtexit$$00000003))
<BR><BR>[Calls]<UL><LI><a href="#[137]">&gt;&gt;</a>&nbsp;&nbsp;&nbsp;__rt_lib_shutdown
</UL>

<P><STRONG><a name="[34b]"></a>__rt_exit_prels_1</STRONG> (Thumb, 0 bytes, Stack size unknown bytes, rtexit2.o(.ARM.Collect$$rtexit$$00000002))

<P><STRONG><a name="[138]"></a>__rt_exit_exit</STRONG> (Thumb, 0 bytes, Stack size unknown bytes, rtexit2.o(.ARM.Collect$$rtexit$$00000004))
<BR><BR>[Calls]<UL><LI><a href="#[139]">&gt;&gt;</a>&nbsp;&nbsp;&nbsp;_sys_exit
</UL>

<P><STRONG><a name="[9]"></a>Reset_Handler</STRONG> (Thumb, 8 bytes, Stack size 0 bytes, startup_stm32f407xx.o(.text))
<BR>[Address Reference Count : 1]<UL><LI> startup_stm32f407xx.o(RESET)
</UL>
<P><STRONG><a name="[34c]"></a>_maybe_terminate_alloc</STRONG> (Thumb, 0 bytes, Stack size 0 bytes, maybetermalloc2.o(.emb_text), UNUSED)

<P><STRONG><a name="[a]"></a>NMI_Handler</STRONG> (Thumb, 2 bytes, Stack size 0 bytes, startup_stm32f407xx.o(.text))
<BR><BR>[Calls]<UL><LI><a href="#[a]">&gt;&gt;</a>&nbsp;&nbsp;&nbsp;NMI_Handler
</UL>
<BR>[Called By]<UL><LI><a href="#[a]">&gt;&gt;</a>&nbsp;&nbsp;&nbsp;NMI_Handler
</UL>
<BR>[Address Reference Count : 1]<UL><LI> startup_stm32f407xx.o(RESET)
</UL>
<P><STRONG><a name="[c]"></a>MemManage_Handler</STRONG> (Thumb, 2 bytes, Stack size 0 bytes, startup_stm32f407xx.o(.text))
<BR><BR>[Calls]<UL><LI><a href="#[c]">&gt;&gt;</a>&nbsp;&nbsp;&nbsp;MemManage_Handler
</UL>
<BR>[Called By]<UL><LI><a href="#[c]">&gt;&gt;</a>&nbsp;&nbsp;&nbsp;MemManage_Handler
</UL>
<BR>[Address Reference Count : 1]<UL><LI> startup_stm32f407xx.o(RESET)
</UL>
<P><STRONG><a name="[d]"></a>BusFault_Handler</STRONG> (Thumb, 2 bytes, Stack size 0 bytes, startup_stm32f407xx.o(.text))
<BR><BR>[Calls]<UL><LI><a href="#[d]">&gt;&gt;</a>&nbsp;&nbsp;&nbsp;BusFault_Handler
</UL>
<BR>[Called By]<UL><LI><a href="#[d]">&gt;&gt;</a>&nbsp;&nbsp;&nbsp;BusFault_Handler
</UL>
<BR>[Address Reference Count : 1]<UL><LI> startup_stm32f407xx.o(RESET)
</UL>
<P><STRONG><a name="[e]"></a>UsageFault_Handler</STRONG> (Thumb, 2 bytes, Stack size 0 bytes, startup_stm32f407xx.o(.text))
<BR><BR>[Calls]<UL><LI><a href="#[e]">&gt;&gt;</a>&nbsp;&nbsp;&nbsp;UsageFault_Handler
</UL>
<BR>[Called By]<UL><LI><a href="#[e]">&gt;&gt;</a>&nbsp;&nbsp;&nbsp;UsageFault_Handler
</UL>
<BR>[Address Reference Count : 1]<UL><LI> startup_stm32f407xx.o(RESET)
</UL>
<P><STRONG><a name="[f]"></a>SVC_Handler</STRONG> (Thumb, 2 bytes, Stack size 0 bytes, startup_stm32f407xx.o(.text))
<BR><BR>[Calls]<UL><LI><a href="#[f]">&gt;&gt;</a>&nbsp;&nbsp;&nbsp;SVC_Handler
</UL>
<BR>[Called By]<UL><LI><a href="#[f]">&gt;&gt;</a>&nbsp;&nbsp;&nbsp;SVC_Handler
</UL>
<BR>[Address Reference Count : 1]<UL><LI> startup_stm32f407xx.o(RESET)
</UL>
<P><STRONG><a name="[10]"></a>DebugMon_Handler</STRONG> (Thumb, 2 bytes, Stack size 0 bytes, startup_stm32f407xx.o(.text))
<BR><BR>[Calls]<UL><LI><a href="#[10]">&gt;&gt;</a>&nbsp;&nbsp;&nbsp;DebugMon_Handler
</UL>
<BR>[Called By]<UL><LI><a href="#[10]">&gt;&gt;</a>&nbsp;&nbsp;&nbsp;DebugMon_Handler
</UL>
<BR>[Address Reference Count : 1]<UL><LI> startup_stm32f407xx.o(RESET)
</UL>
<P><STRONG><a name="[25]"></a>ADC_IRQHandler</STRONG> (Thumb, 0 bytes, Stack size 0 bytes, startup_stm32f407xx.o(.text))
<BR><BR>[Calls]<UL><LI><a href="#[25]">&gt;&gt;</a>&nbsp;&nbsp;&nbsp;ADC_IRQHandler
</UL>
<BR>[Called By]<UL><LI><a href="#[25]">&gt;&gt;</a>&nbsp;&nbsp;&nbsp;ADC_IRQHandler
</UL>
<BR>[Address Reference Count : 1]<UL><LI> startup_stm32f407xx.o(RESET)
</UL>
<P><STRONG><a name="[28]"></a>CAN1_RX1_IRQHandler</STRONG> (Thumb, 0 bytes, Stack size 0 bytes, startup_stm32f407xx.o(.text))
<BR>[Address Reference Count : 1]<UL><LI> startup_stm32f407xx.o(RESET)
</UL>
<P><STRONG><a name="[26]"></a>CAN1_TX_IRQHandler</STRONG> (Thumb, 0 bytes, Stack size 0 bytes, startup_stm32f407xx.o(.text))
<BR>[Address Reference Count : 1]<UL><LI> startup_stm32f407xx.o(RESET)
</UL>
<P><STRONG><a name="[53]"></a>CAN2_RX0_IRQHandler</STRONG> (Thumb, 0 bytes, Stack size 0 bytes, startup_stm32f407xx.o(.text))
<BR>[Address Reference Count : 1]<UL><LI> startup_stm32f407xx.o(RESET)
</UL>
<P><STRONG><a name="[54]"></a>CAN2_RX1_IRQHandler</STRONG> (Thumb, 0 bytes, Stack size 0 bytes, startup_stm32f407xx.o(.text))
<BR>[Address Reference Count : 1]<UL><LI> startup_stm32f407xx.o(RESET)
</UL>
<P><STRONG><a name="[55]"></a>CAN2_SCE_IRQHandler</STRONG> (Thumb, 0 bytes, Stack size 0 bytes, startup_stm32f407xx.o(.text))
<BR>[Address Reference Count : 1]<UL><LI> startup_stm32f407xx.o(RESET)
</UL>
<P><STRONG><a name="[52]"></a>CAN2_TX_IRQHandler</STRONG> (Thumb, 0 bytes, Stack size 0 bytes, startup_stm32f407xx.o(.text))
<BR>[Address Reference Count : 1]<UL><LI> startup_stm32f407xx.o(RESET)
</UL>
<P><STRONG><a name="[61]"></a>DCMI_IRQHandler</STRONG> (Thumb, 0 bytes, Stack size 0 bytes, startup_stm32f407xx.o(.text))
<BR>[Address Reference Count : 1]<UL><LI> startup_stm32f407xx.o(RESET)
</UL>
<P><STRONG><a name="[1e]"></a>DMA1_Stream0_IRQHandler</STRONG> (Thumb, 0 bytes, Stack size 0 bytes, startup_stm32f407xx.o(.text))
<BR>[Address Reference Count : 1]<UL><LI> startup_stm32f407xx.o(RESET)
</UL>
<P><STRONG><a name="[1f]"></a>DMA1_Stream1_IRQHandler</STRONG> (Thumb, 0 bytes, Stack size 0 bytes, startup_stm32f407xx.o(.text))
<BR>[Address Reference Count : 1]<UL><LI> startup_stm32f407xx.o(RESET)
</UL>
<P><STRONG><a name="[20]"></a>DMA1_Stream2_IRQHandler</STRONG> (Thumb, 0 bytes, Stack size 0 bytes, startup_stm32f407xx.o(.text))
<BR>[Address Reference Count : 1]<UL><LI> startup_stm32f407xx.o(RESET)
</UL>
<P><STRONG><a name="[21]"></a>DMA1_Stream3_IRQHandler</STRONG> (Thumb, 0 bytes, Stack size 0 bytes, startup_stm32f407xx.o(.text))
<BR>[Address Reference Count : 1]<UL><LI> startup_stm32f407xx.o(RESET)
</UL>
<P><STRONG><a name="[22]"></a>DMA1_Stream4_IRQHandler</STRONG> (Thumb, 0 bytes, Stack size 0 bytes, startup_stm32f407xx.o(.text))
<BR>[Address Reference Count : 1]<UL><LI> startup_stm32f407xx.o(RESET)
</UL>
<P><STRONG><a name="[23]"></a>DMA1_Stream5_IRQHandler</STRONG> (Thumb, 0 bytes, Stack size 0 bytes, startup_stm32f407xx.o(.text))
<BR>[Address Reference Count : 1]<UL><LI> startup_stm32f407xx.o(RESET)
</UL>
<P><STRONG><a name="[24]"></a>DMA1_Stream6_IRQHandler</STRONG> (Thumb, 0 bytes, Stack size 0 bytes, startup_stm32f407xx.o(.text))
<BR>[Address Reference Count : 1]<UL><LI> startup_stm32f407xx.o(RESET)
</UL>
<P><STRONG><a name="[42]"></a>DMA1_Stream7_IRQHandler</STRONG> (Thumb, 0 bytes, Stack size 0 bytes, startup_stm32f407xx.o(.text))
<BR>[Address Reference Count : 1]<UL><LI> startup_stm32f407xx.o(RESET)
</UL>
<P><STRONG><a name="[4b]"></a>DMA2_Stream0_IRQHandler</STRONG> (Thumb, 0 bytes, Stack size 0 bytes, startup_stm32f407xx.o(.text))
<BR>[Address Reference Count : 1]<UL><LI> startup_stm32f407xx.o(RESET)
</UL>
<P><STRONG><a name="[4c]"></a>DMA2_Stream1_IRQHandler</STRONG> (Thumb, 0 bytes, Stack size 0 bytes, startup_stm32f407xx.o(.text))
<BR>[Address Reference Count : 1]<UL><LI> startup_stm32f407xx.o(RESET)
</UL>
<P><STRONG><a name="[4d]"></a>DMA2_Stream2_IRQHandler</STRONG> (Thumb, 0 bytes, Stack size 0 bytes, startup_stm32f407xx.o(.text))
<BR>[Address Reference Count : 1]<UL><LI> startup_stm32f407xx.o(RESET)
</UL>
<P><STRONG><a name="[4e]"></a>DMA2_Stream3_IRQHandler</STRONG> (Thumb, 0 bytes, Stack size 0 bytes, startup_stm32f407xx.o(.text))
<BR>[Address Reference Count : 1]<UL><LI> startup_stm32f407xx.o(RESET)
</UL>
<P><STRONG><a name="[4f]"></a>DMA2_Stream4_IRQHandler</STRONG> (Thumb, 0 bytes, Stack size 0 bytes, startup_stm32f407xx.o(.text))
<BR>[Address Reference Count : 1]<UL><LI> startup_stm32f407xx.o(RESET)
</UL>
<P><STRONG><a name="[57]"></a>DMA2_Stream5_IRQHandler</STRONG> (Thumb, 0 bytes, Stack size 0 bytes, startup_stm32f407xx.o(.text))
<BR>[Address Reference Count : 1]<UL><LI> startup_stm32f407xx.o(RESET)
</UL>
<P><STRONG><a name="[58]"></a>DMA2_Stream6_IRQHandler</STRONG> (Thumb, 0 bytes, Stack size 0 bytes, startup_stm32f407xx.o(.text))
<BR>[Address Reference Count : 1]<UL><LI> startup_stm32f407xx.o(RESET)
</UL>
<P><STRONG><a name="[59]"></a>DMA2_Stream7_IRQHandler</STRONG> (Thumb, 0 bytes, Stack size 0 bytes, startup_stm32f407xx.o(.text))
<BR>[Address Reference Count : 1]<UL><LI> startup_stm32f407xx.o(RESET)
</UL>
<P><STRONG><a name="[50]"></a>ETH_IRQHandler</STRONG> (Thumb, 0 bytes, Stack size 0 bytes, startup_stm32f407xx.o(.text))
<BR>[Address Reference Count : 1]<UL><LI> startup_stm32f407xx.o(RESET)
</UL>
<P><STRONG><a name="[51]"></a>ETH_WKUP_IRQHandler</STRONG> (Thumb, 0 bytes, Stack size 0 bytes, startup_stm32f407xx.o(.text))
<BR>[Address Reference Count : 1]<UL><LI> startup_stm32f407xx.o(RESET)
</UL>
<P><STRONG><a name="[19]"></a>EXTI0_IRQHandler</STRONG> (Thumb, 0 bytes, Stack size 0 bytes, startup_stm32f407xx.o(.text))
<BR>[Address Reference Count : 1]<UL><LI> startup_stm32f407xx.o(RESET)
</UL>
<P><STRONG><a name="[1b]"></a>EXTI2_IRQHandler</STRONG> (Thumb, 0 bytes, Stack size 0 bytes, startup_stm32f407xx.o(.text))
<BR>[Address Reference Count : 1]<UL><LI> startup_stm32f407xx.o(RESET)
</UL>
<P><STRONG><a name="[17]"></a>FLASH_IRQHandler</STRONG> (Thumb, 0 bytes, Stack size 0 bytes, startup_stm32f407xx.o(.text))
<BR>[Address Reference Count : 1]<UL><LI> startup_stm32f407xx.o(RESET)
</UL>
<P><STRONG><a name="[43]"></a>FMC_IRQHandler</STRONG> (Thumb, 0 bytes, Stack size 0 bytes, startup_stm32f407xx.o(.text))
<BR>[Address Reference Count : 1]<UL><LI> startup_stm32f407xx.o(RESET)
</UL>
<P><STRONG><a name="[63]"></a>FPU_IRQHandler</STRONG> (Thumb, 0 bytes, Stack size 0 bytes, startup_stm32f407xx.o(.text))
<BR>[Address Reference Count : 1]<UL><LI> startup_stm32f407xx.o(RESET)
</UL>
<P><STRONG><a name="[62]"></a>HASH_RNG_IRQHandler</STRONG> (Thumb, 0 bytes, Stack size 0 bytes, startup_stm32f407xx.o(.text))
<BR>[Address Reference Count : 1]<UL><LI> startup_stm32f407xx.o(RESET)
</UL>
<P><STRONG><a name="[33]"></a>I2C1_ER_IRQHandler</STRONG> (Thumb, 0 bytes, Stack size 0 bytes, startup_stm32f407xx.o(.text))
<BR>[Address Reference Count : 1]<UL><LI> startup_stm32f407xx.o(RESET)
</UL>
<P><STRONG><a name="[32]"></a>I2C1_EV_IRQHandler</STRONG> (Thumb, 0 bytes, Stack size 0 bytes, startup_stm32f407xx.o(.text))
<BR>[Address Reference Count : 1]<UL><LI> startup_stm32f407xx.o(RESET)
</UL>
<P><STRONG><a name="[35]"></a>I2C2_ER_IRQHandler</STRONG> (Thumb, 0 bytes, Stack size 0 bytes, startup_stm32f407xx.o(.text))
<BR>[Address Reference Count : 1]<UL><LI> startup_stm32f407xx.o(RESET)
</UL>
<P><STRONG><a name="[34]"></a>I2C2_EV_IRQHandler</STRONG> (Thumb, 0 bytes, Stack size 0 bytes, startup_stm32f407xx.o(.text))
<BR>[Address Reference Count : 1]<UL><LI> startup_stm32f407xx.o(RESET)
</UL>
<P><STRONG><a name="[5c]"></a>I2C3_ER_IRQHandler</STRONG> (Thumb, 0 bytes, Stack size 0 bytes, startup_stm32f407xx.o(.text))
<BR>[Address Reference Count : 1]<UL><LI> startup_stm32f407xx.o(RESET)
</UL>
<P><STRONG><a name="[5b]"></a>I2C3_EV_IRQHandler</STRONG> (Thumb, 0 bytes, Stack size 0 bytes, startup_stm32f407xx.o(.text))
<BR>[Address Reference Count : 1]<UL><LI> startup_stm32f407xx.o(RESET)
</UL>
<P><STRONG><a name="[56]"></a>OTG_FS_IRQHandler</STRONG> (Thumb, 0 bytes, Stack size 0 bytes, startup_stm32f407xx.o(.text))
<BR>[Address Reference Count : 1]<UL><LI> startup_stm32f407xx.o(RESET)
</UL>
<P><STRONG><a name="[3d]"></a>OTG_FS_WKUP_IRQHandler</STRONG> (Thumb, 0 bytes, Stack size 0 bytes, startup_stm32f407xx.o(.text))
<BR>[Address Reference Count : 1]<UL><LI> startup_stm32f407xx.o(RESET)
</UL>
<P><STRONG><a name="[5e]"></a>OTG_HS_EP1_IN_IRQHandler</STRONG> (Thumb, 0 bytes, Stack size 0 bytes, startup_stm32f407xx.o(.text))
<BR>[Address Reference Count : 1]<UL><LI> startup_stm32f407xx.o(RESET)
</UL>
<P><STRONG><a name="[5d]"></a>OTG_HS_EP1_OUT_IRQHandler</STRONG> (Thumb, 0 bytes, Stack size 0 bytes, startup_stm32f407xx.o(.text))
<BR>[Address Reference Count : 1]<UL><LI> startup_stm32f407xx.o(RESET)
</UL>
<P><STRONG><a name="[60]"></a>OTG_HS_IRQHandler</STRONG> (Thumb, 0 bytes, Stack size 0 bytes, startup_stm32f407xx.o(.text))
<BR>[Address Reference Count : 1]<UL><LI> startup_stm32f407xx.o(RESET)
</UL>
<P><STRONG><a name="[5f]"></a>OTG_HS_WKUP_IRQHandler</STRONG> (Thumb, 0 bytes, Stack size 0 bytes, startup_stm32f407xx.o(.text))
<BR>[Address Reference Count : 1]<UL><LI> startup_stm32f407xx.o(RESET)
</UL>
<P><STRONG><a name="[14]"></a>PVD_IRQHandler</STRONG> (Thumb, 0 bytes, Stack size 0 bytes, startup_stm32f407xx.o(.text))
<BR>[Address Reference Count : 1]<UL><LI> startup_stm32f407xx.o(RESET)
</UL>
<P><STRONG><a name="[18]"></a>RCC_IRQHandler</STRONG> (Thumb, 0 bytes, Stack size 0 bytes, startup_stm32f407xx.o(.text))
<BR>[Address Reference Count : 1]<UL><LI> startup_stm32f407xx.o(RESET)
</UL>
<P><STRONG><a name="[3c]"></a>RTC_Alarm_IRQHandler</STRONG> (Thumb, 0 bytes, Stack size 0 bytes, startup_stm32f407xx.o(.text))
<BR>[Address Reference Count : 1]<UL><LI> startup_stm32f407xx.o(RESET)
</UL>
<P><STRONG><a name="[16]"></a>RTC_WKUP_IRQHandler</STRONG> (Thumb, 0 bytes, Stack size 0 bytes, startup_stm32f407xx.o(.text))
<BR>[Address Reference Count : 1]<UL><LI> startup_stm32f407xx.o(RESET)
</UL>
<P><STRONG><a name="[44]"></a>SDIO_IRQHandler</STRONG> (Thumb, 0 bytes, Stack size 0 bytes, startup_stm32f407xx.o(.text))
<BR>[Address Reference Count : 1]<UL><LI> startup_stm32f407xx.o(RESET)
</UL>
<P><STRONG><a name="[36]"></a>SPI1_IRQHandler</STRONG> (Thumb, 0 bytes, Stack size 0 bytes, startup_stm32f407xx.o(.text))
<BR>[Address Reference Count : 1]<UL><LI> startup_stm32f407xx.o(RESET)
</UL>
<P><STRONG><a name="[37]"></a>SPI2_IRQHandler</STRONG> (Thumb, 0 bytes, Stack size 0 bytes, startup_stm32f407xx.o(.text))
<BR>[Address Reference Count : 1]<UL><LI> startup_stm32f407xx.o(RESET)
</UL>
<P><STRONG><a name="[46]"></a>SPI3_IRQHandler</STRONG> (Thumb, 0 bytes, Stack size 0 bytes, startup_stm32f407xx.o(.text))
<BR>[Address Reference Count : 1]<UL><LI> startup_stm32f407xx.o(RESET)
</UL>
<P><STRONG><a name="[15]"></a>TAMP_STAMP_IRQHandler</STRONG> (Thumb, 0 bytes, Stack size 0 bytes, startup_stm32f407xx.o(.text))
<BR>[Address Reference Count : 1]<UL><LI> startup_stm32f407xx.o(RESET)
</UL>
<P><STRONG><a name="[2b]"></a>TIM1_BRK_TIM9_IRQHandler</STRONG> (Thumb, 0 bytes, Stack size 0 bytes, startup_stm32f407xx.o(.text))
<BR>[Address Reference Count : 1]<UL><LI> startup_stm32f407xx.o(RESET)
</UL>
<P><STRONG><a name="[2e]"></a>TIM1_CC_IRQHandler</STRONG> (Thumb, 0 bytes, Stack size 0 bytes, startup_stm32f407xx.o(.text))
<BR>[Address Reference Count : 1]<UL><LI> startup_stm32f407xx.o(RESET)
</UL>
<P><STRONG><a name="[2d]"></a>TIM1_TRG_COM_TIM11_IRQHandler</STRONG> (Thumb, 0 bytes, Stack size 0 bytes, startup_stm32f407xx.o(.text))
<BR>[Address Reference Count : 1]<UL><LI> startup_stm32f407xx.o(RESET)
</UL>
<P><STRONG><a name="[2c]"></a>TIM1_UP_TIM10_IRQHandler</STRONG> (Thumb, 0 bytes, Stack size 0 bytes, startup_stm32f407xx.o(.text))
<BR>[Address Reference Count : 1]<UL><LI> startup_stm32f407xx.o(RESET)
</UL>
<P><STRONG><a name="[30]"></a>TIM3_IRQHandler</STRONG> (Thumb, 0 bytes, Stack size 0 bytes, startup_stm32f407xx.o(.text))
<BR>[Address Reference Count : 1]<UL><LI> startup_stm32f407xx.o(RESET)
</UL>
<P><STRONG><a name="[31]"></a>TIM4_IRQHandler</STRONG> (Thumb, 0 bytes, Stack size 0 bytes, startup_stm32f407xx.o(.text))
<BR>[Address Reference Count : 1]<UL><LI> startup_stm32f407xx.o(RESET)
</UL>
<P><STRONG><a name="[45]"></a>TIM5_IRQHandler</STRONG> (Thumb, 0 bytes, Stack size 0 bytes, startup_stm32f407xx.o(.text))
<BR>[Address Reference Count : 1]<UL><LI> startup_stm32f407xx.o(RESET)
</UL>
<P><STRONG><a name="[49]"></a>TIM6_DAC_IRQHandler</STRONG> (Thumb, 0 bytes, Stack size 0 bytes, startup_stm32f407xx.o(.text))
<BR>[Address Reference Count : 1]<UL><LI> startup_stm32f407xx.o(RESET)
</UL>
<P><STRONG><a name="[4a]"></a>TIM7_IRQHandler</STRONG> (Thumb, 0 bytes, Stack size 0 bytes, startup_stm32f407xx.o(.text))
<BR>[Address Reference Count : 1]<UL><LI> startup_stm32f407xx.o(RESET)
</UL>
<P><STRONG><a name="[3e]"></a>TIM8_BRK_TIM12_IRQHandler</STRONG> (Thumb, 0 bytes, Stack size 0 bytes, startup_stm32f407xx.o(.text))
<BR>[Address Reference Count : 1]<UL><LI> startup_stm32f407xx.o(RESET)
</UL>
<P><STRONG><a name="[41]"></a>TIM8_CC_IRQHandler</STRONG> (Thumb, 0 bytes, Stack size 0 bytes, startup_stm32f407xx.o(.text))
<BR>[Address Reference Count : 1]<UL><LI> startup_stm32f407xx.o(RESET)
</UL>
<P><STRONG><a name="[40]"></a>TIM8_TRG_COM_TIM14_IRQHandler</STRONG> (Thumb, 0 bytes, Stack size 0 bytes, startup_stm32f407xx.o(.text))
<BR>[Address Reference Count : 1]<UL><LI> startup_stm32f407xx.o(RESET)
</UL>
<P><STRONG><a name="[3f]"></a>TIM8_UP_TIM13_IRQHandler</STRONG> (Thumb, 0 bytes, Stack size 0 bytes, startup_stm32f407xx.o(.text))
<BR>[Address Reference Count : 1]<UL><LI> startup_stm32f407xx.o(RESET)
</UL>
<P><STRONG><a name="[48]"></a>UART5_IRQHandler</STRONG> (Thumb, 0 bytes, Stack size 0 bytes, startup_stm32f407xx.o(.text))
<BR>[Address Reference Count : 1]<UL><LI> startup_stm32f407xx.o(RESET)
</UL>
<P><STRONG><a name="[38]"></a>USART1_IRQHandler</STRONG> (Thumb, 0 bytes, Stack size 0 bytes, startup_stm32f407xx.o(.text))
<BR>[Address Reference Count : 1]<UL><LI> startup_stm32f407xx.o(RESET)
</UL>
<P><STRONG><a name="[39]"></a>USART2_IRQHandler</STRONG> (Thumb, 0 bytes, Stack size 0 bytes, startup_stm32f407xx.o(.text))
<BR>[Address Reference Count : 1]<UL><LI> startup_stm32f407xx.o(RESET)
</UL>
<P><STRONG><a name="[5a]"></a>USART6_IRQHandler</STRONG> (Thumb, 0 bytes, Stack size 0 bytes, startup_stm32f407xx.o(.text))
<BR>[Address Reference Count : 1]<UL><LI> startup_stm32f407xx.o(RESET)
</UL>
<P><STRONG><a name="[13]"></a>WWDG_IRQHandler</STRONG> (Thumb, 0 bytes, Stack size 0 bytes, startup_stm32f407xx.o(.text))
<BR>[Address Reference Count : 1]<UL><LI> startup_stm32f407xx.o(RESET)
</UL>
<P><STRONG><a name="[163]"></a>__user_initial_stackheap</STRONG> (Thumb, 0 bytes, Stack size unknown bytes, startup_stm32f407xx.o(.text))
<BR><BR>[Called By]<UL><LI><a href="#[130]">&gt;&gt;</a>&nbsp;&nbsp;&nbsp;__user_setup_stackheap
</UL>

<P><STRONG><a name="[235]"></a>OS_CPU_SR_Save</STRONG> (Thumb, 0 bytes, Stack size unknown bytes, os_cpu_a.o(.text))
<BR><BR>[Called By]<UL><LI><a href="#[18c]">&gt;&gt;</a>&nbsp;&nbsp;&nbsp;OSSchedUnlock
<LI><a href="#[18b]">&gt;&gt;</a>&nbsp;&nbsp;&nbsp;OSSchedLock
<LI><a href="#[266]">&gt;&gt;</a>&nbsp;&nbsp;&nbsp;SPI_WriteReadIf
<LI><a href="#[177]">&gt;&gt;</a>&nbsp;&nbsp;&nbsp;OSTimeDly
<LI><a href="#[268]">&gt;&gt;</a>&nbsp;&nbsp;&nbsp;SeqQueue_Enter
<LI><a href="#[222]">&gt;&gt;</a>&nbsp;&nbsp;&nbsp;SeqQueue_Delete
<LI><a href="#[246]">&gt;&gt;</a>&nbsp;&nbsp;&nbsp;OSTaskCreateExt
<LI><a href="#[102]">&gt;&gt;</a>&nbsp;&nbsp;&nbsp;_mutex_acquire
<LI><a href="#[25b]">&gt;&gt;</a>&nbsp;&nbsp;&nbsp;OSTimeGet
<LI><a href="#[241]">&gt;&gt;</a>&nbsp;&nbsp;&nbsp;OSSemPost
<LI><a href="#[23e]">&gt;&gt;</a>&nbsp;&nbsp;&nbsp;OSSemPend
<LI><a href="#[23c]">&gt;&gt;</a>&nbsp;&nbsp;&nbsp;OSSemDel
<LI><a href="#[23a]">&gt;&gt;</a>&nbsp;&nbsp;&nbsp;OSSemCreate
<LI><a href="#[28c]">&gt;&gt;</a>&nbsp;&nbsp;&nbsp;tx_p_map_serach
<LI><a href="#[2a3]">&gt;&gt;</a>&nbsp;&nbsp;&nbsp;tx_p_map_modify
<LI><a href="#[286]">&gt;&gt;</a>&nbsp;&nbsp;&nbsp;tx_p_map_insert
<LI><a href="#[28b]">&gt;&gt;</a>&nbsp;&nbsp;&nbsp;tx_p_map_del
<LI><a href="#[2a5]">&gt;&gt;</a>&nbsp;&nbsp;&nbsp;rx_p_map_serach
<LI><a href="#[2a8]">&gt;&gt;</a>&nbsp;&nbsp;&nbsp;rx_p_map_older
<LI><a href="#[2a7]">&gt;&gt;</a>&nbsp;&nbsp;&nbsp;rx_p_map_insert
<LI><a href="#[2a1]">&gt;&gt;</a>&nbsp;&nbsp;&nbsp;rx_p_map_error
<LI><a href="#[2a0]">&gt;&gt;</a>&nbsp;&nbsp;&nbsp;rx_p_map_del_outdated
<LI><a href="#[28d]">&gt;&gt;</a>&nbsp;&nbsp;&nbsp;rx_p_map_del
<LI><a href="#[2a6]">&gt;&gt;</a>&nbsp;&nbsp;&nbsp;packet_q_Enter
<LI><a href="#[2f6]">&gt;&gt;</a>&nbsp;&nbsp;&nbsp;packet_q_Delete
<LI><a href="#[29c]">&gt;&gt;</a>&nbsp;&nbsp;&nbsp;pack_map_serach
<LI><a href="#[2a9]">&gt;&gt;</a>&nbsp;&nbsp;&nbsp;pack_map_insert
<LI><a href="#[29d]">&gt;&gt;</a>&nbsp;&nbsp;&nbsp;pack_map_del
<LI><a href="#[27c]">&gt;&gt;</a>&nbsp;&nbsp;&nbsp;frame_q_Enter
<LI><a href="#[2af]">&gt;&gt;</a>&nbsp;&nbsp;&nbsp;frame_q_Delete
<LI><a href="#[277]">&gt;&gt;</a>&nbsp;&nbsp;&nbsp;ack_map_serach
<LI><a href="#[275]">&gt;&gt;</a>&nbsp;&nbsp;&nbsp;ack_map_insert
<LI><a href="#[270]">&gt;&gt;</a>&nbsp;&nbsp;&nbsp;ack_map_del
<LI><a href="#[29e]">&gt;&gt;</a>&nbsp;&nbsp;&nbsp;expect_packet_tree_post
<LI><a href="#[29b]">&gt;&gt;</a>&nbsp;&nbsp;&nbsp;expect_packet_tree_pend
<LI><a href="#[24c]">&gt;&gt;</a>&nbsp;&nbsp;&nbsp;OSTaskDel
<LI><a href="#[259]">&gt;&gt;</a>&nbsp;&nbsp;&nbsp;OSTaskSuspend
<LI><a href="#[258]">&gt;&gt;</a>&nbsp;&nbsp;&nbsp;OSTaskStkChk
<LI><a href="#[253]">&gt;&gt;</a>&nbsp;&nbsp;&nbsp;OSTaskNameSet
<LI><a href="#[e1]">&gt;&gt;</a>&nbsp;&nbsp;&nbsp;OS_TaskStat
<LI><a href="#[e0]">&gt;&gt;</a>&nbsp;&nbsp;&nbsp;OS_TaskIdle
<LI><a href="#[249]">&gt;&gt;</a>&nbsp;&nbsp;&nbsp;OS_TCBInit
<LI><a href="#[239]">&gt;&gt;</a>&nbsp;&nbsp;&nbsp;OS_Sched
<LI><a href="#[25c]">&gt;&gt;</a>&nbsp;&nbsp;&nbsp;OSTimeTick
<LI><a href="#[234]">&gt;&gt;</a>&nbsp;&nbsp;&nbsp;OSIntExit
<LI><a href="#[12]">&gt;&gt;</a>&nbsp;&nbsp;&nbsp;SysTick_Handler
</UL>

<P><STRONG><a name="[238]"></a>OS_CPU_SR_Restore</STRONG> (Thumb, 0 bytes, Stack size unknown bytes, os_cpu_a.o(.text))
<BR><BR>[Called By]<UL><LI><a href="#[18c]">&gt;&gt;</a>&nbsp;&nbsp;&nbsp;OSSchedUnlock
<LI><a href="#[18b]">&gt;&gt;</a>&nbsp;&nbsp;&nbsp;OSSchedLock
<LI><a href="#[266]">&gt;&gt;</a>&nbsp;&nbsp;&nbsp;SPI_WriteReadIf
<LI><a href="#[177]">&gt;&gt;</a>&nbsp;&nbsp;&nbsp;OSTimeDly
<LI><a href="#[268]">&gt;&gt;</a>&nbsp;&nbsp;&nbsp;SeqQueue_Enter
<LI><a href="#[222]">&gt;&gt;</a>&nbsp;&nbsp;&nbsp;SeqQueue_Delete
<LI><a href="#[246]">&gt;&gt;</a>&nbsp;&nbsp;&nbsp;OSTaskCreateExt
<LI><a href="#[103]">&gt;&gt;</a>&nbsp;&nbsp;&nbsp;_mutex_release
<LI><a href="#[25b]">&gt;&gt;</a>&nbsp;&nbsp;&nbsp;OSTimeGet
<LI><a href="#[241]">&gt;&gt;</a>&nbsp;&nbsp;&nbsp;OSSemPost
<LI><a href="#[23e]">&gt;&gt;</a>&nbsp;&nbsp;&nbsp;OSSemPend
<LI><a href="#[23c]">&gt;&gt;</a>&nbsp;&nbsp;&nbsp;OSSemDel
<LI><a href="#[23a]">&gt;&gt;</a>&nbsp;&nbsp;&nbsp;OSSemCreate
<LI><a href="#[28c]">&gt;&gt;</a>&nbsp;&nbsp;&nbsp;tx_p_map_serach
<LI><a href="#[2a3]">&gt;&gt;</a>&nbsp;&nbsp;&nbsp;tx_p_map_modify
<LI><a href="#[286]">&gt;&gt;</a>&nbsp;&nbsp;&nbsp;tx_p_map_insert
<LI><a href="#[28b]">&gt;&gt;</a>&nbsp;&nbsp;&nbsp;tx_p_map_del
<LI><a href="#[2a5]">&gt;&gt;</a>&nbsp;&nbsp;&nbsp;rx_p_map_serach
<LI><a href="#[2a8]">&gt;&gt;</a>&nbsp;&nbsp;&nbsp;rx_p_map_older
<LI><a href="#[2a7]">&gt;&gt;</a>&nbsp;&nbsp;&nbsp;rx_p_map_insert
<LI><a href="#[2a1]">&gt;&gt;</a>&nbsp;&nbsp;&nbsp;rx_p_map_error
<LI><a href="#[2a0]">&gt;&gt;</a>&nbsp;&nbsp;&nbsp;rx_p_map_del_outdated
<LI><a href="#[28d]">&gt;&gt;</a>&nbsp;&nbsp;&nbsp;rx_p_map_del
<LI><a href="#[2a6]">&gt;&gt;</a>&nbsp;&nbsp;&nbsp;packet_q_Enter
<LI><a href="#[2f6]">&gt;&gt;</a>&nbsp;&nbsp;&nbsp;packet_q_Delete
<LI><a href="#[29c]">&gt;&gt;</a>&nbsp;&nbsp;&nbsp;pack_map_serach
<LI><a href="#[2a9]">&gt;&gt;</a>&nbsp;&nbsp;&nbsp;pack_map_insert
<LI><a href="#[29d]">&gt;&gt;</a>&nbsp;&nbsp;&nbsp;pack_map_del
<LI><a href="#[27c]">&gt;&gt;</a>&nbsp;&nbsp;&nbsp;frame_q_Enter
<LI><a href="#[2af]">&gt;&gt;</a>&nbsp;&nbsp;&nbsp;frame_q_Delete
<LI><a href="#[277]">&gt;&gt;</a>&nbsp;&nbsp;&nbsp;ack_map_serach
<LI><a href="#[275]">&gt;&gt;</a>&nbsp;&nbsp;&nbsp;ack_map_insert
<LI><a href="#[270]">&gt;&gt;</a>&nbsp;&nbsp;&nbsp;ack_map_del
<LI><a href="#[29e]">&gt;&gt;</a>&nbsp;&nbsp;&nbsp;expect_packet_tree_post
<LI><a href="#[29b]">&gt;&gt;</a>&nbsp;&nbsp;&nbsp;expect_packet_tree_pend
<LI><a href="#[24c]">&gt;&gt;</a>&nbsp;&nbsp;&nbsp;OSTaskDel
<LI><a href="#[259]">&gt;&gt;</a>&nbsp;&nbsp;&nbsp;OSTaskSuspend
<LI><a href="#[258]">&gt;&gt;</a>&nbsp;&nbsp;&nbsp;OSTaskStkChk
<LI><a href="#[253]">&gt;&gt;</a>&nbsp;&nbsp;&nbsp;OSTaskNameSet
<LI><a href="#[e1]">&gt;&gt;</a>&nbsp;&nbsp;&nbsp;OS_TaskStat
<LI><a href="#[e0]">&gt;&gt;</a>&nbsp;&nbsp;&nbsp;OS_TaskIdle
<LI><a href="#[249]">&gt;&gt;</a>&nbsp;&nbsp;&nbsp;OS_TCBInit
<LI><a href="#[239]">&gt;&gt;</a>&nbsp;&nbsp;&nbsp;OS_Sched
<LI><a href="#[25c]">&gt;&gt;</a>&nbsp;&nbsp;&nbsp;OSTimeTick
<LI><a href="#[234]">&gt;&gt;</a>&nbsp;&nbsp;&nbsp;OSIntExit
<LI><a href="#[12]">&gt;&gt;</a>&nbsp;&nbsp;&nbsp;SysTick_Handler
</UL>

<P><STRONG><a name="[243]"></a>OSStartHighRdy</STRONG> (Thumb, 0 bytes, Stack size unknown bytes, os_cpu_a.o(.text))
<BR><BR>[Called By]<UL><LI><a href="#[242]">&gt;&gt;</a>&nbsp;&nbsp;&nbsp;OSStart
</UL>

<P><STRONG><a name="[25f]"></a>OSCtxSw</STRONG> (Thumb, 0 bytes, Stack size unknown bytes, os_cpu_a.o(.text))
<BR><BR>[Called By]<UL><LI><a href="#[239]">&gt;&gt;</a>&nbsp;&nbsp;&nbsp;OS_Sched
</UL>

<P><STRONG><a name="[237]"></a>OSIntCtxSw</STRONG> (Thumb, 0 bytes, Stack size unknown bytes, os_cpu_a.o(.text))
<BR><BR>[Called By]<UL><LI><a href="#[234]">&gt;&gt;</a>&nbsp;&nbsp;&nbsp;OSIntExit
</UL>

<P><STRONG><a name="[11]"></a>PendSV_Handler</STRONG> (Thumb, 0 bytes, Stack size unknown bytes, os_cpu_a.o(.text))
<BR>[Address Reference Count : 1]<UL><LI> startup_stm32f407xx.o(RESET)
</UL>
<P><STRONG><a name="[34d]"></a>__I$use$semihosting</STRONG> (Thumb, 0 bytes, Stack size 0 bytes, use_no_semi.o(.text), UNUSED)

<P><STRONG><a name="[34e]"></a>__use_no_semihosting_swi</STRONG> (Thumb, 2 bytes, Stack size 0 bytes, use_no_semi.o(.text), UNUSED)

<P><STRONG><a name="[13a]"></a>_malloc_internal</STRONG> (Thumb, 130 bytes, Stack size 24 bytes, h1_alloc_mt.o(.text))
<BR><BR>[Stack]<UL><LI>Max Depth = 72 + Unknown Stack Size
<LI>Call Chain = _malloc_internal &rArr; __Heap_Full &rArr; __Heap_ProvideMemory &rArr; _free_internal &rArr; _mutex_acquire
</UL>
<BR>[Calls]<UL><LI><a href="#[103]">&gt;&gt;</a>&nbsp;&nbsp;&nbsp;_mutex_release
<LI><a href="#[102]">&gt;&gt;</a>&nbsp;&nbsp;&nbsp;_mutex_acquire
<LI><a href="#[13c]">&gt;&gt;</a>&nbsp;&nbsp;&nbsp;__Heap_Full
<LI><a href="#[13b]">&gt;&gt;</a>&nbsp;&nbsp;&nbsp;Heap1_SizeAdjust
</UL>
<BR>[Called By]<UL><LI><a href="#[13d]">&gt;&gt;</a>&nbsp;&nbsp;&nbsp;malloc
</UL>

<P><STRONG><a name="[13d]"></a>malloc</STRONG> (Thumb, 20 bytes, Stack size 8 bytes, h1_alloc_mt.o(.text))
<BR><BR>[Stack]<UL><LI>Max Depth = 80 + Unknown Stack Size
<LI>Call Chain = malloc &rArr; _malloc_internal &rArr; __Heap_Full &rArr; __Heap_ProvideMemory &rArr; _free_internal &rArr; _mutex_acquire
</UL>
<BR>[Calls]<UL><LI><a href="#[13e]">&gt;&gt;</a>&nbsp;&nbsp;&nbsp;__rt_heap_descriptor
<LI><a href="#[13a]">&gt;&gt;</a>&nbsp;&nbsp;&nbsp;_malloc_internal
</UL>
<BR>[Called By]<UL><LI><a href="#[c4]">&gt;&gt;</a>&nbsp;&nbsp;&nbsp;Motor_Thread
<LI><a href="#[305]">&gt;&gt;</a>&nbsp;&nbsp;&nbsp;writable_io_new
<LI><a href="#[1fc]">&gt;&gt;</a>&nbsp;&nbsp;&nbsp;Itf_01000c23_new
<LI><a href="#[1fb]">&gt;&gt;</a>&nbsp;&nbsp;&nbsp;Itf_01000c21_new
<LI><a href="#[1fa]">&gt;&gt;</a>&nbsp;&nbsp;&nbsp;Itf_01000c20_new
<LI><a href="#[172]">&gt;&gt;</a>&nbsp;&nbsp;&nbsp;rv_thread_init
<LI><a href="#[1f9]">&gt;&gt;</a>&nbsp;&nbsp;&nbsp;Itf_01000b04_new
<LI><a href="#[1f5]">&gt;&gt;</a>&nbsp;&nbsp;&nbsp;Itf_00010083_new
<LI><a href="#[1f4]">&gt;&gt;</a>&nbsp;&nbsp;&nbsp;Itf_00010082_new
<LI><a href="#[1f3]">&gt;&gt;</a>&nbsp;&nbsp;&nbsp;Itf_00010080_new
<LI><a href="#[1f2]">&gt;&gt;</a>&nbsp;&nbsp;&nbsp;Itf_00010071_new
<LI><a href="#[1f1]">&gt;&gt;</a>&nbsp;&nbsp;&nbsp;Itf_00010070_new
<LI><a href="#[1f0]">&gt;&gt;</a>&nbsp;&nbsp;&nbsp;Itf_00010062_new
<LI><a href="#[1ef]">&gt;&gt;</a>&nbsp;&nbsp;&nbsp;Itf_00010060_new
<LI><a href="#[1ee]">&gt;&gt;</a>&nbsp;&nbsp;&nbsp;Itf_00010050_new
<LI><a href="#[1ed]">&gt;&gt;</a>&nbsp;&nbsp;&nbsp;Itf_00010040_new
<LI><a href="#[1ec]">&gt;&gt;</a>&nbsp;&nbsp;&nbsp;Itf_00010031_new
<LI><a href="#[1eb]">&gt;&gt;</a>&nbsp;&nbsp;&nbsp;Itf_00010030_new
<LI><a href="#[1ea]">&gt;&gt;</a>&nbsp;&nbsp;&nbsp;Itf_00010020_new
<LI><a href="#[1e9]">&gt;&gt;</a>&nbsp;&nbsp;&nbsp;Itf_00010010_new
<LI><a href="#[1e8]">&gt;&gt;</a>&nbsp;&nbsp;&nbsp;Itf_00010000_new
<LI><a href="#[2fb]">&gt;&gt;</a>&nbsp;&nbsp;&nbsp;runze_new
<LI><a href="#[1f8]">&gt;&gt;</a>&nbsp;&nbsp;&nbsp;Itf_000100a2_new
<LI><a href="#[1f7]">&gt;&gt;</a>&nbsp;&nbsp;&nbsp;Itf_000100a1_new
<LI><a href="#[1f6]">&gt;&gt;</a>&nbsp;&nbsp;&nbsp;Itf_000100a0_new
<LI><a href="#[2c1]">&gt;&gt;</a>&nbsp;&nbsp;&nbsp;itf_00040030_new
<LI><a href="#[2c0]">&gt;&gt;</a>&nbsp;&nbsp;&nbsp;itf_00040020_new
<LI><a href="#[2bf]">&gt;&gt;</a>&nbsp;&nbsp;&nbsp;itf_00040010_new
<LI><a href="#[2be]">&gt;&gt;</a>&nbsp;&nbsp;&nbsp;itf_00040001_new
<LI><a href="#[2bd]">&gt;&gt;</a>&nbsp;&nbsp;&nbsp;itf_00040000_new
<LI><a href="#[2ba]">&gt;&gt;</a>&nbsp;&nbsp;&nbsp;itf_00030001_new
<LI><a href="#[2b8]">&gt;&gt;</a>&nbsp;&nbsp;&nbsp;itf_00030000_new
<LI><a href="#[2b9]">&gt;&gt;</a>&nbsp;&nbsp;&nbsp;itf_00020001_new
<LI><a href="#[2b7]">&gt;&gt;</a>&nbsp;&nbsp;&nbsp;itf_00020000_new
<LI><a href="#[1a3]">&gt;&gt;</a>&nbsp;&nbsp;&nbsp;New_BytesBufferNode
<LI><a href="#[17a]">&gt;&gt;</a>&nbsp;&nbsp;&nbsp;BytesBufferNode_Destroy
<LI><a href="#[1ac]">&gt;&gt;</a>&nbsp;&nbsp;&nbsp;Firmware_ReportEvent
<LI><a href="#[292]">&gt;&gt;</a>&nbsp;&nbsp;&nbsp;my_malloc
<LI><a href="#[269]">&gt;&gt;</a>&nbsp;&nbsp;&nbsp;ds_malloc
<LI><a href="#[8f]">&gt;&gt;</a>&nbsp;&nbsp;&nbsp;packet_parse
<LI><a href="#[95]">&gt;&gt;</a>&nbsp;&nbsp;&nbsp;packet_parse
<LI><a href="#[100]">&gt;&gt;</a>&nbsp;&nbsp;&nbsp;rtn_and_free
<LI><a href="#[fe]">&gt;&gt;</a>&nbsp;&nbsp;&nbsp;rtn_and_free
<LI><a href="#[8b]">&gt;&gt;</a>&nbsp;&nbsp;&nbsp;packet_parse
<LI><a href="#[89]">&gt;&gt;</a>&nbsp;&nbsp;&nbsp;packet_parse
<LI><a href="#[87]">&gt;&gt;</a>&nbsp;&nbsp;&nbsp;packet_parse
<LI><a href="#[9a]">&gt;&gt;</a>&nbsp;&nbsp;&nbsp;ret_and_free
<LI><a href="#[99]">&gt;&gt;</a>&nbsp;&nbsp;&nbsp;packet_parse
<LI><a href="#[1b1]">&gt;&gt;</a>&nbsp;&nbsp;&nbsp;New_McuReset_Send
<LI><a href="#[1b2]">&gt;&gt;</a>&nbsp;&nbsp;&nbsp;New_McuReset_Return
<LI><a href="#[1a6]">&gt;&gt;</a>&nbsp;&nbsp;&nbsp;New_FirmWareVersionGet_Send
<LI><a href="#[1a7]">&gt;&gt;</a>&nbsp;&nbsp;&nbsp;New_FirmWareVersionGet_Return
<LI><a href="#[1ae]">&gt;&gt;</a>&nbsp;&nbsp;&nbsp;New_FirmWareTransmitFile_Send
<LI><a href="#[1af]">&gt;&gt;</a>&nbsp;&nbsp;&nbsp;New_FirmWareTransmitFile_Return
<LI><a href="#[1b3]">&gt;&gt;</a>&nbsp;&nbsp;&nbsp;New_FirmWareReadyEvent_Send
<LI><a href="#[1a9]">&gt;&gt;</a>&nbsp;&nbsp;&nbsp;New_FirmWareConfig_Send
<LI><a href="#[1aa]">&gt;&gt;</a>&nbsp;&nbsp;&nbsp;New_FirmWareConfig_Return
</UL>

<P><STRONG><a name="[13f]"></a>_free_internal</STRONG> (Thumb, 98 bytes, Stack size 16 bytes, h1_free_mt.o(.text))
<BR><BR>[Stack]<UL><LI>Max Depth = 24 + Unknown Stack Size
<LI>Call Chain = _free_internal &rArr; _mutex_acquire
</UL>
[...]
</UL>
<BR>[Address Reference Count : 1]<UL><LI> io_mod.o(i.writable_io_new)
</UL>
<P><STRONG><a name="[119]"></a>io_write</STRONG> (Thumb, 62 bytes, Stack size 16 bytes, io_mod.o(i.io_write))
<BR><BR>[Stack]<UL><LI>Max Depth = 144 + Unknown Stack Size
<LI>Call Chain = io_write &rArr; __2printf &rArr; _printf_char_file &rArr; _printf_char_common &rArr; __printf
</UL>
<BR>[Calls]<UL><LI><a href="#[225]">&gt;&gt;</a>&nbsp;&nbsp;&nbsp;led_error_write
<LI><a href="#[117]">&gt;&gt;</a>&nbsp;&nbsp;&nbsp;cfg_covert_io_state
<LI><a href="#[141]">&gt;&gt;</a>&nbsp;&nbsp;&nbsp;__2printf
</UL>
<BR>[Called By]<UL><LI><a href="#[118]">&gt;&gt;</a>&nbsp;&nbsp;&nbsp;group_write
</UL>
<BR>[Address Reference Count : 1]<UL><LI> io_mod.o(i.writable_io_new)
</UL>
<P><STRONG><a name="[11a]"></a>timing_io_write</STRONG> (Thumb, 46 bytes, Stack size 24 bytes, io_mod.o(i.timing_io_write))
<BR><BR>[Stack]<UL><LI>Max Depth = 184 + Unknown Stack Size
<LI>Call Chain = timing_io_write &rArr; group_write &rArr; io_write &rArr; __2printf &rArr; _printf_char_file &rArr; _printf_char_common &rArr; __printf
</UL>
<BR>[Calls]<UL><LI><a href="#[28f]">&gt;&gt;</a>&nbsp;&nbsp;&nbsp;bus_os_sleep
<LI><a href="#[118]">&gt;&gt;</a>&nbsp;&nbsp;&nbsp;group_write
</UL>
<BR>[Address Reference Count : 1]<UL><LI> io_mod.o(i.writable_io_new)
</UL>
<P><STRONG><a name="[ef]"></a>packet_parse</STRONG> (Thumb, 16 bytes, Stack size 8 bytes, itf_00020000.o(i.packet_parse))
<BR><BR>[Stack]<UL><LI>Max Depth = 8<LI>Call Chain = packet_parse
</UL>
<BR>[Calls]<UL><LI><a href="#[1a2]">&gt;&gt;</a>&nbsp;&nbsp;&nbsp;ReadU32
</UL>
<BR>[Address Reference Count : 1]<UL><LI> itf_00020000.o(i.itf_00020000_new)
</UL>
<P><STRONG><a name="[f0]"></a>rtn_and_free</STRONG> (Thumb, 36 bytes, Stack size 24 bytes, itf_00020000.o(i.rtn_and_free))
<BR><BR>[Stack]<UL><LI>Max Depth = 296 + Unknown Stack Size
<LI>Call Chain = rtn_and_free &rArr; bus_ita_return &rArr; bus_simple_send &rArr; bus_os_post_sem &rArr; __2printf &rArr; _printf_char_file &rArr; _printf_char_common &rArr; __printf
</UL>
<BR>[Calls]<UL><LI><a href="#[189]">&gt;&gt;</a>&nbsp;&nbsp;&nbsp;bus_ita_return
<LI><a href="#[140]">&gt;&gt;</a>&nbsp;&nbsp;&nbsp;free
</UL>
<BR>[Address Reference Count : 1]<UL><LI> itf_00020000.o(i.itf_00020000_new)
</UL>
<P><STRONG><a name="[f3]"></a>packet_parse</STRONG> (Thumb, 22 bytes, Stack size 8 bytes, itf_00030000.o(i.packet_parse))
<BR><BR>[Stack]<UL><LI>Max Depth = 8<LI>Call Chain = packet_parse
</UL>
<BR>[Calls]<UL><LI><a href="#[2a2]">&gt;&gt;</a>&nbsp;&nbsp;&nbsp;ReadU16
</UL>
<BR>[Address Reference Count : 1]<UL><LI> itf_00030000.o(i.itf_00030000_new)
</UL>
<P><STRONG><a name="[f4]"></a>rtn_and_free</STRONG> (Thumb, 36 bytes, Stack size 24 bytes, itf_00030000.o(i.rtn_and_free))
<BR><BR>[Stack]<UL><LI>Max Depth = 296 + Unknown Stack Size
<LI>Call Chain = rtn_and_free &rArr; bus_ita_return &rArr; bus_simple_send &rArr; bus_os_post_sem &rArr; __2printf &rArr; _printf_char_file &rArr; _printf_char_common &rArr; __printf
</UL>
<BR>[Calls]<UL><LI><a href="#[189]">&gt;&gt;</a>&nbsp;&nbsp;&nbsp;bus_ita_return
<LI><a href="#[140]">&gt;&gt;</a>&nbsp;&nbsp;&nbsp;free
</UL>
<BR>[Address Reference Count : 1]<UL><LI> itf_00030000.o(i.itf_00030000_new)
</UL>
<P><STRONG><a name="[95]"></a>packet_parse</STRONG> (Thumb, 122 bytes, Stack size 16 bytes, itf_01000c20.o(i.packet_parse))
<BR><BR>[Stack]<UL><LI>Max Depth = 96 + Unknown Stack Size
<LI>Call Chain = packet_parse &rArr; malloc &rArr; _malloc_internal &rArr; __Heap_Full &rArr; __Heap_ProvideMemory &rArr; _free_internal &rArr; _mutex_acquire
</UL>
<BR>[Calls]<UL><LI><a href="#[1a2]">&gt;&gt;</a>&nbsp;&nbsp;&nbsp;ReadU32
<LI><a href="#[2f7]">&gt;&gt;</a>&nbsp;&nbsp;&nbsp;ReadF32
<LI><a href="#[17b]">&gt;&gt;</a>&nbsp;&nbsp;&nbsp;__aeabi_memmove
<LI><a href="#[13d]">&gt;&gt;</a>&nbsp;&nbsp;&nbsp;malloc
</UL>
<BR>[Address Reference Count : 1]<UL><LI> itf_01000c20.o(i.Itf_01000c20_new)
</UL>
<P><STRONG><a name="[96]"></a>ret_and_free</STRONG> (Thumb, 52 bytes, Stack size 32 bytes, itf_01000c20.o(i.ret_and_free))
<BR><BR>[Stack]<UL><LI>Max Depth = 304 + Unknown Stack Size
<LI>Call Chain = ret_and_free &rArr; bus_ita_return &rArr; bus_simple_send &rArr; bus_os_post_sem &rArr; __2printf &rArr; _printf_char_file &rArr; _printf_char_common &rArr; __printf
</UL>
<BR>[Calls]<UL><LI><a href="#[187]">&gt;&gt;</a>&nbsp;&nbsp;&nbsp;WriteU32
<LI><a href="#[189]">&gt;&gt;</a>&nbsp;&nbsp;&nbsp;bus_ita_return
<LI><a href="#[140]">&gt;&gt;</a>&nbsp;&nbsp;&nbsp;free
</UL>
<BR>[Address Reference Count : 1]<UL><LI> itf_01000c20.o(i.Itf_01000c20_new)
</UL>
<P><STRONG><a name="[93]"></a>packet_parse</STRONG> (Thumb, 8 bytes, Stack size 0 bytes, itf_01000b04.o(i.packet_parse))
<BR>[Address Reference Count : 1]<UL><LI> itf_01000b04.o(i.Itf_01000b04_new)
</UL>
<P><STRONG><a name="[94]"></a>ret_and_free</STRONG> (Thumb, 36 bytes, Stack size 24 bytes, itf_01000b04.o(i.ret_and_free))
<BR><BR>[Stack]<UL><LI>Max Depth = 296 + Unknown Stack Size
<LI>Call Chain = ret_and_free &rArr; bus_ita_return &rArr; bus_simple_send &rArr; bus_os_post_sem &rArr; __2printf &rArr; _printf_char_file &rArr; _printf_char_common &rArr; __printf
</UL>
<BR>[Calls]<UL><LI><a href="#[189]">&gt;&gt;</a>&nbsp;&nbsp;&nbsp;bus_ita_return
<LI><a href="#[140]">&gt;&gt;</a>&nbsp;&nbsp;&nbsp;free
</UL>
<BR>[Address Reference Count : 1]<UL><LI> itf_01000b04.o(i.Itf_01000b04_new)
</UL>
<P><STRONG><a name="[8d]"></a>packet_parse</STRONG> (Thumb, 8 bytes, Stack size 0 bytes, itf_000100a0.o(i.packet_parse))
<BR>[Address Reference Count : 1]<UL><LI> itf_000100a0.o(i.Itf_000100a0_new)
</UL>
<P><STRONG><a name="[8e]"></a>ret_and_free</STRONG> (Thumb, 36 bytes, Stack size 24 bytes, itf_000100a0.o(i.ret_and_free))
<BR><BR>[Stack]<UL><LI>Max Depth = 296 + Unknown Stack Size
<LI>Call Chain = ret_and_free &rArr; bus_ita_return &rArr; bus_simple_send &rArr; bus_os_post_sem &rArr; __2printf &rArr; _printf_char_file &rArr; _printf_char_common &rArr; __printf
</UL>
<BR>[Calls]<UL><LI><a href="#[189]">&gt;&gt;</a>&nbsp;&nbsp;&nbsp;bus_ita_return
<LI><a href="#[140]">&gt;&gt;</a>&nbsp;&nbsp;&nbsp;free
</UL>
<BR>[Address Reference Count : 1]<UL><LI> itf_000100a0.o(i.Itf_000100a0_new)
</UL>
<P><STRONG><a name="[8f]"></a>packet_parse</STRONG> (Thumb, 26 bytes, Stack size 16 bytes, itf_000100a1.o(i.packet_parse))
<BR><BR>[Stack]<UL><LI>Max Depth = 96 + Unknown Stack Size
<LI>Call Chain = packet_parse &rArr; malloc &rArr; _malloc_internal &rArr; __Heap_Full &rArr; __Heap_ProvideMemory &rArr; _free_internal &rArr; _mutex_acquire
</UL>
<BR>[Calls]<UL><LI><a href="#[13d]">&gt;&gt;</a>&nbsp;&nbsp;&nbsp;malloc
</UL>
<BR>[Address Reference Count : 1]<UL><LI> itf_000100a1.o(i.Itf_000100a1_new)
</UL>
<P><STRONG><a name="[90]"></a>ret_and_free</STRONG> (Thumb, 36 bytes, Stack size 24 bytes, itf_000100a1.o(i.ret_and_free))
<BR><BR>[Stack]<UL><LI>Max Depth = 296 + Unknown Stack Size
<LI>Call Chain = ret_and_free &rArr; bus_ita_return &rArr; bus_simple_send &rArr; bus_os_post_sem &rArr; __2printf &rArr; _printf_char_file &rArr; _printf_char_common &rArr; __printf
</UL>
<BR>[Calls]<UL><LI><a href="#[189]">&gt;&gt;</a>&nbsp;&nbsp;&nbsp;bus_ita_return
<LI><a href="#[140]">&gt;&gt;</a>&nbsp;&nbsp;&nbsp;free
</UL>
<BR>[Address Reference Count : 1]<UL><LI> itf_000100a1.o(i.Itf_000100a1_new)
</UL>
<P><STRONG><a name="[91]"></a>packet_parse</STRONG> (Thumb, 8 bytes, Stack size 0 bytes, itf_000100a2.o(i.packet_parse))
<BR>[Address Reference Count : 1]<UL><LI> itf_000100a2.o(i.Itf_000100a2_new)
</UL>
<P><STRONG><a name="[92]"></a>ret_and_free</STRONG> (Thumb, 36 bytes, Stack size 24 bytes, itf_000100a2.o(i.ret_and_free))
<BR><BR>[Stack]<UL><LI>Max Depth = 296 + Unknown Stack Size
<LI>Call Chain = ret_and_free &rArr; bus_ita_return &rArr; bus_simple_send &rArr; bus_os_post_sem &rArr; __2printf &rArr; _printf_char_file &rArr; _printf_char_common &rArr; __printf
</UL>
<BR>[Calls]<UL><LI><a href="#[189]">&gt;&gt;</a>&nbsp;&nbsp;&nbsp;bus_ita_return
<LI><a href="#[140]">&gt;&gt;</a>&nbsp;&nbsp;&nbsp;free
</UL>
<BR>[Address Reference Count : 1]<UL><LI> itf_000100a2.o(i.Itf_000100a2_new)
</UL>
<P><STRONG><a name="[97]"></a>packet_parse</STRONG> (Thumb, 132 bytes, Stack size 16 bytes, itf_01000c21.o(i.packet_parse))
<BR><BR>[Stack]<UL><LI>Max Depth = 16<LI>Call Chain = packet_parse
</UL>
<BR>[Calls]<UL><LI><a href="#[1a2]">&gt;&gt;</a>&nbsp;&nbsp;&nbsp;ReadU32
<LI><a href="#[2f7]">&gt;&gt;</a>&nbsp;&nbsp;&nbsp;ReadF32
</UL>
<BR>[Address Reference Count : 1]<UL><LI> itf_01000c21.o(i.Itf_01000c21_new)
</UL>
<P><STRONG><a name="[98]"></a>ret_and_free</STRONG> (Thumb, 56 bytes, Stack size 40 bytes, itf_01000c21.o(i.ret_and_free))
<BR><BR>[Stack]<UL><LI>Max Depth = 312 + Unknown Stack Size
<LI>Call Chain = ret_and_free &rArr; bus_ita_return &rArr; bus_simple_send &rArr; bus_os_post_sem &rArr; __2printf &rArr; _printf_char_file &rArr; _printf_char_common &rArr; __printf
</UL>
<BR>[Calls]<UL><LI><a href="#[187]">&gt;&gt;</a>&nbsp;&nbsp;&nbsp;WriteU32
<LI><a href="#[189]">&gt;&gt;</a>&nbsp;&nbsp;&nbsp;bus_ita_return
<LI><a href="#[26e]">&gt;&gt;</a>&nbsp;&nbsp;&nbsp;WriteF32
<LI><a href="#[140]">&gt;&gt;</a>&nbsp;&nbsp;&nbsp;free
</UL>
<BR>[Address Reference Count : 1]<UL><LI> itf_01000c21.o(i.Itf_01000c21_new)
</UL>
<P><STRONG><a name="[f9]"></a>packet_parse</STRONG> (Thumb, 8 bytes, Stack size 0 bytes, itf_00040001.o(i.packet_parse))
<BR>[Address Reference Count : 1]<UL><LI> itf_00040001.o(i.itf_00040001_new)
</UL>
<P><STRONG><a name="[fa]"></a>rtn_and_free</STRONG> (Thumb, 42 bytes, Stack size 24 bytes, itf_00040001.o(i.rtn_and_free))
<BR><BR>[Stack]<UL><LI>Max Depth = 296 + Unknown Stack Size
<LI>Call Chain = rtn_and_free &rArr; bus_ita_return &rArr; bus_simple_send &rArr; bus_os_post_sem &rArr; __2printf &rArr; _printf_char_file &rArr; _printf_char_common &rArr; __printf
</UL>
<BR>[Calls]<UL><LI><a href="#[187]">&gt;&gt;</a>&nbsp;&nbsp;&nbsp;WriteU32
<LI><a href="#[189]">&gt;&gt;</a>&nbsp;&nbsp;&nbsp;bus_ita_return
<LI><a href="#[140]">&gt;&gt;</a>&nbsp;&nbsp;&nbsp;free
</UL>
<BR>[Address Reference Count : 1]<UL><LI> itf_00040001.o(i.itf_00040001_new)
</UL>
<P><STRONG><a name="[99]"></a>packet_parse</STRONG> (Thumb, 144 bytes, Stack size 16 bytes, itf_01000c23.o(i.packet_parse))
<BR><BR>[Stack]<UL><LI>Max Depth = 96 + Unknown Stack Size
<LI>Call Chain = packet_parse &rArr; malloc &rArr; _malloc_internal &rArr; __Heap_Full &rArr; __Heap_ProvideMemory &rArr; _free_internal &rArr; _mutex_acquire
</UL>
<BR>[Calls]<UL><LI><a href="#[1a2]">&gt;&gt;</a>&nbsp;&nbsp;&nbsp;ReadU32
<LI><a href="#[2f7]">&gt;&gt;</a>&nbsp;&nbsp;&nbsp;ReadF32
<LI><a href="#[17b]">&gt;&gt;</a>&nbsp;&nbsp;&nbsp;__aeabi_memmove
<LI><a href="#[13d]">&gt;&gt;</a>&nbsp;&nbsp;&nbsp;malloc
</UL>
<BR>[Address Reference Count : 1]<UL><LI> itf_01000c23.o(i.Itf_01000c23_new)
</UL>
<P><STRONG><a name="[9a]"></a>ret_and_free</STRONG> (Thumb, 106 bytes, Stack size 40 bytes, itf_01000c23.o(i.ret_and_free))
<BR><BR>[Stack]<UL><LI>Max Depth = 312 + Unknown Stack Size
<LI>Call Chain = ret_and_free &rArr; bus_ita_return &rArr; bus_simple_send &rArr; bus_os_post_sem &rArr; __2printf &rArr; _printf_char_file &rArr; _printf_char_common &rArr; __printf
</UL>
<BR>[Calls]<UL><LI><a href="#[187]">&gt;&gt;</a>&nbsp;&nbsp;&nbsp;WriteU32
<LI><a href="#[189]">&gt;&gt;</a>&nbsp;&nbsp;&nbsp;bus_ita_return
<LI><a href="#[26e]">&gt;&gt;</a>&nbsp;&nbsp;&nbsp;WriteF32
<LI><a href="#[140]">&gt;&gt;</a>&nbsp;&nbsp;&nbsp;free
<LI><a href="#[13d]">&gt;&gt;</a>&nbsp;&nbsp;&nbsp;malloc
</UL>
<BR>[Address Reference Count : 1]<UL><LI> itf_01000c23.o(i.Itf_01000c23_new)
</UL>
<P><STRONG><a name="[f1]"></a>packet_parse</STRONG> (Thumb, 22 bytes, Stack size 8 bytes, itf_00020001.o(i.packet_parse))
<BR><BR>[Stack]<UL><LI>Max Depth = 8<LI>Call Chain = packet_parse
</UL>
<BR>[Calls]<UL><LI><a href="#[1a2]">&gt;&gt;</a>&nbsp;&nbsp;&nbsp;ReadU32
</UL>
<BR>[Address Reference Count : 1]<UL><LI> itf_00020001.o(i.itf_00020001_new)
</UL>
<P><STRONG><a name="[f2]"></a>rtn_and_free</STRONG> (Thumb, 36 bytes, Stack size 24 bytes, itf_00020001.o(i.rtn_and_free))
<BR><BR>[Stack]<UL><LI>Max Depth = 296 + Unknown Stack Size
<LI>Call Chain = rtn_and_free &rArr; bus_ita_return &rArr; bus_simple_send &rArr; bus_os_post_sem &rArr; __2printf &rArr; _printf_char_file &rArr; _printf_char_common &rArr; __printf
</UL>
<BR>[Calls]<UL><LI><a href="#[189]">&gt;&gt;</a>&nbsp;&nbsp;&nbsp;bus_ita_return
<LI><a href="#[140]">&gt;&gt;</a>&nbsp;&nbsp;&nbsp;free
</UL>
<BR>[Address Reference Count : 1]<UL><LI> itf_00020001.o(i.itf_00020001_new)
</UL>
<P><STRONG><a name="[f5]"></a>packet_parse</STRONG> (Thumb, 28 bytes, Stack size 8 bytes, itf_00030001.o(i.packet_parse))
<BR><BR>[Stack]<UL><LI>Max Depth = 8<LI>Call Chain = packet_parse
</UL>
<BR>[Calls]<UL><LI><a href="#[2a2]">&gt;&gt;</a>&nbsp;&nbsp;&nbsp;ReadU16
</UL>
<BR>[Address Reference Count : 1]<UL><LI> itf_00030001.o(i.itf_00030001_new)
</UL>
<P><STRONG><a name="[f6]"></a>rtn_and_free</STRONG> (Thumb, 36 bytes, Stack size 24 bytes, itf_00030001.o(i.rtn_and_free))
<BR><BR>[Stack]<UL><LI>Max Depth = 296 + Unknown Stack Size
<LI>Call Chain = rtn_and_free &rArr; bus_ita_return &rArr; bus_simple_send &rArr; bus_os_post_sem &rArr; __2printf &rArr; _printf_char_file &rArr; _printf_char_common &rArr; __printf
</UL>
<BR>[Calls]<UL><LI><a href="#[189]">&gt;&gt;</a>&nbsp;&nbsp;&nbsp;bus_ita_return
<LI><a href="#[140]">&gt;&gt;</a>&nbsp;&nbsp;&nbsp;free
</UL>
<BR>[Address Reference Count : 1]<UL><LI> itf_00030001.o(i.itf_00030001_new)
</UL>
<P><STRONG><a name="[298]"></a>make_table</STRONG> (Thumb, 64 bytes, Stack size 4 bytes, tool.o(i.make_table))
<BR><BR>[Stack]<UL><LI>Max Depth = 4<LI>Call Chain = make_table
</UL>
<BR>[Called By]<UL><LI><a href="#[1b0]">&gt;&gt;</a>&nbsp;&nbsp;&nbsp;crc32
</UL>

<P><STRONG><a name="[22f]"></a>OS_InitEventList</STRONG> (Thumb, 84 bytes, Stack size 16 bytes, os_core.o(i.OS_InitEventList))
<BR><BR>[Stack]<UL><LI>Max Depth = 16<LI>Call Chain = OS_InitEventList
</UL>
<BR>[Calls]<UL><LI><a href="#[25e]">&gt;&gt;</a>&nbsp;&nbsp;&nbsp;OS_MemClr
</UL>
<BR>[Called By]<UL><LI><a href="#[22a]">&gt;&gt;</a>&nbsp;&nbsp;&nbsp;OSInit
</UL>

<P><STRONG><a name="[22c]"></a>OS_InitMisc</STRONG> (Thumb, 48 bytes, Stack size 0 bytes, os_core.o(i.OS_InitMisc))
<BR><BR>[Called By]<UL><LI><a href="#[22a]">&gt;&gt;</a>&nbsp;&nbsp;&nbsp;OSInit
</UL>

<P><STRONG><a name="[22d]"></a>OS_InitRdyList</STRONG> (Thumb, 44 bytes, Stack size 0 bytes, os_core.o(i.OS_InitRdyList))
<BR><BR>[Called By]<UL><LI><a href="#[22a]">&gt;&gt;</a>&nbsp;&nbsp;&nbsp;OSInit
</UL>

<P><STRONG><a name="[22e]"></a>OS_InitTCBList</STRONG> (Thumb, 94 bytes, Stack size 16 bytes, os_core.o(i.OS_InitTCBList))
<BR><BR>[Stack]<UL><LI>Max Depth = 16<LI>Call Chain = OS_InitTCBList
</UL>
<BR>[Calls]<UL><LI><a href="#[25e]">&gt;&gt;</a>&nbsp;&nbsp;&nbsp;OS_MemClr
</UL>
<BR>[Called By]<UL><LI><a href="#[22a]">&gt;&gt;</a>&nbsp;&nbsp;&nbsp;OSInit
</UL>

<P><STRONG><a name="[231]"></a>OS_InitTaskIdle</STRONG> (Thumb, 50 bytes, Stack size 32 bytes, os_core.o(i.OS_InitTaskIdle))
<BR><BR>[Stack]<UL><LI>Max Depth = 136 + Unknown Stack Size
<LI>Call Chain = OS_InitTaskIdle &rArr; OSTaskCreateExt &rArr; OS_TCBInit &rArr; OSTaskCreateHook
</UL>
<BR>[Calls]<UL><LI><a href="#[246]">&gt;&gt;</a>&nbsp;&nbsp;&nbsp;OSTaskCreateExt
<LI><a href="#[253]">&gt;&gt;</a>&nbsp;&nbsp;&nbsp;OSTaskNameSet
</UL>
<BR>[Called By]<UL><LI><a href="#[22a]">&gt;&gt;</a>&nbsp;&nbsp;&nbsp;OSInit
</UL>

<P><STRONG><a name="[232]"></a>OS_InitTaskStat</STRONG> (Thumb, 50 bytes, Stack size 32 bytes, os_core.o(i.OS_InitTaskStat))
<BR><BR>[Stack]<UL><LI>Max Depth = 136 + Unknown Stack Size
<LI>Call Chain = OS_InitTaskStat &rArr; OSTaskCreateExt &rArr; OS_TCBInit &rArr; OSTaskCreateHook
</UL>
<BR>[Calls]<UL><LI><a href="#[246]">&gt;&gt;</a>&nbsp;&nbsp;&nbsp;OSTaskCreateExt
<LI><a href="#[253]">&gt;&gt;</a>&nbsp;&nbsp;&nbsp;OSTaskNameSet
</UL>
<BR>[Called By]<UL><LI><a href="#[22a]">&gt;&gt;</a>&nbsp;&nbsp;&nbsp;OSInit
</UL>

<P><STRONG><a name="[236]"></a>OS_SchedNew</STRONG> (Thumb, 26 bytes, Stack size 0 bytes, os_core.o(i.OS_SchedNew))
<BR><BR>[Called By]<UL><LI><a href="#[242]">&gt;&gt;</a>&nbsp;&nbsp;&nbsp;OSStart
<LI><a href="#[239]">&gt;&gt;</a>&nbsp;&nbsp;&nbsp;OS_Sched
<LI><a href="#[234]">&gt;&gt;</a>&nbsp;&nbsp;&nbsp;OSIntExit
</UL>

<P><STRONG><a name="[180]"></a>CheckITStatus</STRONG> (Thumb, 18 bytes, Stack size 0 bytes, candriver.o(i.CheckITStatus))
<BR><BR>[Called By]<UL><LI><a href="#[17c]">&gt;&gt;</a>&nbsp;&nbsp;&nbsp;CanDriver_CAN_GetITStatus
</UL>

<P><STRONG><a name="[183]"></a>gpio_af_config</STRONG> (Thumb, 122 bytes, Stack size 16 bytes, candriver.o(i.gpio_af_config))
<BR><BR>[Stack]<UL><LI>Max Depth = 16<LI>Call Chain = gpio_af_config
</UL>
<BR>[Calls]<UL><LI><a href="#[2b2]">&gt;&gt;</a>&nbsp;&nbsp;&nbsp;gpio_handle_get
</UL>
<BR>[Called By]<UL><LI><a href="#[181]">&gt;&gt;</a>&nbsp;&nbsp;&nbsp;CanDriver_Can1Init
</UL>

<P><STRONG><a name="[182]"></a>gpio_config</STRONG> (Thumb, 410 bytes, Stack size 32 bytes, candriver.o(i.gpio_config))
<BR><BR>[Stack]<UL><LI>Max Depth = 32<LI>Call Chain = gpio_config
</UL>
<BR>[Calls]<UL><LI><a href="#[2b2]">&gt;&gt;</a>&nbsp;&nbsp;&nbsp;gpio_handle_get
</UL>
<BR>[Called By]<UL><LI><a href="#[181]">&gt;&gt;</a>&nbsp;&nbsp;&nbsp;CanDriver_Can1Init
</UL>

<P><STRONG><a name="[2b2]"></a>gpio_handle_get</STRONG> (Thumb, 110 bytes, Stack size 0 bytes, candriver.o(i.gpio_handle_get))
<BR><BR>[Called By]<UL><LI><a href="#[182]">&gt;&gt;</a>&nbsp;&nbsp;&nbsp;gpio_config
<LI><a href="#[183]">&gt;&gt;</a>&nbsp;&nbsp;&nbsp;gpio_af_config
</UL>

<P><STRONG><a name="[184]"></a>mcu_nvic_set</STRONG> (Thumb, 100 bytes, Stack size 20 bytes, candriver.o(i.mcu_nvic_set))
<BR><BR>[Stack]<UL><LI>Max Depth = 20<LI>Call Chain = mcu_nvic_set
</UL>
<BR>[Called By]<UL><LI><a href="#[181]">&gt;&gt;</a>&nbsp;&nbsp;&nbsp;CanDriver_Can1Init
</UL>

<P><STRONG><a name="[13b]"></a>Heap1_SizeAdjust</STRONG> (Thumb, 8 bytes, Stack size 0 bytes, h1_alloc_mt.o(.text))
<BR><BR>[Called By]<UL><LI><a href="#[13a]">&gt;&gt;</a>&nbsp;&nbsp;&nbsp;_malloc_internal
</UL>

<P><STRONG><a name="[312]"></a>_dadd1</STRONG> (Thumb, 0 bytes, Stack size unknown bytes, daddsub_clz.o(x$fpl$dadd), UNUSED)
<BR><BR>[Called By]<UL><LI><a href="#[311]">&gt;&gt;</a>&nbsp;&nbsp;&nbsp;_dsub
</UL>

<P><STRONG><a name="[30b]"></a>_dsub1</STRONG> (Thumb, 0 bytes, Stack size unknown bytes, daddsub_clz.o(x$fpl$dsub), UNUSED)
<BR><BR>[Called By]<UL><LI><a href="#[30a]">&gt;&gt;</a>&nbsp;&nbsp;&nbsp;_dadd
</UL>

<P><STRONG><a name="[322]"></a>_fadd1</STRONG> (Thumb, 0 bytes, Stack size unknown bytes, faddsub_clz.o(x$fpl$fadd), UNUSED)
<BR><BR>[Called By]<UL><LI><a href="#[323]">&gt;&gt;</a>&nbsp;&nbsp;&nbsp;_fsub
<LI><a href="#[321]">&gt;&gt;</a>&nbsp;&nbsp;&nbsp;_frsb
</UL>

<P><STRONG><a name="[316]"></a>_fsub1</STRONG> (Thumb, 0 bytes, Stack size unknown bytes, faddsub_clz.o(x$fpl$fsub), UNUSED)
<BR><BR>[Called By]<UL><LI><a href="#[321]">&gt;&gt;</a>&nbsp;&nbsp;&nbsp;_frsb
<LI><a href="#[315]">&gt;&gt;</a>&nbsp;&nbsp;&nbsp;_fadd
</UL>

<P><STRONG><a name="[151]"></a>_fp_digits</STRONG> (Thumb, 432 bytes, Stack size 96 bytes, _printf_fp_dec.o(.text))
<BR><BR>[Stack]<UL><LI>Max Depth = 220<LI>Call Chain = _fp_digits &rArr; _btod_etento &rArr; _btod_emul &rArr; _e2e
</UL>
<BR>[Calls]<UL><LI><a href="#[155]">&gt;&gt;</a>&nbsp;&nbsp;&nbsp;_btod_emul
<LI><a href="#[154]">&gt;&gt;</a>&nbsp;&nbsp;&nbsp;_btod_ediv
<LI><a href="#[153]">&gt;&gt;</a>&nbsp;&nbsp;&nbsp;_btod_d2e
<LI><a href="#[152]">&gt;&gt;</a>&nbsp;&nbsp;&nbsp;_btod_etento
<LI><a href="#[156]">&gt;&gt;</a>&nbsp;&nbsp;&nbsp;_ll_udiv10
</UL>
<BR>[Called By]<UL><LI><a href="#[157]">&gt;&gt;</a>&nbsp;&nbsp;&nbsp;_printf_fp_dec_real
</UL>

<P><STRONG><a name="[68]"></a>_printf_input_char</STRONG> (Thumb, 10 bytes, Stack size 0 bytes, _printf_char_common.o(.text))
<BR>[Address Reference Count : 1]<UL><LI> _printf_char_common.o(.text)
</UL><P>
<H3>
Undefined Global Symbols
</H3><HR></body></html>
