<html>
<body>
<pre>
<h1>µVision Build Log</h1>
<h2>Tool Versions:</h2>
IDE-Version: ¦ÌVision V5.38.0.0
Copyright (C) 2022 ARM Ltd and ARM Germany GmbH. All rights reserved.
License Information: ray hp, HP Inc., LIC=BUURY-IB42V-63CMB-2IAXC-99MMY-75GVF
 
Tool Versions:
Toolchain:       MDK-ARM Plus  Version: 5.38.0.0
Toolchain Path:  D:\keil\ARM\ARM_Compiler_5.06u7\Bin
C Compiler:      Armcc.exe V5.06 update 7 (build 960)
Assembler:       Armasm.exe V5.06 update 7 (build 960)
Linker/Locator:  ArmLink.exe V5.06 update 7 (build 960)
Library Manager: ArmAr.exe V5.06 update 7 (build 960)
Hex Converter:   FromElf.exe V5.06 update 7 (build 960)
CPU DLL:         SARMCM3.DLL V5.38.0.0
Dialog DLL:      DCM.DLL V1.17.5.0
Target DLL:      UL2CM3.DLL V1.164.8.0
Dialog DLL:      TCM.DLL V1.56.4.0
 
<h2>Project:</h2>
C:\Users\hp\Desktop\com\firmware-dev\firmware-dev\boards\MotorCtl\MB0202-2A02\MDK-ARM\MB0202-2A02.uvprojx
Project File Date:  11/17/2023

<h2>Output:</h2>
*** Using Compiler 'V5.06 update 7 (build 960)', folder: 'D:\keil\ARM\ARM_Compiler_5.06u7\Bin'
Build target 'MB0202-2A02'
assembling startup_stm32f407xx.s...
compiling kalman.c...
compiling ad_signal_cfg.c...
compiling main.c...
compiling system_stm32f4xx.c...
compiling stm32f4xx_hal_msp.c...
compiling stm32f4xx_it.c...
compiling stm32f4xx_hal_rcc_ex.c...
compiling stm32f4xx_hal.c...
compiling stm32f4xx_hal_flash.c...
compiling motor_cmd_extend.c...
compiling io_thread_cfg.c...
compiling mTMC5130Driver.c...
compiling rv_cfg.c...
compiling motor_cfg.c...
compiling stm32f4xx_hal_pwr.c...
compiling stm32f4xx_hal_pwr_ex.c...
compiling stm32f4xx_hal_flash_ramfunc.c...
compiling stm32f4xx_hal_tim_ex.c...
compiling stm32f4xx_hal_dma.c...
compiling stm32f4xx_hal_rcc.c...
compiling stm32f4xx_hal_cortex.c...
compiling stm32f4xx_hal_gpio.c...
compiling stm32f4xx_hal_flash_ex.c...
compiling stm32f4xx_hal_uart.c...
compiling stm32f4xx_hal_spi.c...
compiling stm32f4xx_hal_dma_ex.c...
compiling async.c...
compiling delayus.c...
compiling stm32f4xx_hal_tim.c...
compiling itf_00010062.c...
compiling ad_signal.c...
compiling stm32f4xx_hal_dac.c...
compiling stm32f4xx_hal_dac_ex.c...
compiling os_implement.c...
compiling stm32f4xx_hal_adc.c...
compiling stm32f4xx_hal_adc_ex.c...
compiling runze_sv04_new.c...
compiling thread_safe.c...
compiling itf_00070010.c...
compiling gpio.c...
compiling itf_00020010.c...
compiling my_callback.c...
compiling my_main.c...
compiling ad5245.c...
compiling CommonHandle.c...
compiling bytesBuffer.c...
compiling motor_thread.c...
compiling io_thread.c...
compiling data_struct.c...
compiling app_hooks.c...
compiling rv_thread.c...
compiling itf_00010010.c...
compiling itf_00010000.c...
compiling itf_00010020 .c...
compiling flash_f4.c...
compiling bus.c...
compiling bus_can_f4_hal.c...
compiling itf_00010030 .c...
compiling itf_00010031.c...
compiling itf_00010040 .c...
compiling itf_00010050.c...
compiling itf_00010060.c...
compiling itf_00010070.c...
compiling itf_00010080.c...
compiling itf_00010082.c...
compiling protoTest.c...
compiling itf_00010032.c...
compiling itf_00010071.c...
compiling itf_00010083.c...
compiling itf_00070000.c...
compiling itf_00070001.c...
compiling itf_00070002.c...
compiling itf_00070011.c...
compiling itf_01000c10.c...
compiling itf_00040000.c...
compiling itf_00040010.c...
compiling itf_00040020.c...
compiling itf_00040030.c...
compiling io_mod.c...
compiling itf_00020030.c...
compiling itf_00020000.c...
compiling firmwaeExcute.c...
compiling itf_00030000.c...
compiling itf_01000c20.c...
compiling mTMC5130Device.c...
compiling itf_01000b04.c...
compiling itf_000100a0.c...
compiling itf_000100a1.c...
compiling itf_000100a2.c...
compiling itf_01000c50.c...
compiling itf_01000c21.c...
compiling itf_00040001.c...
compiling itf_01000c23.c...
compiling itf_00020001.c...
compiling math_util.c...
compiling itf_00030001.c...
compiling tool.c...
compiling Protocols.c...
linking...
Program Size: Code=72080 RO-data=2108 RW-data=1300 ZI-data=63692  
".\Build\MB0202-2A02.axf" - 0 Error(s), 0 Warning(s).

<h2>Software Packages used:</h2>

Package Vendor: ARM
                http://www.keil.com/pack/ARM.CMSIS.5.9.0.pack
                ARM.CMSIS.5.9.0
                CMSIS (Common Microcontroller Software Interface Standard)
   * Component: CORE Version: 5.6.0

Package Vendor: Keil
                http://www.keil.com/pack/Keil.STM32F4xx_DFP.2.15.0.pack
                Keil.STM32F4xx_DFP.2.15.0
                STMicroelectronics STM32F4 Series Device Support, Drivers and Examples

<h2>Collection of Component include folders:</h2>
  ./RTE/_MB0202-2A02
  D:/keil/ARM/CMSIS/5.9.0/CMSIS/Core/Include
  D:/keil/Keil/STM32F4xx_DFP/2.15.0/Drivers/CMSIS/Device/ST/STM32F4xx/Include

<h2>Collection of Component Files used:</h2>

   * Component: ARM::CMSIS:CORE:5.6.0
Build Time Elapsed:  00:00:07
</pre>
</body>
</html>
