Component: ARM Compiler 5.06 update 7 (build 960) Tool: armlink [4d3601]

==============================================================================

Section Cross References

    startup_stm32f103xe.o(STACK) refers (Special) to heapauxi.o(.text) for __use_two_region_memory
    startup_stm32f103xe.o(HEAP) refers (Special) to heapauxi.o(.text) for __use_two_region_memory
    startup_stm32f103xe.o(RESET) refers (Special) to heapauxi.o(.text) for __use_two_region_memory
    startup_stm32f103xe.o(RESET) refers to startup_stm32f103xe.o(STACK) for __initial_sp
    startup_stm32f103xe.o(RESET) refers to startup_stm32f103xe.o(.text) for Reset_Handler
    startup_stm32f103xe.o(RESET) refers to stm32f1xx_it.o(i.NMI_Handler) for NMI_Handler
    startup_stm32f103xe.o(RESET) refers to stm32f1xx_it.o(i.HardFault_Handler) for HardFault_Handler
    startup_stm32f103xe.o(RESET) refers to stm32f1xx_it.o(i.MemManage_Handler) for MemManage_Handler
    startup_stm32f103xe.o(RESET) refers to stm32f1xx_it.o(i.BusFault_Handler) for BusFault_Handler
    startup_stm32f103xe.o(RESET) refers to stm32f1xx_it.o(i.UsageFault_Handler) for UsageFault_Handler
    startup_stm32f103xe.o(RESET) refers to stm32f1xx_it.o(i.SVC_Handler) for SVC_Handler
    startup_stm32f103xe.o(RESET) refers to stm32f1xx_it.o(i.DebugMon_Handler) for DebugMon_Handler
    startup_stm32f103xe.o(RESET) refers to os_cpu_a.o(CODE) for OS_CPU_PendSVHandler
    startup_stm32f103xe.o(RESET) refers to os_cpu_c.o(i.OS_CPU_SysTickHandler) for OS_CPU_SysTickHandler
    startup_stm32f103xe.o(.text) refers (Special) to heapauxi.o(.text) for __use_two_region_memory
    startup_stm32f103xe.o(.text) refers to system_stm32f1xx.o(i.SystemInit) for SystemInit
    startup_stm32f103xe.o(.text) refers to __main.o(!!!main) for __main
    startup_stm32f103xe.o(.text) refers to startup_stm32f103xe.o(HEAP) for Heap_Mem
    startup_stm32f103xe.o(.text) refers to startup_stm32f103xe.o(STACK) for Stack_Mem
    main.o(i.AppTaskStart) refers to bsp.o(i.BSP_Init) for BSP_Init
    main.o(i.AppTaskStart) refers to stm32f1xx_hal_gpio.o(i.HAL_GPIO_WritePin) for HAL_GPIO_WritePin
    main.o(i.AppTaskStart) refers to stm32f1xx_hal_gpio.o(i.HAL_GPIO_Init) for HAL_GPIO_Init
    main.o(i.AppTaskStart) refers to cpu_core.o(i.CPU_Init) for CPU_Init
    main.o(i.AppTaskStart) refers to lib_mem.o(i.Mem_Init) for Mem_Init
    main.o(i.AppTaskStart) refers to os_stat.o(i.OSStatTaskCPUUsageInit) for OSStatTaskCPUUsageInit
    main.o(i.AppTaskStart) refers to cpu_core.o(i.CPU_IntDisMeasMaxCurReset) for CPU_IntDisMeasMaxCurReset
    main.o(i.AppTaskStart) refers to stm32f1xx_hal_gpio.o(i.HAL_GPIO_TogglePin) for HAL_GPIO_TogglePin
    main.o(i.AppTaskStart) refers to os_time.o(i.OSTimeDlyHMSM) for OSTimeDlyHMSM
    main.o(i.SystemClock_Config) refers to rt_memclr_w.o(.text) for __aeabi_memclr4
    main.o(i.SystemClock_Config) refers to stm32f1xx_hal_rcc.o(i.HAL_RCC_OscConfig) for HAL_RCC_OscConfig
    main.o(i.SystemClock_Config) refers to stm32f1xx_hal_rcc.o(i.HAL_RCC_ClockConfig) for HAL_RCC_ClockConfig
    main.o(i.main) refers to os_core.o(i.OSInit) for OSInit
    main.o(i.main) refers to os_task.o(i.OSTaskCreate) for OSTaskCreate
    main.o(i.main) refers to os_core.o(i.OSStart) for OSStart
    main.o(i.main) refers to main.o(.bss) for .bss
    main.o(i.main) refers to main.o(i.AppTaskStart) for AppTaskStart
    stm32f1xx_it.o(i.SysTick_Handler) refers to stm32f1xx_hal.o(i.HAL_IncTick) for HAL_IncTick
    stm32f1xx_hal.o(i.HAL_DeInit) refers to stm32f1xx_hal.o(i.HAL_MspDeInit) for HAL_MspDeInit
    stm32f1xx_hal.o(i.HAL_Delay) refers to stm32f1xx_hal.o(i.HAL_GetTick) for HAL_GetTick
    stm32f1xx_hal.o(i.HAL_Delay) refers to stm32f1xx_hal.o(.data) for .data
    stm32f1xx_hal.o(i.HAL_GetTick) refers to stm32f1xx_hal.o(.data) for .data
    stm32f1xx_hal.o(i.HAL_GetTickFreq) refers to stm32f1xx_hal.o(.data) for .data
    stm32f1xx_hal.o(i.HAL_GetTickPrio) refers to stm32f1xx_hal.o(.data) for .data
    stm32f1xx_hal.o(i.HAL_IncTick) refers to stm32f1xx_hal.o(.data) for .data
    stm32f1xx_hal.o(i.HAL_Init) refers to stm32f1xx_hal_cortex.o(i.HAL_NVIC_SetPriorityGrouping) for HAL_NVIC_SetPriorityGrouping
    stm32f1xx_hal.o(i.HAL_Init) refers to stm32f1xx_hal.o(i.HAL_InitTick) for HAL_InitTick
    stm32f1xx_hal.o(i.HAL_Init) refers to stm32f1xx_hal_msp.o(i.HAL_MspInit) for HAL_MspInit
    stm32f1xx_hal.o(i.HAL_InitTick) refers to stm32f1xx_hal_cortex.o(i.HAL_SYSTICK_Config) for HAL_SYSTICK_Config
    stm32f1xx_hal.o(i.HAL_InitTick) refers to stm32f1xx_hal_cortex.o(i.HAL_NVIC_SetPriority) for HAL_NVIC_SetPriority
    stm32f1xx_hal.o(i.HAL_InitTick) refers to stm32f1xx_hal.o(.data) for .data
    stm32f1xx_hal.o(i.HAL_InitTick) refers to system_stm32f1xx.o(.data) for SystemCoreClock
    stm32f1xx_hal.o(i.HAL_SetTickFreq) refers to stm32f1xx_hal.o(i.HAL_InitTick) for HAL_InitTick
    stm32f1xx_hal.o(i.HAL_SetTickFreq) refers to stm32f1xx_hal.o(.data) for .data
[...]
    i.OS_TaskRdy                             0x08002d08   Section        0  os_core.o(i.OS_TaskRdy)
    i.OS_TaskResume                          0x08002d24   Section        0  os_task.o(i.OS_TaskResume)
    i.OS_TaskReturn                          0x08002e24   Section        0  os_task.o(i.OS_TaskReturn)
    i.OS_TaskSemPost                         0x08002e3c   Section        0  os_task.o(i.OS_TaskSemPost)
    i.OS_TaskSuspend                         0x08002fc4   Section        0  os_task.o(i.OS_TaskSuspend)
    i.OS_TickListInit                        0x080030ac   Section        0  os_tick.o(i.OS_TickListInit)
    i.OS_TickListInsert                      0x080030d8   Section        0  os_tick.o(i.OS_TickListInsert)
    i.OS_TickListRemove                      0x080031b0   Section        0  os_tick.o(i.OS_TickListRemove)
    i.OS_TickListResetPeak                   0x080031e8   Section        0  os_tick.o(i.OS_TickListResetPeak)
    i.OS_TickListUpdate                      0x08003210   Section        0  os_tick.o(i.OS_TickListUpdate)
    i.OS_TickTask                            0x0800338c   Section        0  os_tick.o(i.OS_TickTask)
    i.OS_TickTaskInit                        0x080033b4   Section        0  os_tick.o(i.OS_TickTaskInit)
    i.OS_TmrInit                             0x0800345c   Section        0  os_tmr.o(i.OS_TmrInit)
    i.OS_TmrLink                             0x08003560   Section        0  os_tmr.o(i.OS_TmrLink)
    i.OS_TmrResetPeak                        0x080035f8   Section        0  os_tmr.o(i.OS_TmrResetPeak)
    i.OS_TmrTask                             0x08003620   Section        0  os_tmr.o(i.OS_TmrTask)
    i.OS_TmrUnlink                           0x080036c4   Section        0  os_tmr.o(i.OS_TmrUnlink)
    i.SVC_Handler                            0x08003710   Section        0  stm32f1xx_it.o(i.SVC_Handler)
    i.SystemInit                             0x08003712   Section        0  system_stm32f1xx.o(i.SystemInit)
    i.UsageFault_Handler                     0x08003714   Section        0  stm32f1xx_it.o(i.UsageFault_Handler)
    i.main                                   0x08003718   Section        0  main.o(i.main)
    .constdata                               0x08003774   Section        4  os_cfg_app.o(.constdata)
    .constdata                               0x08003778   Section        4  os_cfg_app.o(.constdata)
    .constdata                               0x0800377c   Section        4  os_cfg_app.o(.constdata)
    .constdata                               0x08003780   Section        4  os_cfg_app.o(.constdata)
    .constdata                               0x08003784   Section        2  os_cfg_app.o(.constdata)
    .constdata                               0x08003788   Section        4  os_cfg_app.o(.constdata)
    .constdata                               0x0800378c   Section        4  os_cfg_app.o(.constdata)
    .constdata                               0x08003790   Section        4  os_cfg_app.o(.constdata)
    .constdata                               0x08003794   Section        4  os_cfg_app.o(.constdata)
    .constdata                               0x08003798   Section        4  os_cfg_app.o(.constdata)
    .constdata                               0x0800379c   Section        2  os_cfg_app.o(.constdata)
    .constdata                               0x080037a0   Section        4  os_cfg_app.o(.constdata)
    .constdata                               0x080037a4   Section        1  os_cfg_app.o(.constdata)
    .constdata                               0x080037a8   Section        4  os_cfg_app.o(.constdata)
    .constdata                               0x080037ac   Section        4  os_cfg_app.o(.constdata)
    .constdata                               0x080037b0   Section        4  os_cfg_app.o(.constdata)
    .constdata                               0x080037b4   Section        4  os_cfg_app.o(.constdata)
    .constdata                               0x080037b8   Section        4  os_cfg_app.o(.constdata)
    .constdata                               0x080037bc   Section        4  os_cfg_app.o(.constdata)
    .constdata                               0x080037c0   Section        1  os_cfg_app.o(.constdata)
    .constdata                               0x080037c4   Section        4  os_cfg_app.o(.constdata)
    .constdata                               0x080037c8   Section        4  os_cfg_app.o(.constdata)
    .constdata                               0x080037cc   Section        4  os_cfg_app.o(.constdata)
    .constdata                               0x080037d0   Section        2  os_cfg_app.o(.constdata)
    .constdata                               0x080037d2   Section        1  os_cfg_app.o(.constdata)
    .constdata                               0x080037d4   Section        4  os_cfg_app.o(.constdata)
    .constdata                               0x080037d8   Section        4  os_cfg_app.o(.constdata)
    .constdata                               0x080037dc   Section        4  os_cfg_app.o(.constdata)
    .constdata                               0x080037e0   Section        4  os_cfg_app.o(.constdata)
    .constdata                               0x080037e4   Section        2  os_cfg_app.o(.constdata)
    .data                                    0x20000000   Section        4  system_stm32f1xx.o(.data)
    .data                                    0x20000004   Section       28  cpu_core.o(.data)
    .data                                    0x20000020   Section        4  os_cpu_c.o(.data)
    .data                                    0x20000024   Section        4  os_prio.o(.data)
    .data                                    0x20000028   Section        4  os_var.o(.data)
    .data                                    0x2000002c   Section        4  os_var.o(.data)
    .data                                    0x20000030   Section        4  os_var.o(.data)
    .data                                    0x20000034   Section        4  os_var.o(.data)
    .data                                    0x20000038   Section        4  os_var.o(.data)
    .data                                    0x2000003c   Section        4  os_var.o(.data)
    .data                                    0x20000040   Section        4  os_var.o(.data)
    .data                                    0x20000044   Section        4  os_var.o(.data)
    .data                                    0x20000048   Section        1  os_var.o(.data)
    .data                                    0x2000004c   Section        4  os_var.o(.data)
    .data                                    0x20000050   Section        1  os_var.o(.data)
    .data                                    0x20000054   Section        4  os_var.o(.data)
    .data                                    0x20000058   Section        4  os_var.o(.data)
    .data                                    0x2000005c   Section        2  os_var.o(.data)
    .data                                    0x2000005e   Section        2  os_var.o(.data)
    .data                                    0x20000060   Section        2  os_var.o(.data)
    .data                                    0x20000064   Section        4  os_var.o(.data)
    .data                                    0x20000068   Section        4  os_var.o(.data)
    .data                                    0x2000006c   Section        2  os_var.o(.data)
    .data                                    0x20000070   Section        4  os_var.o(.data)
    .data                                    0x20000074   Section        2  os_var.o(.data)
    .data                                    0x20000078   Section        4  os_var.o(.data)
    .data                                    0x2000007c   Section        2  os_var.o(.data)
    .data                                    0x2000007e   Section        1  os_var.o(.data)
    .data                                    0x2000007f   Section        1  os_var.o(.data)
    .data                                    0x20000080   Section        1  os_var.o(.data)
    .data                                    0x20000084   Section        4  os_var.o(.data)
    .data                                    0x20000088   Section        2  os_var.o(.data)
    .data                                    0x2000008c   Section        4  os_var.o(.data)
    .data                                    0x20000090   Section        4  os_var.o(.data)
    .data                                    0x20000094   Section        4  os_var.o(.data)
    .data                                    0x20000098   Section        1  os_var.o(.data)
    .data                                    0x2000009c   Section        4  os_var.o(.data)
    .data                                    0x200000a0   Section        1  os_var.o(.data)
    .data                                    0x200000a4   Section        4  os_var.o(.data)
    .data                                    0x200000a8   Section        2  os_var.o(.data)
    .data                                    0x200000aa   Section        1  os_var.o(.data)
    .data                                    0x200000ac   Section        2  os_var.o(.data)
    .data                                    0x200000ae   Section        2  os_var.o(.data)
    .data                                    0x200000b0   Section        4  os_var.o(.data)
    .data                                    0x200000b4   Section        4  os_var.o(.data)
    .data                                    0x200000b8   Section        4  os_var.o(.data)
    .data                                    0x200000bc   Section        1  os_var.o(.data)
    .data                                    0x200000c0   Section        4  os_var.o(.data)
    .data                                    0x200000c4   Section        4  os_var.o(.data)
    .data                                    0x200000c8   Section        4  os_var.o(.data)
    .data                                    0x200000cc   Section        2  os_var.o(.data)
    .data                                    0x200000ce   Section        1  os_var.o(.data)
    .data                                    0x200000d0   Section        4  os_var.o(.data)
    .data                                    0x200000d4   Section        4  os_var.o(.data)
    .data                                    0x200000d8   Section        4  os_var.o(.data)
    .data                                    0x200000dc   Section        4  os_var.o(.data)
    .data                                    0x200000e0   Section        4  os_var.o(.data)
    .data                                    0x200000e4   Section        4  os_var.o(.data)
    .data                                    0x200000e8   Section        4  os_var.o(.data)
    .data                                    0x200000ec   Section        4  os_var.o(.data)
    .data                                    0x200000f0   Section        4  os_var.o(.data)
    .data                                    0x200000f4   Section        4  lib_mem.o(.data)
    .bss                                     0x200000f8   Section      712  main.o(.bss)
    AppTaskStartTCB                          0x200000f8   Data         200  main.o(.bss)
    AppTaskStartStk                          0x200001c0   Data         512  main.o(.bss)
    .bss                                     0x200003c0   Section       16  cpu_core.o(.bss)
    .bss                                     0x200003d0   Section      512  os_cfg_app.o(.bss)
    .bss                                     0x200005d0   Section      320  os_cfg_app.o(.bss)
    .bss                                     0x20000710   Section      512  os_cfg_app.o(.bss)
    .bss                                     0x20000910   Section      512  os_cfg_app.o(.bss)
    .bss                                     0x20000b10   Section     1600  os_cfg_app.o(.bss)
    .bss                                     0x20001150   Section      512  os_cfg_app.o(.bss)
    .bss                                     0x20001350   Section      512  os_cfg_app.o(.bss)
    .bss                                     0x20001550   Section      136  os_cfg_app.o(.bss)
    .bss                                     0x200015d8   Section      512  os_cfg_app.o(.bss)
    .bss                                     0x200017d8   Section      136  os_cfg_app.o(.bss)
    .bss                                     0x20001860   Section      200  os_var.o(.bss)
    .bss                                     0x20001928   Section      200  os_var.o(.bss)
    .bss                                     0x200019f0   Section       12  os_var.o(.bss)
    .bss                                     0x200019fc   Section      384  os_var.o(.bss)
    .bss                                     0x20001b7c   Section      200  os_var.o(.bss)
    .bss                                     0x20001c44   Section      200  os_var.o(.bss)
    .bss                                     0x20001d0c   Section      200  os_var.o(.bss)
    .bss                                     0x20001dd4   Section    10312  lib_mem.o(.bss)
    .bss                                     0x2000461c   Section       96  libspace.o(.bss)
    HEAP                                     0x20004680   Section      512  startup_stm32f103xe.o(HEAP)
    Heap_Mem                                 0x20004680   Data         512  startup_stm32f103xe.o(HEAP)
    STACK                                    0x20004880   Section     1024  startup_stm32f103xe.o(STACK)
    Stack_Mem                                0x20004880   Data        1024  startup_stm32f103xe.o(STACK)
    __initial_sp                             0x20004c80   Data           0  startup_stm32f103xe.o(STACK)

    Global Symbols

    Symbol Name                              Value     Ov Type        Size  Object(Section)

    BuildAttributes$$THM_ISAv4$P$D$K$B$S$PE$A:L22UL41UL21$X:L11$S22US41US21$IEEE1$IW$USESV6$~STKCKD$USESV7$~SHL$OSPACE$ROPI$EBA8$UX$STANDARDLIB$REQ8$PRES8$EABIv2 0x00000000   Number         0  anon$$obj.o ABSOLUTE
    __ARM_use_no_argv                        0x00000000   Number         0  main.o ABSOLUTE
    __ARM_exceptions_init                     - Undefined Weak Reference
    __alloca_initialize                       - Undefined Weak Reference
    __arm_fini_                               - Undefined Weak Reference
    __arm_preinit_                            - Undefined Weak Reference
    __cpp_initialize__aeabi_                  - Undefined Weak Reference
    __cxa_finalize                            - Undefined Weak Reference
    __rt_locale                               - Undefined Weak Reference
    __sigvec_lookup                           - Undefined Weak Reference
    _atexit_init                              - Undefined Weak Reference
    _call_atexit_fns                          - Undefined Weak Reference
    _clock_init                               - Undefined Weak Reference
    _fp_trap_init                             - Undefined Weak Reference
    _fp_trap_shutdown                         - Undefined Weak Reference
    _get_lc_collate                           - Undefined Weak Reference
    _get_lc_ctype                             - Undefined Weak Reference
    _get_lc_monetary                          - Undefined Weak Reference
    _get_lc_numeric                           - Undefined Weak Reference
    _get_lc_time                              - Undefined Weak Reference
    _getenv_init                              - Undefined Weak Reference
    _handle_redirection                       - Undefined Weak Reference
    _init_alloc                               - Undefined Weak Reference
    _init_user_alloc                          - Undefined Weak Reference
    _initio                                   - Undefined Weak Reference
    _rand_init                                - Undefined Weak Reference
    _signal_finish                            - Undefined Weak Reference
    _signal_init                              - Undefined Weak Reference
    _terminate_alloc                          - Undefined Weak Reference
    _terminate_user_alloc                     - Undefined Weak Reference
    _terminateio                              - Undefined Weak Reference
    __Vectors_Size                           0x00000130   Number         0  startup_stm32f103xe.o ABSOLUTE
    __Vectors                                0x08000000   Data           4  startup_stm32f103xe.o(RESET)
    __Vectors_End                            0x08000130   Data           0  startup_stm32f103xe.o(RESET)
    __main                                   0x08000131   Thumb Code     8  __main.o(!!!main)
    __scatterload                            0x08000139   Thumb Code     0  __scatter.o(!!!scatter)
    __scatterload_rt2                        0x08000139   Thumb Code    44  __scatter.o(!!!scatter)
    __scatterload_rt2_thumb_only             0x08000139   Thumb Code     0  __scatter.o(!!!scatter)
    __scatterload_null                       0x08000147   Thumb Code     0  __scatter.o(!!!scatter)
    __scatterload_copy                       0x0800016d   Thumb Code    26  __scatter_copy.o(!!handler_copy)
    __scatterload_zeroinit                   0x08000189   Thumb Code    28  __scatter_zi.o(!!handler_zi)
    __rt_lib_init                            0x080001a5   Thumb Code     0  libinit.o(.ARM.Collect$$libinit$$00000000)
    __rt_lib_init_alloca_1                   0x080001a7   Thumb Code     0  libinit2.o(.ARM.Collect$$libinit$$0000002E)
    __rt_lib_init_argv_1                     0x080001a7   Thumb Code     0  libinit2.o(.ARM.Collect$$libinit$$0000002C)
    __rt_lib_init_atexit_1                   0x080001a7   Thumb Code     0  libinit2.o(.ARM.Collect$$libinit$$0000001B)
    __rt_lib_init_clock_1                    0x080001a7   Thumb Code     0  libinit2.o(.ARM.Collect$$libinit$$00000021)
    __rt_lib_init_cpp_1                      0x080001a7   Thumb Code     0  libinit2.o(.ARM.Collect$$libinit$$00000032)
    __rt_lib_init_exceptions_1               0x080001a7   Thumb Code     0  libinit2.o(.ARM.Collect$$libinit$$00000030)
    __rt_lib_init_fp_1                       0x080001a7   Thumb Code     0  libinit2.o(.ARM.Collect$$libinit$$00000002)
    __rt_lib_init_fp_trap_1                  0x080001a7   Thumb Code     0  libinit2.o(.ARM.Collect$$libinit$$0000001F)
    __rt_lib_init_getenv_1                   0x080001a7   Thumb Code     0  libinit2.o(.ARM.Collect$$libinit$$00000023)
    __rt_lib_init_heap_1                     0x080001a7   Thumb Code     0  libinit2.o(.ARM.Collect$$libinit$$0000000A)
    __rt_lib_init_lc_collate_1               0x080001a7   Thumb Code     0  libinit2.o(.ARM.Collect$$libinit$$00000011)
    __rt_lib_init_lc_ctype_1                 0x080001a7   Thumb Code     0  libinit2.o(.ARM.Collect$$libinit$$00000013)
    __rt_lib_init_lc_monetary_1              0x080001a7   Thumb Code     0  libinit2.o(.ARM.Collect$$libinit$$00000015)
    __rt_lib_init_lc_numeric_1               0x080001a7   Thumb Code     0  libinit2.o(.ARM.Collect$$libinit$$00000017)
    __rt_lib_init_lc_time_1                  0x080001a7   Thumb Code     0  libinit2.o(.ARM.Collect$$libinit$$00000019)
    __rt_lib_init_preinit_1                  0x080001a7   Thumb Code     0  libinit2.o(.ARM.Collect$$libinit$$00000004)
    __rt_lib_init_rand_1                     0x080001a7   Thumb Code     0  libinit2.o(.ARM.Collect$$libinit$$0000000E)
    __rt_lib_init_return                     0x080001a7   Thumb Code     0  libinit2.o(.ARM.Collect$$libinit$$00000033)
    __rt_lib_init_signal_1                   0x080001a7   Thumb Code     0  libinit2.o(.ARM.Collect$$libinit$$0000001D)
    __rt_lib_init_stdio_1                    0x080001a7   Thumb Code     0  libinit2.o(.ARM.Collect$$libinit$$00000025)
    __rt_lib_init_user_alloc_1               0x080001a7   Thumb Code     0  libinit2.o(.ARM.Collect$$libinit$$0000000C)
    __rt_lib_shutdown                        0x080001a9   Thumb Code     0  libshutdown.o(.ARM.Collect$$libshutdown$$00000000)
    __rt_lib_shutdown_cpp_1                  0x080001ab   Thumb Code     0  libshutdown2.o(.ARM.Collect$$libshutdown$$00000004)
    __rt_lib_shutdown_fini_1                 0x080001ab   Thumb Code     0  libshutdown2.o(.ARM.Collect$$libshutdown$$00000002)
    __rt_lib_shutdown_fp_trap_1              0x080001ab   Thumb Code     0  libshutdown2.o(.ARM.Collect$$libshutdown$$00000009)
    __rt_lib_shutdown_heap_1                 0x080001ab   Thumb Code     0  libshutdown2.o(.ARM.Collect$$libshutdown$$00000011)
    __rt_lib_shutdown_return                 0x080001ab   Thumb Code     0  libshutdown2.o(.ARM.Collect$$libshutdown$$00000012)
    __rt_lib_shutdown_signal_1               0x080001ab   Thumb Code     0  libshutdown2.o(.ARM.Collect$$libshutdown$$0000000C)
    __rt_lib_shutdown_stdio_1                0x080001ab   Thumb Code     0  libshutdown2.o(.ARM.Collect$$libshutdown$$00000006)
    __rt_lib_shutdown_user_alloc_1           0x080001ab   Thumb Code     0  libshutdown2.o(.ARM.Collect$$libshutdown$$0000000E)
    __rt_entry                               0x080001ad   Thumb Code     0  __rtentry.o(.ARM.Collect$$rtentry$$00000000)
    __rt_entry_presh_1                       0x080001ad   Thumb Code     0  __rtentry2.o(.ARM.Collect$$rtentry$$00000002)
    __rt_entry_sh                            0x080001ad   Thumb Code     0  __rtentry4.o(.ARM.Collect$$rtentry$$00000004)
    __rt_entry_li                            0x080001b3   Thumb Code     0  __rtentry2.o(.ARM.Collect$$rtentry$$0000000A)
    __rt_entry_postsh_1                      0x080001b3   Thumb Code     0  __rtentry2.o(.ARM.Collect$$rtentry$$00000009)
    __rt_entry_main                          0x080001b7   Thumb Code     0  __rtentry2.o(.ARM.Collect$$rtentry$$0000000D)
    __rt_entry_postli_1                      0x080001b7   Thumb Code     0  __rtentry2.o(.ARM.Collect$$rtentry$$0000000C)
    __rt_exit                                0x080001bf   Thumb Code     0  rtexit.o(.ARM.Collect$$rtexit$$00000000)
    __rt_exit_ls                             0x080001c1   Thumb Code     0  rtexit2.o(.ARM.Collect$$rtexit$$00000003)
    __rt_exit_prels_1                        0x080001c1   Thumb Code     0  rtexit2.o(.ARM.Collect$$rtexit$$00000002)
    __rt_exit_exit                           0x080001c5   Thumb Code     0  rtexit2.o(.ARM.Collect$$rtexit$$00000004)
    Reset_Handler                            0x080001cd   Thumb Code     8  startup_stm32f103xe.o(.text)
    ADC1_2_IRQHandler                        0x080001e7   Thumb Code     0  startup_stm32f103xe.o(.text)
    ADC3_IRQHandler                          0x080001e7   Thumb Code     0  startup_stm32f103xe.o(.text)
    CAN1_RX1_IRQHandler                      0x080001e7   Thumb Code     0  startup_stm32f103xe.o(.text)
    CAN1_SCE_IRQHandler                      0x080001e7   Thumb Code     0  startup_stm32f103xe.o(.text)
    DMA1_Channel1_IRQHandler                 0x080001e7   Thumb Code     0  startup_stm32f103xe.o(.text)
    DMA1_Channel2_IRQHandler                 0x080001e7   Thumb Code     0  startup_stm32f103xe.o(.text)
    DMA1_Channel3_IRQHandler                 0x080001e7   Thumb Code     0  startup_stm32f103xe.o(.text)
    DMA1_Channel4_IRQHandler                 0x080001e7   Thumb Code     0  startup_stm32f103xe.o(.text)
    DMA1_Channel5_IRQHandler                 0x080001e7   Thumb Code     0  startup_stm32f103xe.o(.text)
    DMA1_Channel6_IRQHandler                 0x080001e7   Thumb Code     0  startup_stm32f103xe.o(.text)
    DMA1_Channel7_IRQHandler                 0x080001e7   Thumb Code     0  startup_stm32f103xe.o(.text)
    DMA2_Channel1_IRQHandler                 0x080001e7   Thumb Code     0  startup_stm32f103xe.o(.text)
    DMA2_Channel2_IRQHandler                 0x080001e7   Thumb Code     0  startup_stm32f103xe.o(.text)
    DMA2_Channel3_IRQHandler                 0x080001e7   Thumb Code     0  startup_stm32f103xe.o(.text)
    DMA2_Channel4_5_IRQHandler               0x080001e7   Thumb Code     0  startup_stm32f103xe.o(.text)
    EXTI0_IRQHandler                         0x080001e7   Thumb Code     0  startup_stm32f103xe.o(.text)
    EXTI15_10_IRQHandler                     0x080001e7   Thumb Code     0  startup_stm32f103xe.o(.text)
    EXTI1_IRQHandler                         0x080001e7   Thumb Code     0  startup_stm32f103xe.o(.text)
    EXTI2_IRQHandler                         0x080001e7   Thumb Code     0  startup_stm32f103xe.o(.text)
    EXTI3_IRQHandler                         0x080001e7   Thumb Code     0  startup_stm32f103xe.o(.text)
    EXTI4_IRQHandler                         0x080001e7   Thumb Code     0  startup_stm32f103xe.o(.text)
    EXTI9_5_IRQHandler                       0x080001e7   Thumb Code     0  startup_stm32f103xe.o(.text)
    FLASH_IRQHandler                         0x080001e7   Thumb Code     0  startup_stm32f103xe.o(.text)
    FSMC_IRQHandler                          0x080001e7   Thumb Code     0  startup_stm32f103xe.o(.text)
    I2C1_ER_IRQHandler                       0x080001e7   Thumb Code     0  startup_stm32f103xe.o(.text)
    I2C1_EV_IRQHandler                       0x080001e7   Thumb Code     0  startup_stm32f103xe.o(.text)
    I2C2_ER_IRQHandler                       0x080001e7   Thumb Code     0  startup_stm32f103xe.o(.text)
    I2C2_EV_IRQHandler                       0x080001e7   Thumb Code     0  startup_stm32f103xe.o(.text)
    PVD_IRQHandler                           0x080001e7   Thumb Code     0  startup_stm32f103xe.o(.text)
    RCC_IRQHandler                           0x080001e7   Thumb Code     0  startup_stm32f103xe.o(.text)
    RTC_Alarm_IRQHandler                     0x080001e7   Thumb Code     0  startup_stm32f103xe.o(.text)
    RTC_IRQHandler                           0x080001e7   Thumb Code     0  startup_stm32f103xe.o(.text)
    SDIO_IRQHandler                          0x080001e7   Thumb Code     0  startup_stm32f103xe.o(.text)
    SPI1_IRQHandler                          0x080001e7   Thumb Code     0  startup_stm32f103xe.o(.text)
    SPI2_IRQHandler                          0x080001e7   Thumb Code     0  startup_stm32f103xe.o(.text)
    SPI3_IRQHandler                          0x080001e7   Thumb Code     0  startup_stm32f103xe.o(.text)
    TAMPER_IRQHandler                        0x080001e7   Thumb Code     0  startup_stm32f103xe.o(.text)
    TIM1_BRK_IRQHandler                      0x080001e7   Thumb Code     0  startup_stm32f103xe.o(.text)
    TIM1_CC_IRQHandler                       0x080001e7   Thumb Code     0  startup_stm32f103xe.o(.text)
    TIM1_TRG_COM_IRQHandler                  0x080001e7   Thumb Code     0  startup_stm32f103xe.o(.text)
    TIM1_UP_IRQHandler                       0x080001e7   Thumb Code     0  startup_stm32f103xe.o(.text)
    TIM2_IRQHandler                          0x080001e7   Thumb Code     0  startup_stm32f103xe.o(.text)
    TIM3_IRQHandler                          0x080001e7   Thumb Code     0  startup_stm32f103xe.o(.text)
    TIM4_IRQHandler                          0x080001e7   Thumb Code     0  startup_stm32f103xe.o(.text)
    TIM5_IRQHandler                          0x080001e7   Thumb Code     0  startup_stm32f103xe.o(.text)
    TIM6_IRQHandler                          0x080001e7   Thumb Code     0  startup_stm32f103xe.o(.text)
    TIM7_IRQHandler                          0x080001e7   Thumb Code     0  startup_stm32f103xe.o(.text)
    TIM8_BRK_IRQHandler                      0x080001e7   Thumb Code     0  startup_stm32f103xe.o(.text)
    TIM8_CC_IRQHandler                       0x080001e7   Thumb Code     0  startup_stm32f103xe.o(.text)
    TIM8_TRG_COM_IRQHandler                  0x080001e7   Thumb Code     0  startup_stm32f103xe.o(.text)
    TIM8_UP_IRQHandler                       0x080001e7   Thumb Code     0  startup_stm32f103xe.o(.text)
    UART4_IRQHandler                         0x080001e7   Thumb Code     0  startup_stm32f103xe.o(.text)
    UART5_IRQHandler                         0x080001e7   Thumb Code     0  startup_stm32f103xe.o(.text)
    USART1_IRQHandler                        0x080001e7   Thumb Code     0  startup_stm32f103xe.o(.text)
    USART2_IRQHandler                        0x080001e7   Thumb Code     0  startup_stm32f103xe.o(.text)
    USART3_IRQHandler                        0x080001e7   Thumb Code     0  startup_stm32f103xe.o(.text)
    USBWakeUp_IRQHandler                     0x080001e7   Thumb Code     0  startup_stm32f103xe.o(.text)
    USB_HP_CAN1_TX_IRQHandler                0x080001e7   Thumb Code     0  startup_stm32f103xe.o(.text)
    USB_LP_CAN1_RX0_IRQHandler               0x080001e7   Thumb Code     0  startup_stm32f103xe.o(.text)
    WWDG_IRQHandler                          0x080001e7   Thumb Code     0  startup_stm32f103xe.o(.text)
    __user_initial_stackheap                 0x080001e9   Thumb Code     0  startup_stm32f103xe.o(.text)
    CPU_IntDis                               0x0800020d   Thumb Code     0  cpu_a.o(.text)
    CPU_IntEn                                0x08000211   Thumb Code     0  cpu_a.o(.text)
    CPU_SR_Save                              0x08000215   Thumb Code     0  cpu_a.o(.text)
    CPU_SR_Restore                           0x0800021d   Thumb Code     0  cpu_a.o(.text)
    CPU_WaitForInt                           0x08000223   Thumb Code     0  cpu_a.o(.text)
    CPU_WaitForExcept                        0x08000227   Thumb Code     0  cpu_a.o(.text)
    CPU_CntLeadZeros                         0x0800022b   Thumb Code     0  cpu_a.o(.text)
    CPU_CntTrailZeros                        0x08000231   Thumb Code     0  cpu_a.o(.text)
    CPU_RevBits                              0x0800023b   Thumb Code     0  cpu_a.o(.text)
    __use_two_region_memory                  0x08000241   Thumb Code     2  heapauxi.o(.text)
    __rt_heap_escrow$2region                 0x08000243   Thumb Code     2  heapauxi.o(.text)
    __rt_heap_expand$2region                 0x08000245   Thumb Code     2  heapauxi.o(.text)
    __user_setup_stackheap                   0x08000247   Thumb Code    74  sys_stackheap_outer.o(.text)
    exit                                     0x08000291   Thumb Code    18  exit.o(.text)
    __user_libspace                          0x080002a5   Thumb Code     8  libspace.o(.text)
    __user_perproc_libspace                  0x080002a5   Thumb Code     0  libspace.o(.text)
    __user_perthread_libspace                0x080002a5   Thumb Code     0  libspace.o(.text)
    _sys_exit                                0x080002ad   Thumb Code     8  sys_exit.o(.text)
    __I$use$semihosting                      0x080002b9   Thumb Code     0  use_no_semi.o(.text)
    __use_no_semihosting_swi                 0x080002b9   Thumb Code     2  use_no_semi.o(.text)
    __semihosting_library_function           0x080002bb   Thumb Code     0  indicate_semi.o(.text)
    OSStartHighRdy                           0x080002bd   Thumb Code     0  os_cpu_a.o(CODE)
    OS_CPU_PendSVHandler                     0x080002df   Thumb Code     0  os_cpu_a.o(CODE)
    BSP_Init                                 0x080003cd   Thumb Code     4  bsp.o(i.BSP_Init)
    BSP_Tick_Init                            0x080003d1   Thumb Code    22  bsp.o(i.BSP_Tick_Init)
    BusFault_Handler                         0x080003ed   Thumb Code     2  stm32f1xx_it.o(i.BusFault_Handler)
    CPU_Init                                 0x080003f1   Thumb Code    24  cpu_core.o(i.CPU_Init)
    CPU_IntDisMeasMaxCurGet                  0x0800046d   Thumb Code    24  cpu_core.o(i.CPU_IntDisMeasMaxCurGet)
    CPU_IntDisMeasMaxCurReset                0x08000489   Thumb Code    26  cpu_core.o(i.CPU_IntDisMeasMaxCurReset)
    CPU_IntDisMeasMaxGet                     0x080004a9   Thumb Code    24  cpu_core.o(i.CPU_IntDisMeasMaxGet)
    CPU_IntDisMeasStart                      0x080004c5   Thumb Code    28  cpu_core.o(i.CPU_IntDisMeasStart)
    CPU_IntDisMeasStop                       0x080004e5   Thumb Code    44  cpu_core.o(i.CPU_IntDisMeasStop)
    CPU_NameClr                              0x08000515   Thumb Code    34  cpu_core.o(i.CPU_NameClr)
    CPU_TS_TmrFreqSet                        0x0800053d   Thumb Code     6  cpu_core.o(i.CPU_TS_TmrFreqSet)
    CPU_TS_TmrInit                           0x08000549   Thumb Code    38  bsp.o(i.CPU_TS_TmrInit)
    CPU_TS_TmrRd                             0x08000579   Thumb Code     6  bsp.o(i.CPU_TS_TmrRd)
    DebugMon_Handler                         0x08000585   Thumb Code     2  stm32f1xx_it.o(i.DebugMon_Handler)
    HAL_GPIO_Init                            0x08000589   Thumb Code   462  stm32f1xx_hal_gpio.o(i.HAL_GPIO_Init)
    HAL_GPIO_TogglePin                       0x08000781   Thumb Code    16  stm32f1xx_hal_gpio.o(i.HAL_GPIO_TogglePin)
    HAL_GPIO_WritePin                        0x08000791   Thumb Code    10  stm32f1xx_hal_gpio.o(i.HAL_GPIO_WritePin)
    HAL_RCC_GetHCLKFreq                      0x0800079d   Thumb Code     6  stm32f1xx_hal_rcc.o(i.HAL_RCC_GetHCLKFreq)
    HardFault_Handler                        0x080007a9   Thumb Code     2  stm32f1xx_it.o(i.HardFault_Handler)
    MemManage_Handler                        0x080007ab   Thumb Code     2  stm32f1xx_it.o(i.MemManage_Handler)
    Mem_Clr                                  0x080007ad   Thumb Code     8  lib_mem.o(i.Mem_Clr)
    Mem_Init                                 0x080007b5   Thumb Code    54  lib_mem.o(i.Mem_Init)
    Mem_Set                                  0x080007f9   Thumb Code    76  lib_mem.o(i.Mem_Set)
    NMI_Handler                              0x08000845   Thumb Code     2  stm32f1xx_it.o(i.NMI_Handler)
    OSCfg_Init                               0x08000847   Thumb Code     2  os_cfg_app.o(i.OSCfg_Init)
    OSIdleTaskHook                           0x08000849   Thumb Code    12  os_cpu_c.o(i.OSIdleTaskHook)
    OSInit                                   0x08000859   Thumb Code   290  os_core.o(i.OSInit)
    OSInitHook                               0x080009dd   Thumb Code    38  os_cpu_c.o(i.OSInitHook)
    OSIntExit                                0x08000a11   Thumb Code   108  os_core.o(i.OSIntExit)
    OSSched                                  0x08000aa1   Thumb Code    90  os_core.o(i.OSSched)
    OSSchedLock                              0x08000b1d   Thumb Code    80  os_core.o(i.OSSchedLock)
    OSSchedUnlock                            0x08000b79   Thumb Code   104  os_core.o(i.OSSchedUnlock)
    OSStart                                  0x08000bed   Thumb Code    62  os_core.o(i.OSStart)
    OSStatReset                              0x08000c45   Thumb Code   202  os_stat.o(i.OSStatReset)
    OSStatTaskCPUUsageInit                   0x08000d3d   Thumb Code   150  os_stat.o(i.OSStatTaskCPUUsageInit)
    OSStatTaskHook                           0x08000df1   Thumb Code    12  os_cpu_c.o(i.OSStatTaskHook)
    OSTaskCreate                             0x08000e01   Thumb Code   466  os_task.o(i.OSTaskCreate)
    OSTaskCreateHook                         0x08000ff9   Thumb Code    12  os_cpu_c.o(i.OSTaskCreateHook)
    OSTaskDel                                0x08001009   Thumb Code   336  os_task.o(i.OSTaskDel)
    OSTaskDelHook                            0x08001175   Thumb Code    12  os_cpu_c.o(i.OSTaskDelHook)
    OSTaskResume                             0x08001185   Thumb Code    98  os_task.o(i.OSTaskResume)
    OSTaskReturnHook                         0x080011f5   Thumb Code    12  os_cpu_c.o(i.OSTaskReturnHook)
    OSTaskSemPend                            0x08001205   Thumb Code   354  os_task.o(i.OSTaskSemPend)
    OSTaskStkChk                             0x08001375   Thumb Code   162  os_task.o(i.OSTaskStkChk)
    OSTaskStkInit                            0x08001421   Thumb Code   108  os_cpu_c.o(i.OSTaskStkInit)
    OSTaskSuspend                            0x08001491   Thumb Code    66  os_task.o(i.OSTaskSuspend)
    OSTaskSwHook                             0x080014e5   Thumb Code    86  os_cpu_c.o(i.OSTaskSwHook)
    OSTimeDly                                0x0800154d   Thumb Code   224  os_time.o(i.OSTimeDly)
    OSTimeDlyHMSM                            0x08001639   Thumb Code   374  os_time.o(i.OSTimeDlyHMSM)
    OSTimeTick                               0x080017c1   Thumb Code    52  os_time.o(i.OSTimeTick)
    OSTimeTickHook                           0x08001801   Thumb Code    12  os_cpu_c.o(i.OSTimeTickHook)
    OS_CPU_SysTickHandler                    0x08001811   Thumb Code    42  os_cpu_c.o(i.OS_CPU_SysTickHandler)
    OS_CPU_SysTickInit                       0x08001841   Thumb Code    36  os_cpu_c.o(i.OS_CPU_SysTickInit)
    OS_Dbg_Init                              0x08001869   Thumb Code     2  os_dbg.o(i.OS_Dbg_Init)
    OS_FlagInit                              0x0800186d   Thumb Code    14  os_flag.o(i.OS_FlagInit)
    OS_FlagPost                              0x08001885   Thumb Code   382  os_flag.o(i.OS_FlagPost)
    OS_FlagTaskRdy                           0x08001a0d   Thumb Code    68  os_flag.o(i.OS_FlagTaskRdy)
    OS_IdleTask                              0x08001a51   Thumb Code    42  os_core.o(i.OS_IdleTask)
    OS_IdleTaskInit                          0x08001a85   Thumb Code    60  os_core.o(i.OS_IdleTaskInit)
    OS_IntQPost                              0x08001aed   Thumb Code   148  os_int.o(i.OS_IntQPost)
    OS_IntQRePost                            0x08001ba5   Thumb Code   224  os_int.o(i.OS_IntQRePost)
    OS_IntQTask                              0x08001cc1   Thumb Code   120  os_int.o(i.OS_IntQTask)
    OS_IntQTaskInit                          0x08001d49   Thumb Code   192  os_int.o(i.OS_IntQTaskInit)
    OS_MemInit                               0x08001e61   Thumb Code    14  os_mem.o(i.OS_MemInit)
    OS_MsgPoolInit                           0x08001e79   Thumb Code    92  os_msg.o(i.OS_MsgPoolInit)
    OS_MsgQFreeAll                           0x08001ee1   Thumb Code    48  os_msg.o(i.OS_MsgQFreeAll)
    OS_MsgQInit                              0x08001f15   Thumb Code    14  os_msg.o(i.OS_MsgQInit)
    OS_MsgQPut                               0x08001f25   Thumb Code   132  os_msg.o(i.OS_MsgQPut)
    OS_MutexInit                             0x08001fad   Thumb Code    14  os_mutex.o(i.OS_MutexInit)
    OS_Pend                                  0x08001fc5   Thumb Code    74  os_core.o(i.OS_Pend)
    OS_PendDataInit                          0x08002015   Thumb Code    48  os_core.o(i.OS_PendDataInit)
    OS_PendDbgNameAdd                        0x08002045   Thumb Code    46  os_core.o(i.OS_PendDbgNameAdd)
    OS_PendDbgNameRemove                     0x0800208d   Thumb Code    22  os_core.o(i.OS_PendDbgNameRemove)
    OS_PendListInsertPrio                    0x080020a9   Thumb Code    90  os_core.o(i.OS_PendListInsertPrio)
    OS_PendListRemove                        0x08002103   Thumb Code    38  os_core.o(i.OS_PendListRemove)
    OS_PendListRemove1                       0x08002129   Thumb Code    54  os_core.o(i.OS_PendListRemove1)
    OS_Post                                  0x0800215f   Thumb Code   152  os_core.o(i.OS_Post)
    OS_Post1                                 0x080021f7   Thumb Code    38  os_core.o(i.OS_Post1)
    OS_PrioGetHighest                        0x0800221d   Thumb Code    32  os_prio.o(i.OS_PrioGetHighest)
    OS_PrioInit                              0x08002241   Thumb Code     8  os_prio.o(i.OS_PrioInit)
    OS_PrioInsert                            0x0800224d   Thumb Code    28  os_prio.o(i.OS_PrioInsert)
    OS_PrioRemove                            0x0800226d   Thumb Code    28  os_prio.o(i.OS_PrioRemove)
    OS_QInit                                 0x0800228d   Thumb Code    14  os_q.o(i.OS_QInit)
    OS_QPost                                 0x080022a5   Thumb Code   252  os_q.o(i.OS_QPost)
    OS_RdyListInit                           0x080023a9   Thumb Code    32  os_core.o(i.OS_RdyListInit)
    OS_RdyListInsert                         0x080023cd   Thumb Code    42  os_core.o(i.OS_RdyListInsert)
    OS_RdyListInsertHead                     0x080023fd   Thumb Code    52  os_core.o(i.OS_RdyListInsertHead)
    OS_RdyListInsertTail                     0x08002435   Thumb Code    48  os_core.o(i.OS_RdyListInsertTail)
    OS_RdyListMoveHeadToTail                 0x08002469   Thumb Code    52  os_core.o(i.OS_RdyListMoveHeadToTail)
    OS_RdyListRemove                         0x0800249d   Thumb Code    78  os_core.o(i.OS_RdyListRemove)
    OS_Sched0                                0x080024f1   Thumb Code    50  os_core.o(i.OS_Sched0)
    OS_SchedLockTimeMeasStart                0x08002539   Thumb Code    20  os_core.o(i.OS_SchedLockTimeMeasStart)
    OS_SchedLockTimeMeasStop                 0x08002555   Thumb Code    42  os_core.o(i.OS_SchedLockTimeMeasStop)
    OS_SchedRoundRobin                       0x08002591   Thumb Code    88  os_core.o(i.OS_SchedRoundRobin)
    OS_SemInit                               0x080025f9   Thumb Code    14  os_sem.o(i.OS_SemInit)
    OS_SemPost                               0x08002611   Thumb Code   224  os_sem.o(i.OS_SemPost)
    OS_StatTask                              0x080026f5   Thumb Code   602  os_stat.o(i.OS_StatTask)
    OS_StatTaskInit                          0x08002999   Thumb Code   118  os_stat.o(i.OS_StatTaskInit)
    OS_TaskBlock                             0x08002a55   Thumb Code    42  os_core.o(i.OS_TaskBlock)
    OS_TaskDbgListAdd                        0x08002a81   Thumb Code    30  os_task.o(i.OS_TaskDbgListAdd)
    OS_TaskDbgListRemove                     0x08002aa5   Thumb Code    50  os_task.o(i.OS_TaskDbgListRemove)
    OS_TaskInit                              0x08002add   Thumb Code    18  os_task.o(i.OS_TaskInit)
    OS_TaskInitTCB                           0x08002afd   Thumb Code   188  os_task.o(i.OS_TaskInitTCB)
    OS_TaskQPost                             0x08002bc5   Thumb Code   310  os_task.o(i.OS_TaskQPost)
    OS_TaskRdy                               0x08002d09   Thumb Code    28  os_core.o(i.OS_TaskRdy)
    OS_TaskResume                            0x08002d25   Thumb Code   252  os_task.o(i.OS_TaskResume)
    OS_TaskReturn                            0x08002e25   Thumb Code    20  os_task.o(i.OS_TaskReturn)
    OS_TaskSemPost                           0x08002e3d   Thumb Code   380  os_task.o(i.OS_TaskSemPost)
    OS_TaskSuspend                           0x08002fc5   Thumb Code   224  os_task.o(i.OS_TaskSuspend)
    OS_TickListInit                          0x080030ad   Thumb Code    34  os_tick.o(i.OS_TickListInit)
    OS_TickListInsert                        0x080030d9   Thumb Code   202  os_tick.o(i.OS_TickListInsert)
    OS_TickListRemove                        0x080031b1   Thumb Code    54  os_tick.o(i.OS_TickListRemove)
    OS_TickListResetPeak                     0x080031e9   Thumb Code    30  os_tick.o(i.OS_TickListResetPeak)
    OS_TickListUpdate                        0x08003211   Thumb Code   354  os_tick.o(i.OS_TickListUpdate)
    OS_TickTask                              0x0800338d   Thumb Code    36  os_tick.o(i.OS_TickTask)
    OS_TickTaskInit                          0x080033b5   Thumb Code   112  os_tick.o(i.OS_TickTaskInit)
    OS_TmrInit                               0x0800345d   Thumb Code   172  os_tmr.o(i.OS_TmrInit)
    OS_TmrLink                               0x08003561   Thumb Code   140  os_tmr.o(i.OS_TmrLink)
    OS_TmrResetPeak                          0x080035f9   Thumb Code    30  os_tmr.o(i.OS_TmrResetPeak)
    OS_TmrTask                               0x08003621   Thumb Code   146  os_tmr.o(i.OS_TmrTask)
    OS_TmrUnlink                             0x080036c5   Thumb Code    68  os_tmr.o(i.OS_TmrUnlink)
    SVC_Handler                              0x08003711   Thumb Code     2  stm32f1xx_it.o(i.SVC_Handler)
    SystemInit                               0x08003713   Thumb Code     2  system_stm32f1xx.o(i.SystemInit)
    UsageFault_Handler                       0x08003715   Thumb Code     2  stm32f1xx_it.o(i.UsageFault_Handler)
    main                                     0x08003719   Thumb Code    68  main.o(i.main)
    OSCfg_IdleTaskStkBasePtr                 0x08003774   Data           4  os_cfg_app.o(.constdata)
    OSCfg_IdleTaskStkLimit                   0x08003778   Data           4  os_cfg_app.o(.constdata)
    OSCfg_IdleTaskStkSize                    0x0800377c   Data           4  os_cfg_app.o(.constdata)
    OSCfg_IntQBasePtr                        0x08003780   Data           4  os_cfg_app.o(.constdata)
    OSCfg_IntQSize                           0x08003784   Data           2  os_cfg_app.o(.constdata)
    OSCfg_IntQTaskStkBasePtr                 0x08003788   Data           4  os_cfg_app.o(.constdata)
    OSCfg_IntQTaskStkLimit                   0x0800378c   Data           4  os_cfg_app.o(.constdata)
    OSCfg_IntQTaskStkSize                    0x08003790   Data           4  os_cfg_app.o(.constdata)
    OSCfg_ISRStkBasePtr                      0x08003794   Data           4  os_cfg_app.o(.constdata)
    OSCfg_ISRStkSize                         0x08003798   Data           4  os_cfg_app.o(.constdata)
    OSCfg_MsgPoolSize                        0x0800379c   Data           2  os_cfg_app.o(.constdata)
    OSCfg_MsgPoolBasePtr                     0x080037a0   Data           4  os_cfg_app.o(.constdata)
    OSCfg_StatTaskPrio                       0x080037a4   Data           1  os_cfg_app.o(.constdata)
    OSCfg_StatTaskRate_Hz                    0x080037a8   Data           4  os_cfg_app.o(.constdata)
    OSCfg_StatTaskStkBasePtr                 0x080037ac   Data           4  os_cfg_app.o(.constdata)
    OSCfg_StatTaskStkLimit                   0x080037b0   Data           4  os_cfg_app.o(.constdata)
    OSCfg_StatTaskStkSize                    0x080037b4   Data           4  os_cfg_app.o(.constdata)
    OSCfg_StkSizeMin                         0x080037b8   Data           4  os_cfg_app.o(.constdata)
    OSCfg_TickRate_Hz                        0x080037bc   Data           4  os_cfg_app.o(.constdata)
    OSCfg_TickTaskPrio                       0x080037c0   Data           1  os_cfg_app.o(.constdata)
    OSCfg_TickTaskStkBasePtr                 0x080037c4   Data           4  os_cfg_app.o(.constdata)
    OSCfg_TickTaskStkLimit                   0x080037c8   Data           4  os_cfg_app.o(.constdata)
    OSCfg_TickTaskStkSize                    0x080037cc   Data           4  os_cfg_app.o(.constdata)
    OSCfg_TickWheelSize                      0x080037d0   Data           2  os_cfg_app.o(.constdata)
    OSCfg_TmrTaskPrio                        0x080037d2   Data           1  os_cfg_app.o(.constdata)
    OSCfg_TmrTaskRate_Hz                     0x080037d4   Data           4  os_cfg_app.o(.constdata)
    OSCfg_TmrTaskStkBasePtr                  0x080037d8   Data           4  os_cfg_app.o(.constdata)
    OSCfg_TmrTaskStkLimit                    0x080037dc   Data           4  os_cfg_app.o(.constdata)
    OSCfg_TmrTaskStkSize                     0x080037e0   Data           4  os_cfg_app.o(.constdata)
    OSCfg_TmrWheelSize                       0x080037e4   Data           2  os_cfg_app.o(.constdata)
    Region$$Table$$Base                      0x080037e8   Number         0  anon$$obj.o(Region$$Table)
    Region$$Table$$Limit                     0x08003808   Number         0  anon$$obj.o(Region$$Table)
    SystemCoreClock                          0x20000000   Data           4  system_stm32f1xx.o(.data)
    CPU_IntDisMeasCtr                        0x20000004   Data           2  cpu_core.o(.data)
    CPU_IntDisNestCtr                        0x20000006   Data           2  cpu_core.o(.data)
    CPU_TS_TmrFreq_Hz                        0x20000008   Data           4  cpu_core.o(.data)
    CPU_IntDisMeasStart_cnts                 0x2000000c   Data           4  cpu_core.o(.data)
    CPU_IntDisMeasStop_cnts                  0x20000010   Data           4  cpu_core.o(.data)
    CPU_IntDisMeasOvrhd_cnts                 0x20000014   Data           4  cpu_core.o(.data)
    CPU_IntDisMeasMaxCur_cnts                0x20000018   Data           4  cpu_core.o(.data)
    CPU_IntDisMeasMax_cnts                   0x2000001c   Data           4  cpu_core.o(.data)
    OS_CPU_ExceptStkBase                     0x20000020   Data           4  os_cpu_c.o(.data)
    OSPrioTbl                                0x20000024   Data           4  os_prio.o(.data)
    OS_AppTaskCreateHookPtr                  0x20000028   Data           4  os_var.o(.data)
    OS_AppTaskDelHookPtr                     0x2000002c   Data           4  os_var.o(.data)
    OS_AppTaskReturnHookPtr                  0x20000030   Data           4  os_var.o(.data)
    OS_AppIdleTaskHookPtr                    0x20000034   Data           4  os_var.o(.data)
    OS_AppStatTaskHookPtr                    0x20000038   Data           4  os_var.o(.data)
    OS_AppTaskSwHookPtr                      0x2000003c   Data           4  os_var.o(.data)
    OS_AppTimeTickHookPtr                    0x20000040   Data           4  os_var.o(.data)
    OSIdleTaskCtr                            0x20000044   Data           4  os_var.o(.data)
    OSIntNestingCtr                          0x20000048   Data           1  os_var.o(.data)
    OSIntDisTimeMax                          0x2000004c   Data           4  os_var.o(.data)
    OSRunning                                0x20000050   Data           1  os_var.o(.data)
    OSIntQInPtr                              0x20000054   Data           4  os_var.o(.data)
    OSIntQOutPtr                             0x20000058   Data           4  os_var.o(.data)
    OSIntQNbrEntries                         0x2000005c   Data           2  os_var.o(.data)
    OSIntQNbrEntriesMax                      0x2000005e   Data           2  os_var.o(.data)
    OSIntQOvfCtr                             0x20000060   Data           2  os_var.o(.data)
    OSIntQTaskTimeMax                        0x20000064   Data           4  os_var.o(.data)
    OSFlagDbgListPtr                         0x20000068   Data           4  os_var.o(.data)
    OSFlagQty                                0x2000006c   Data           2  os_var.o(.data)
    OSMemDbgListPtr                          0x20000070   Data           4  os_var.o(.data)
    OSMemQty                                 0x20000074   Data           2  os_var.o(.data)
    OSMutexDbgListPtr                        0x20000078   Data           4  os_var.o(.data)
    OSMutexQty                               0x2000007c   Data           2  os_var.o(.data)
    OSPrioCur                                0x2000007e   Data           1  os_var.o(.data)
    OSPrioHighRdy                            0x2000007f   Data           1  os_var.o(.data)
    OSPrioSaved                              0x20000080   Data           1  os_var.o(.data)
    OSQDbgListPtr                            0x20000084   Data           4  os_var.o(.data)
    OSQQty                                   0x20000088   Data           2  os_var.o(.data)
    OSSchedLockTimeBegin                     0x2000008c   Data           4  os_var.o(.data)
    OSSchedLockTimeMax                       0x20000090   Data           4  os_var.o(.data)
    OSSchedLockTimeMaxCur                    0x20000094   Data           4  os_var.o(.data)
    OSSchedLockNestingCtr                    0x20000098   Data           1  os_var.o(.data)
    OSSchedRoundRobinDfltTimeQuanta          0x2000009c   Data           4  os_var.o(.data)
    OSSchedRoundRobinEn                      0x200000a0   Data           1  os_var.o(.data)
    OSSemDbgListPtr                          0x200000a4   Data           4  os_var.o(.data)
    OSSemQty                                 0x200000a8   Data           2  os_var.o(.data)
    OSStatResetFlag                          0x200000aa   Data           1  os_var.o(.data)
    OSStatTaskCPUUsage                       0x200000ac   Data           2  os_var.o(.data)
    OSStatTaskCPUUsageMax                    0x200000ae   Data           2  os_var.o(.data)
    OSStatTaskCtr                            0x200000b0   Data           4  os_var.o(.data)
    OSStatTaskCtrMax                         0x200000b4   Data           4  os_var.o(.data)
    OSStatTaskCtrRun                         0x200000b8   Data           4  os_var.o(.data)
    OSStatTaskRdy                            0x200000bc   Data           1  os_var.o(.data)
    OSStatTaskTimeMax                        0x200000c0   Data           4  os_var.o(.data)
    OSTaskCtxSwCtr                           0x200000c4   Data           4  os_var.o(.data)
    OSTaskDbgListPtr                         0x200000c8   Data           4  os_var.o(.data)
    OSTaskQty                                0x200000cc   Data           2  os_var.o(.data)
    OSTaskRegNextAvailID                     0x200000ce   Data           1  os_var.o(.data)
    OSTickCtr                                0x200000d0   Data           4  os_var.o(.data)
    OSTickTaskTimeMax                        0x200000d4   Data           4  os_var.o(.data)
    OSTmrDbgListPtr                          0x200000d8   Data           4  os_var.o(.data)
    OSTmrTaskTimeMax                         0x200000dc   Data           4  os_var.o(.data)
    OSTmrTickCtr                             0x200000e0   Data           4  os_var.o(.data)
    OSTmrUpdateCnt                           0x200000e4   Data           4  os_var.o(.data)
    OSTmrUpdateCtr                           0x200000e8   Data           4  os_var.o(.data)
    OSTCBCurPtr                              0x200000ec   Data           4  os_var.o(.data)
    OSTCBHighRdyPtr                          0x200000f0   Data           4  os_var.o(.data)
    Mem_PoolTbl                              0x200000f4   Data           4  lib_mem.o(.data)
    CPU_Name                                 0x200003c0   Data          16  cpu_core.o(.bss)
    OSCfg_IdleTaskStk                        0x200003d0   Data         512  os_cfg_app.o(.bss)
    OSCfg_IntQ                               0x200005d0   Data         320  os_cfg_app.o(.bss)
    OSCfg_IntQTaskStk                        0x20000710   Data         512  os_cfg_app.o(.bss)
    OSCfg_ISRStk                             0x20000910   Data         512  os_cfg_app.o(.bss)
    OSCfg_MsgPool                            0x20000b10   Data        1600  os_cfg_app.o(.bss)
    OSCfg_StatTaskStk                        0x20001150   Data         512  os_cfg_app.o(.bss)
    OSCfg_TickTaskStk                        0x20001350   Data         512  os_cfg_app.o(.bss)
    OSCfg_TickWheel                          0x20001550   Data         136  os_cfg_app.o(.bss)
    OSCfg_TmrTaskStk                         0x200015d8   Data         512  os_cfg_app.o(.bss)
    OSCfg_TmrWheel                           0x200017d8   Data         136  os_cfg_app.o(.bss)
    OSIdleTaskTCB                            0x20001860   Data         200  os_var.o(.bss)
    OSIntQTaskTCB                            0x20001928   Data         200  os_var.o(.bss)
    OSMsgPool                                0x200019f0   Data          12  os_var.o(.bss)
    OSRdyList                                0x200019fc   Data         384  os_var.o(.bss)
    OSStatTaskTCB                            0x20001b7c   Data         200  os_var.o(.bss)
    OSTickTaskTCB                            0x20001c44   Data         200  os_var.o(.bss)
    OSTmrTaskTCB                             0x20001d0c   Data         200  os_var.o(.bss)
    Mem_PoolHeap                             0x20001dd4   Data          72  lib_mem.o(.bss)
    Mem_Heap                                 0x20001e1c   Data       10240  lib_mem.o(.bss)
    __libspace_start                         0x2000461c   Data          96  libspace.o(.bss)
    __temporary_stack_top$libspace           0x2000467c   Data           0  libspace.o(.bss)



==============================================================================

Memory Map of the image

  Image Entry point : 0x08000131

  Load Region LR_IROM1 (Base: 0x08000000, Size: 0x00003900, Max: 0x00080000, ABSOLUTE)

    Execution Region ER_IROM1 (Exec base: 0x08000000, Load base: 0x08000000, Size: 0x00003808, Max: 0x00080000, ABSOLUTE)

    Exec Addr    Load Addr    Size         Type   Attr      Idx    E Section Name        Object

    0x08000000   0x08000000   0x00000130   Data   RO            3    RESET               startup_stm32f103xe.o
    0x08000130   0x08000130   0x00000008   Code   RO         3489  * !!!main             c_w.l(__main.o)
    0x08000138   0x08000138   0x00000034   Code   RO         3658    !!!scatter          c_w.l(__scatter.o)
    0x0800016c   0x0800016c   0x0000001a   Code   RO         3660    !!handler_copy      c_w.l(__scatter_copy.o)
    0x08000186   0x08000186   0x00000002   PAD
    0x08000188   0x08000188   0x0000001c   Code   RO         3662    !!handler_zi        c_w.l(__scatter_zi.o)
    0x080001a4   0x080001a4   0x00000002   Code   RO         3526    .ARM.Collect$$libinit$$00000000  c_w.l(libinit.o)
    0x080001a6   0x080001a6   0x00000000   Code   RO         3539    .ARM.Collect$$libinit$$00000002  c_w.l(libinit2.o)
    0x080001a6   0x080001a6   0x00000000   Code   RO         3541    .ARM.Collect$$libinit$$00000004  c_w.l(libinit2.o)
    0x080001a6   0x080001a6   0x00000000   Code   RO         3544    .ARM.Collect$$libinit$$0000000A  c_w.l(libinit2.o)
    0x080001a6   0x080001a6   0x00000000   Code   RO         3546    .ARM.Collect$$libinit$$0000000C  c_w.l(libinit2.o)
    0x080001a6   0x080001a6   0x00000000   Code   RO         3548    .ARM.Collect$$libinit$$0000000E  c_w.l(libinit2.o)
    0x080001a6   0x080001a6   0x00000000   Code   RO         3551    .ARM.Collect$$libinit$$00000011  c_w.l(libinit2.o)
    0x080001a6   0x080001a6   0x00000000   Code   RO         3553    .ARM.Collect$$libinit$$00000013  c_w.l(libinit2.o)
    0x080001a6   0x080001a6   0x00000000   Code   RO         3555    .ARM.Collect$$libinit$$00000015  c_w.l(libinit2.o)
    0x080001a6   0x080001a6   0x00000000   Code   RO         3557    .ARM.Collect$$libinit$$00000017  c_w.l(libinit2.o)
    0x080001a6   0x080001a6   0x00000000   Code   RO         3559    .ARM.Collect$$libinit$$00000019  c_w.l(libinit2.o)
    0x080001a6   0x080001a6   0x00000000   Code   RO         3561    .ARM.Collect$$libinit$$0000001B  c_w.l(libinit2.o)
    0x080001a6   0x080001a6   0x00000000   Code   RO         3563    .ARM.Collect$$libinit$$0000001D  c_w.l(libinit2.o)
    0x080001a6   0x080001a6   0x00000000   Code   RO         3565    .ARM.Collect$$libinit$$0000001F  c_w.l(libinit2.o)
    0x080001a6   0x080001a6   0x00000000   Code   RO         3567    .ARM.Collect$$libinit$$00000021  c_w.l(libinit2.o)
    0x080001a6   0x080001a6   0x00000000   Code   RO         3569    .ARM.Collect$$libinit$$00000023  c_w.l(libinit2.o)
    0x080001a6   0x080001a6   0x00000000   Code   RO         3571    .ARM.Collect$$libinit$$00000025  c_w.l(libinit2.o)
    0x080001a6   0x080001a6   0x00000000   Code   RO         3575    .ARM.Collect$$libinit$$0000002C  c_w.l(libinit2.o)
    0x080001a6   0x080001a6   0x00000000   Code   RO         3577    .ARM.Collect$$libinit$$0000002E  c_w.l(libinit2.o)
    0x080001a6   0x080001a6   0x00000000   Code   RO         3579    .ARM.Collect$$libinit$$00000030  c_w.l(libinit2.o)
    0x080001a6   0x080001a6   0x00000000   Code   RO         3581    .ARM.Collect$$libinit$$00000032  c_w.l(libinit2.o)
    0x080001a6   0x080001a6   0x00000002   Code   RO         3582    .ARM.Collect$$libinit$$00000033  c_w.l(libinit2.o)
    0x080001a8   0x080001a8   0x00000002   Code   RO         3613    .ARM.Collect$$libshutdown$$00000000  c_w.l(libshutdown.o)
    0x080001aa   0x080001aa   0x00000000   Code   RO         3639    .ARM.Collect$$libshutdown$$00000002  c_w.l(libshutdown2.o)
    0x080001aa   0x080001aa   0x00000000   Code   RO         3641    .ARM.Collect$$libshutdown$$00000004  c_w.l(libshutdown2.o)
    0x080001aa   0x080001aa   0x00000000   Code   RO         3643    .ARM.Collect$$libshutdown$$00000006  c_w.l(libshutdown2.o)
    0x080001aa   0x080001aa   0x00000000   Code   RO         3646    .ARM.Collect$$libshutdown$$00000009  c_w.l(libshutdown2.o)
    0x080001aa   0x080001aa   0x00000000   Code   RO         3649    .ARM.Collect$$libshutdown$$0000000C  c_w.l(libshutdown2.o)
    0x080001aa   0x080001aa   0x00000000   Code   RO         3651    .ARM.Collect$$libshutdown$$0000000E  c_w.l(libshutdown2.o)
    0x080001aa   0x080001aa   0x00000000   Code   RO         3654    .ARM.Collect$$libshutdown$$00000011  c_w.l(libshutdown2.o)
    0x080001aa   0x080001aa   0x00000002   Code   RO         3655    .ARM.Collect$$libshutdown$$00000012  c_w.l(libshutdown2.o)
    0x080001ac   0x080001ac   0x00000000   Code   RO         3491    .ARM.Collect$$rtentry$$00000000  c_w.l(__rtentry.o)
    0x080001ac   0x080001ac   0x00000000   Code   RO         3497    .ARM.Collect$$rtentry$$00000002  c_w.l(__rtentry2.o)
    0x080001ac   0x080001ac   0x00000006   Code   RO         3509    .ARM.Collect$$rtentry$$00000004  c_w.l(__rtentry4.o)
    0x080001b2   0x080001b2   0x00000000   Code   RO         3499    .ARM.Collect$$rtentry$$00000009  c_w.l(__rtentry2.o)
    0x080001b2   0x080001b2   0x00000004   Code   RO         3500    .ARM.Collect$$rtentry$$0000000A  c_w.l(__rtentry2.o)
    0x080001b6   0x080001b6   0x00000000   Code   RO         3502    .ARM.Collect$$rtentry$$0000000C  c_w.l(__rtentry2.o)
    0x080001b6   0x080001b6   0x00000008   Code   RO         3503    .ARM.Collect$$rtentry$$0000000D  c_w.l(__rtentry2.o)
    0x080001be   0x080001be   0x00000002   Code   RO         3530    .ARM.Collect$$rtexit$$00000000  c_w.l(rtexit.o)
    0x080001c0   0x080001c0   0x00000000   Code   RO         3586    .ARM.Collect$$rtexit$$00000002  c_w.l(rtexit2.o)
    0x080001c0   0x080001c0   0x00000004   Code   RO         3587    .ARM.Collect$$rtexit$$00000003  c_w.l(rtexit2.o)
    0x080001c4   0x080001c4   0x00000006   Code   RO         3588    .ARM.Collect$$rtexit$$00000004  c_w.l(rtexit2.o)
    0x080001ca   0x080001ca   0x00000002   PAD
    0x080001cc   0x080001cc   0x00000040   Code   RO            4    .text               startup_stm32f103xe.o
    0x0800020c   0x0800020c   0x00000034   Code   RO         1696    .text               cpu_a.o
    0x08000240   0x08000240   0x00000006   Code   RO         3487    .text               c_w.l(heapauxi.o)
    0x08000246   0x08000246   0x0000004a   Code   RO         3513    .text               c_w.l(sys_stackheap_outer.o)
    0x08000290   0x08000290   0x00000012   Code   RO         3515    .text               c_w.l(exit.o)
    0x080002a2   0x080002a2   0x00000002   PAD
    0x080002a4   0x080002a4   0x00000008   Code   RO         3527    .text               c_w.l(libspace.o)
    0x080002ac   0x080002ac   0x0000000c   Code   RO         3583    .text               c_w.l(sys_exit.o)
    0x080002b8   0x080002b8   0x00000002   Code   RO         3602    .text               c_w.l(use_no_semi.o)
    0x080002ba   0x080002ba   0x00000000   Code   RO         3604    .text               c_w.l(indicate_semi.o)
    0x080002ba   0x080002ba   0x00000002   PAD
    0x080002bc   0x080002bc   0x00000084   Code   RO         1747    CODE                os_cpu_a.o
    0x08000340   0x08000340   0x0000008c   Code   RO           13    i.AppTaskStart      main.o
    0x080003cc   0x080003cc   0x00000004   Code   RO         1418    i.BSP_Init          bsp.o
    0x080003d0   0x080003d0   0x0000001c   Code   RO         1419    i.BSP_Tick_Init     bsp.o
    0x080003ec   0x080003ec   0x00000002   Code   RO          203    i.BusFault_Handler  stm32f1xx_it.o
    0x080003ee   0x080003ee   0x00000002   PAD
    0x080003f0   0x080003f0   0x0000001c   Code   RO         1544    i.CPU_Init          cpu_core.o
    0x0800040c   0x0800040c   0x0000004c   Code   RO         1545    i.CPU_IntDisMeasInit  cpu_core.o
    0x08000458   0x08000458   0x00000014   Code   RO         1546    i.CPU_IntDisMeasMaxCalc  cpu_core.o
    0x0800046c   0x0800046c   0x0000001c   Code   RO         1547    i.CPU_IntDisMeasMaxCurGet  cpu_core.o
    0x08000488   0x08000488   0x00000020   Code   RO         1548    i.CPU_IntDisMeasMaxCurReset  cpu_core.o
    0x080004a8   0x080004a8   0x0000001c   Code   RO         1549    i.CPU_IntDisMeasMaxGet  cpu_core.o
    0x080004c4   0x080004c4   0x00000020   Code   RO         1550    i.CPU_IntDisMeasStart  cpu_core.o
    0x080004e4   0x080004e4   0x00000030   Code   RO         1551    i.CPU_IntDisMeasStop  cpu_core.o
    0x08000514   0x08000514   0x00000028   Code   RO         1552    i.CPU_NameClr       cpu_core.o
    0x0800053c   0x0800053c   0x0000000c   Code   RO         1558    i.CPU_TS_TmrFreqSet  cpu_core.o
    0x08000548   0x08000548   0x00000030   Code   RO         1421    i.CPU_TS_TmrInit    bsp.o
    0x08000578   0x08000578   0x0000000c   Code   RO         1422    i.CPU_TS_TmrRd      bsp.o
    0x08000584   0x08000584   0x00000002   Code   RO          204    i.DebugMon_Handler  stm32f1xx_it.o
    0x08000586   0x08000586   0x00000002   PAD
    0x08000588   0x08000588   0x000001f8   Code   RO          719    i.HAL_GPIO_Init     stm32f1xx_hal_gpio.o
    0x08000780   0x08000780   0x00000010   Code   RO          722    i.HAL_GPIO_TogglePin  stm32f1xx_hal_gpio.o
    0x08000790   0x08000790   0x0000000a   Code   RO          723    i.HAL_GPIO_WritePin  stm32f1xx_hal_gpio.o
    0x0800079a   0x0800079a   0x00000002   PAD
    0x0800079c   0x0800079c   0x0000000c   Code   RO          582    i.HAL_RCC_GetHCLKFreq  stm32f1xx_hal_rcc.o
    0x080007a8   0x080007a8   0x00000002   Code   RO          205    i.HardFault_Handler  stm32f1xx_it.o
    0x080007aa   0x080007aa   0x00000002   Code   RO          206    i.MemManage_Handler  stm32f1xx_it.o
    0x080007ac   0x080007ac   0x00000008   Code   RO         3205    i.Mem_Clr           lib_mem.o
    0x080007b4   0x080007b4   0x00000044   Code   RO         3209    i.Mem_Init          lib_mem.o
    0x080007f8   0x080007f8   0x0000004c   Code   RO         3222    i.Mem_Set           lib_mem.o
    0x08000844   0x08000844   0x00000002   Code   RO          207    i.NMI_Handler       stm32f1xx_it.o
    0x08000846   0x08000846   0x00000002   Code   RO         1828    i.OSCfg_Init        os_cfg_app.o
    0x08000848   0x08000848   0x00000010   Code   RO         1750    i.OSIdleTaskHook    os_cpu_c.o
    0x08000858   0x08000858   0x00000184   Code   RO         1900    i.OSInit            os_core.o
    0x080009dc   0x080009dc   0x00000034   Code   RO         1751    i.OSInitHook        os_cpu_c.o
    0x08000a10   0x08000a10   0x00000090   Code   RO         1902    i.OSIntExit         os_core.o
    0x08000aa0   0x08000aa0   0x0000007c   Code   RO         1903    i.OSSched           os_core.o
    0x08000b1c   0x08000b1c   0x0000005c   Code   RO         1904    i.OSSchedLock       os_core.o
    0x08000b78   0x08000b78   0x00000074   Code   RO         1907    i.OSSchedUnlock     os_core.o
    0x08000bec   0x08000bec   0x00000058   Code   RO         1908    i.OSStart           os_core.o
    0x08000c44   0x08000c44   0x000000f8   Code   RO         2610    i.OSStatReset       os_stat.o
    0x08000d3c   0x08000d3c   0x000000b4   Code   RO         2611    i.OSStatTaskCPUUsageInit  os_stat.o
    0x08000df0   0x08000df0   0x00000010   Code   RO         1752    i.OSStatTaskHook    os_cpu_c.o
    0x08000e00   0x08000e00   0x000001f8   Code   RO         2641    i.OSTaskCreate      os_task.o
    0x08000ff8   0x08000ff8   0x00000010   Code   RO         1753    i.OSTaskCreateHook  os_cpu_c.o
    0x08001008   0x08001008   0x0000016c   Code   RO         2642    i.OSTaskDel         os_task.o
    0x08001174   0x08001174   0x00000010   Code   RO         1754    i.OSTaskDelHook     os_cpu_c.o
    0x08001184   0x08001184   0x00000070   Code   RO         2650    i.OSTaskResume      os_task.o
    0x080011f4   0x080011f4   0x00000010   Code   RO         1755    i.OSTaskReturnHook  os_cpu_c.o
    0x08001204   0x08001204   0x00000170   Code   RO         2651    i.OSTaskSemPend     os_task.o
    0x08001374   0x08001374   0x000000ac   Code   RO         2655    i.OSTaskStkChk      os_task.o
    0x08001420   0x08001420   0x00000070   Code   RO         1756    i.OSTaskStkInit     os_cpu_c.o
    0x08001490   0x08001490   0x00000054   Code   RO         2656    i.OSTaskSuspend     os_task.o
    0x080014e4   0x080014e4   0x00000068   Code   RO         1757    i.OSTaskSwHook      os_cpu_c.o
    0x0800154c   0x0800154c   0x000000ec   Code   RO         2856    i.OSTimeDly         os_time.o
    0x08001638   0x08001638   0x00000188   Code   RO         2857    i.OSTimeDlyHMSM     os_time.o
    0x080017c0   0x080017c0   0x00000040   Code   RO         2861    i.OSTimeTick        os_time.o
    0x08001800   0x08001800   0x00000010   Code   RO         1758    i.OSTimeTickHook    os_cpu_c.o
    0x08001810   0x08001810   0x00000030   Code   RO         1759    i.OS_CPU_SysTickHandler  os_cpu_c.o
    0x08001840   0x08001840   0x00000028   Code   RO         1760    i.OS_CPU_SysTickInit  os_cpu_c.o
    0x08001868   0x08001868   0x00000002   Code   RO         2138    i.OS_Dbg_Init       os_dbg.o
    0x0800186a   0x0800186a   0x00000002   PAD
    0x0800186c   0x0800186c   0x00000018   Code   RO         2164    i.OS_FlagInit       os_flag.o
    0x08001884   0x08001884   0x00000188   Code   RO         2165    i.OS_FlagPost       os_flag.o
    0x08001a0c   0x08001a0c   0x00000044   Code   RO         2166    i.OS_FlagTaskRdy    os_flag.o
    0x08001a50   0x08001a50   0x00000034   Code   RO         1910    i.OS_IdleTask       os_core.o
    0x08001a84   0x08001a84   0x00000068   Code   RO         1911    i.OS_IdleTaskInit   os_core.o
    0x08001aec   0x08001aec   0x000000b8   Code   RO         2237    i.OS_IntQPost       os_int.o
    0x08001ba4   0x08001ba4   0x0000011c   Code   RO         2238    i.OS_IntQRePost     os_int.o
    0x08001cc0   0x08001cc0   0x00000088   Code   RO         2239    i.OS_IntQTask       os_int.o
    0x08001d48   0x08001d48   0x00000118   Code   RO         2240    i.OS_IntQTaskInit   os_int.o
    0x08001e60   0x08001e60   0x00000018   Code   RO         2271    i.OS_MemInit        os_mem.o
    0x08001e78   0x08001e78   0x00000068   Code   RO         2303    i.OS_MsgPoolInit    os_msg.o
    0x08001ee0   0x08001ee0   0x00000034   Code   RO         2304    i.OS_MsgQFreeAll    os_msg.o
    0x08001f14   0x08001f14   0x0000000e   Code   RO         2306    i.OS_MsgQInit       os_msg.o
    0x08001f22   0x08001f22   0x00000002   PAD
    0x08001f24   0x08001f24   0x00000088   Code   RO         2307    i.OS_MsgQPut        os_msg.o
    0x08001fac   0x08001fac   0x00000018   Code   RO         2347    i.OS_MutexInit      os_mutex.o
    0x08001fc4   0x08001fc4   0x00000050   Code   RO         1912    i.OS_Pend           os_core.o
    0x08002014   0x08002014   0x00000030   Code   RO         1915    i.OS_PendDataInit   os_core.o
    0x08002044   0x08002044   0x00000048   Code   RO         1916    i.OS_PendDbgNameAdd  os_core.o
    0x0800208c   0x0800208c   0x0000001c   Code   RO         1917    i.OS_PendDbgNameRemove  os_core.o
    0x080020a8   0x080020a8   0x0000005a   Code   RO         1921    i.OS_PendListInsertPrio  os_core.o
    0x08002102   0x08002102   0x00000026   Code   RO         1922    i.OS_PendListRemove  os_core.o
    0x08002128   0x08002128   0x00000036   Code   RO         1923    i.OS_PendListRemove1  os_core.o
    0x0800215e   0x0800215e   0x00000098   Code   RO         1926    i.OS_Post           os_core.o
    0x080021f6   0x080021f6   0x00000026   Code   RO         1927    i.OS_Post1          os_core.o
    0x0800221c   0x0800221c   0x00000024   Code   RO         2429    i.OS_PrioGetHighest  os_prio.o
    0x08002240   0x08002240   0x0000000c   Code   RO         2430    i.OS_PrioInit       os_prio.o
    0x0800224c   0x0800224c   0x00000020   Code   RO         2431    i.OS_PrioInsert     os_prio.o
    0x0800226c   0x0800226c   0x00000020   Code   RO         2432    i.OS_PrioRemove     os_prio.o
    0x0800228c   0x0800228c   0x00000018   Code   RO         2475    i.OS_QInit          os_q.o
    0x080022a4   0x080022a4   0x00000104   Code   RO         2476    i.OS_QPost          os_q.o
    0x080023a8   0x080023a8   0x00000024   Code   RO         1928    i.OS_RdyListInit    os_core.o
    0x080023cc   0x080023cc   0x00000030   Code   RO         1929    i.OS_RdyListInsert  os_core.o
    0x080023fc   0x080023fc   0x00000038   Code   RO         1930    i.OS_RdyListInsertHead  os_core.o
    0x08002434   0x08002434   0x00000034   Code   RO         1931    i.OS_RdyListInsertTail  os_core.o
    0x08002468   0x08002468   0x00000034   Code   RO         1932    i.OS_RdyListMoveHeadToTail  os_core.o
    0x0800249c   0x0800249c   0x00000054   Code   RO         1933    i.OS_RdyListRemove  os_core.o
    0x080024f0   0x080024f0   0x00000048   Code   RO         1934    i.OS_Sched0         os_core.o
    0x08002538   0x08002538   0x0000001c   Code   RO         1935    i.OS_SchedLockTimeMeasStart  os_core.o
    0x08002554   0x08002554   0x0000003c   Code   RO         1936    i.OS_SchedLockTimeMeasStop  os_core.o
    0x08002590   0x08002590   0x00000068   Code   RO         1937    i.OS_SchedRoundRobin  os_core.o
    0x080025f8   0x080025f8   0x00000018   Code   RO         2547    i.OS_SemInit        os_sem.o
    0x08002610   0x08002610   0x000000e4   Code   RO         2548    i.OS_SemPost        os_sem.o
    0x080026f4   0x080026f4   0x000002a4   Code   RO         2612    i.OS_StatTask       os_stat.o
    0x08002998   0x08002998   0x000000bc   Code   RO         2613    i.OS_StatTaskInit   os_stat.o
    0x08002a54   0x08002a54   0x0000002a   Code   RO         1938    i.OS_TaskBlock      os_core.o
    0x08002a7e   0x08002a7e   0x00000002   PAD
    0x08002a80   0x08002a80   0x00000024   Code   RO         2658    i.OS_TaskDbgListAdd  os_task.o
    0x08002aa4   0x08002aa4   0x00000038   Code   RO         2659    i.OS_TaskDbgListRemove  os_task.o
    0x08002adc   0x08002adc   0x00000020   Code   RO         2660    i.OS_TaskInit       os_task.o
    0x08002afc   0x08002afc   0x000000c8   Code   RO         2661    i.OS_TaskInitTCB    os_task.o
    0x08002bc4   0x08002bc4   0x00000144   Code   RO         2662    i.OS_TaskQPost      os_task.o
    0x08002d08   0x08002d08   0x0000001c   Code   RO         1939    i.OS_TaskRdy        os_core.o
    0x08002d24   0x08002d24   0x00000100   Code   RO         2663    i.OS_TaskResume     os_task.o
    0x08002e24   0x08002e24   0x00000018   Code   RO         2664    i.OS_TaskReturn     os_task.o
    0x08002e3c   0x08002e3c   0x00000188   Code   RO         2665    i.OS_TaskSemPost    os_task.o
    0x08002fc4   0x08002fc4   0x000000e8   Code   RO         2666    i.OS_TaskSuspend    os_task.o
    0x080030ac   0x080030ac   0x0000002c   Code   RO         2808    i.OS_TickListInit   os_tick.o
    0x080030d8   0x080030d8   0x000000d8   Code   RO         2809    i.OS_TickListInsert  os_tick.o
    0x080031b0   0x080031b0   0x00000036   Code   RO         2810    i.OS_TickListRemove  os_tick.o
    0x080031e6   0x080031e6   0x00000002   PAD
    0x080031e8   0x080031e8   0x00000028   Code   RO         2811    i.OS_TickListResetPeak  os_tick.o
    0x08003210   0x08003210   0x0000017c   Code   RO         2812    i.OS_TickListUpdate  os_tick.o
    0x0800338c   0x0800338c   0x00000028   Code   RO         2813    i.OS_TickTask       os_tick.o
    0x080033b4   0x080033b4   0x000000a8   Code   RO         2814    i.OS_TickTaskInit   os_tick.o
    0x0800345c   0x0800345c   0x00000104   Code   RO         2907    i.OS_TmrInit        os_tmr.o
    0x08003560   0x08003560   0x00000098   Code   RO         2908    i.OS_TmrLink        os_tmr.o
    0x080035f8   0x080035f8   0x00000028   Code   RO         2909    i.OS_TmrResetPeak   os_tmr.o
    0x08003620   0x08003620   0x000000a4   Code   RO         2910    i.OS_TmrTask        os_tmr.o
    0x080036c4   0x080036c4   0x0000004c   Code   RO         2911    i.OS_TmrUnlink      os_tmr.o
    0x08003710   0x08003710   0x00000002   Code   RO          209    i.SVC_Handler       stm32f1xx_it.o
    0x08003712   0x08003712   0x00000002   Code   RO         1380    i.SystemInit        system_stm32f1xx.o
    0x08003714   0x08003714   0x00000002   Code   RO          211    i.UsageFault_Handler  stm32f1xx_it.o
    0x08003716   0x08003716   0x00000002   PAD
    0x08003718   0x08003718   0x0000005c   Code   RO           16    i.main              main.o
    0x08003774   0x08003774   0x00000004   Data   RO         1839    .constdata          os_cfg_app.o
    0x08003778   0x08003778   0x00000004   Data   RO         1840    .constdata          os_cfg_app.o
    0x0800377c   0x0800377c   0x00000004   Data   RO         1841    .constdata          os_cfg_app.o
    0x08003780   0x08003780   0x00000004   Data   RO         1843    .constdata          os_cfg_app.o
    0x08003784   0x08003784   0x00000002   Data   RO         1844    .constdata          os_cfg_app.o
    0x08003786   0x08003786   0x00000002   PAD
    0x08003788   0x08003788   0x00000004   Data   RO         1846    .constdata          os_cfg_app.o
    0x0800378c   0x0800378c   0x00000004   Data   RO         1847    .constdata          os_cfg_app.o
    0x08003790   0x08003790   0x00000004   Data   RO         1848    .constdata          os_cfg_app.o
    0x08003794   0x08003794   0x00000004   Data   RO         1850    .constdata          os_cfg_app.o
    0x08003798   0x08003798   0x00000004   Data   RO         1851    .constdata          os_cfg_app.o
    0x0800379c   0x0800379c   0x00000002   Data   RO         1853    .constdata          os_cfg_app.o
    0x0800379e   0x0800379e   0x00000002   PAD
    0x080037a0   0x080037a0   0x00000004   Data   RO         1855    .constdata          os_cfg_app.o
    0x080037a4   0x080037a4   0x00000001   Data   RO         1856    .constdata          os_cfg_app.o
    0x080037a5   0x080037a5   0x00000003   PAD
    0x080037a8   0x080037a8   0x00000004   Data   RO         1857    .constdata          os_cfg_app.o
    0x080037ac   0x080037ac   0x00000004   Data   RO         1858    .constdata          os_cfg_app.o
    0x080037b0   0x080037b0   0x00000004   Data   RO         1859    .constdata          os_cfg_app.o
    0x080037b4   0x080037b4   0x00000004   Data   RO         1860    .constdata          os_cfg_app.o
    0x080037b8   0x080037b8   0x00000004   Data   RO         1862    .constdata          os_cfg_app.o
    0x080037bc   0x080037bc   0x00000004   Data   RO         1863    .constdata          os_cfg_app.o
    0x080037c0   0x080037c0   0x00000001   Data   RO         1864    .constdata          os_cfg_app.o
    0x080037c1   0x080037c1   0x00000003   PAD
    0x080037c4   0x080037c4   0x00000004   Data   RO         1865    .constdata          os_cfg_app.o
    0x080037c8   0x080037c8   0x00000004   Data   RO         1866    .constdata          os_cfg_app.o
    0x080037cc   0x080037cc   0x00000004   Data   RO         1867    .constdata          os_cfg_app.o
    0x080037d0   0x080037d0   0x00000002   Data   RO         1869    .constdata          os_cfg_app.o
    0x080037d2   0x080037d2   0x00000001   Data   RO         1871    .constdata          os_cfg_app.o
    0x080037d3   0x080037d3   0x00000001   PAD
    0x080037d4   0x080037d4   0x00000004   Data   RO         1872    .constdata          os_cfg_app.o
    0x080037d8   0x080037d8   0x00000004   Data   RO         1873    .constdata          os_cfg_app.o
    0x080037dc   0x080037dc   0x00000004   Data   RO         1874    .constdata          os_cfg_app.o
    0x080037e0   0x080037e0   0x00000004   Data   RO         1875    .constdata          os_cfg_app.o
    0x080037e4   0x080037e4   0x00000002   Data   RO         1877    .constdata          os_cfg_app.o
    0x080037e6   0x080037e6   0x00000002   PAD
    0x080037e8   0x080037e8   0x00000020   Data   RO         3656    Region$$Table       anon$$obj.o


    Execution Region RW_IRAM1 (Exec base: 0x20000000, Load base: 0x08003808, Size: 0x00004c80, Max: 0x00010000, ABSOLUTE)

    Exec Addr    Load Addr    Size         Type   Attr      Idx    E Section Name        Object

    0x20000000   0x08003808   0x00000004   Data   RW         1383    .data               system_stm32f1xx.o
    0x20000004   0x0800380c   0x0000001c   Data   RW         1562    .data               cpu_core.o
    0x20000020   0x08003828   0x00000004   Data   RW         1761    .data               os_cpu_c.o
    0x20000024   0x0800382c   0x00000004   Data   RW         2433    .data               os_prio.o
    0x20000028   0x08003830   0x00000004   Data   RW         2995    .data               os_var.o
    0x2000002c   0x08003834   0x00000004   Data   RW         2996    .data               os_var.o
    0x20000030   0x08003838   0x00000004   Data   RW         2997    .data               os_var.o
    0x20000034   0x0800383c   0x00000004   Data   RW         2998    .data               os_var.o
    0x20000038   0x08003840   0x00000004   Data   RW         2999    .data               os_var.o
    0x2000003c   0x08003844   0x00000004   Data   RW         3000    .data               os_var.o
    0x20000040   0x08003848   0x00000004   Data   RW         3001    .data               os_var.o
    0x20000044   0x0800384c   0x00000004   Data   RW         3002    .data               os_var.o
    0x20000048   0x08003850   0x00000001   Data   RW         3003    .data               os_var.o
    0x20000049   0x08003851   0x00000003   PAD
    0x2000004c   0x08003854   0x00000004   Data   RW         3004    .data               os_var.o
    0x20000050   0x08003858   0x00000001   Data   RW         3005    .data               os_var.o
    0x20000051   0x08003859   0x00000003   PAD
    0x20000054   0x0800385c   0x00000004   Data   RW         3006    .data               os_var.o
    0x20000058   0x08003860   0x00000004   Data   RW         3007    .data               os_var.o
    0x2000005c   0x08003864   0x00000002   Data   RW         3008    .data               os_var.o
    0x2000005e   0x08003866   0x00000002   Data   RW         3009    .data               os_var.o
    0x20000060   0x08003868   0x00000002   Data   RW         3010    .data               os_var.o
    0x20000062   0x0800386a   0x00000002   PAD
    0x20000064   0x0800386c   0x00000004   Data   RW         3011    .data               os_var.o
    0x20000068   0x08003870   0x00000004   Data   RW         3012    .data               os_var.o
    0x2000006c   0x08003874   0x00000002   Data   RW         3013    .data               os_var.o
    0x2000006e   0x08003876   0x00000002   PAD
    0x20000070   0x08003878   0x00000004   Data   RW         3014    .data               os_var.o
    0x20000074   0x0800387c   0x00000002   Data   RW         3015    .data               os_var.o
    0x20000076   0x0800387e   0x00000002   PAD
    0x20000078   0x08003880   0x00000004   Data   RW         3016    .data               os_var.o
    0x2000007c   0x08003884   0x00000002   Data   RW         3017    .data               os_var.o
    0x2000007e   0x08003886   0x00000001   Data   RW         3018    .data               os_var.o
    0x2000007f   0x08003887   0x00000001   Data   RW         3019    .data               os_var.o
    0x20000080   0x08003888   0x00000001   Data   RW         3020    .data               os_var.o
    0x20000081   0x08003889   0x00000003   PAD
    0x20000084   0x0800388c   0x00000004   Data   RW         3021    .data               os_var.o
    0x20000088   0x08003890   0x00000002   Data   RW         3022    .data               os_var.o
    0x2000008a   0x08003892   0x00000002   PAD
    0x2000008c   0x08003894   0x00000004   Data   RW         3023    .data               os_var.o
    0x20000090   0x08003898   0x00000004   Data   RW         3024    .data               os_var.o
    0x20000094   0x0800389c   0x00000004   Data   RW         3025    .data               os_var.o
    0x20000098   0x080038a0   0x00000001   Data   RW         3026    .data               os_var.o
    0x20000099   0x080038a1   0x00000003   PAD
    0x2000009c   0x080038a4   0x00000004   Data   RW         3027    .data               os_var.o
    0x200000a0   0x080038a8   0x00000001   Data   RW         3028    .data               os_var.o
    0x200000a1   0x080038a9   0x00000003   PAD
    0x200000a4   0x080038ac   0x00000004   Data   RW         3029    .data               os_var.o
    0x200000a8   0x080038b0   0x00000002   Data   RW         3030    .data               os_var.o
    0x200000aa   0x080038b2   0x00000001   Data   RW         3031    .data               os_var.o
    0x200000ab   0x080038b3   0x00000001   PAD
    0x200000ac   0x080038b4   0x00000002   Data   RW         3032    .data               os_var.o
    0x200000ae   0x080038b6   0x00000002   Data   RW         3033    .data               os_var.o
    0x200000b0   0x080038b8   0x00000004   Data   RW         3034    .data               os_var.o
    0x200000b4   0x080038bc   0x00000004   Data   RW         3035    .data               os_var.o
    0x200000b8   0x080038c0   0x00000004   Data   RW         3036    .data               os_var.o
    0x200000bc   0x080038c4   0x00000001   Data   RW         3037    .data               os_var.o
    0x200000bd   0x080038c5   0x00000003   PAD
    0x200000c0   0x080038c8   0x00000004   Data   RW         3038    .data               os_var.o
    0x200000c4   0x080038cc   0x00000004   Data   RW         3039    .data               os_var.o
    0x200000c8   0x080038d0   0x00000004   Data   RW         3040    .data               os_var.o
    0x200000cc   0x080038d4   0x00000002   Data   RW         3041    .data               os_var.o
    0x200000ce   0x080038d6   0x00000001   Data   RW         3042    .data               os_var.o
    0x200000cf   0x080038d7   0x00000001   PAD
    0x200000d0   0x080038d8   0x00000004   Data   RW         3043    .data               os_var.o
    0x200000d4   0x080038dc   0x00000004   Data   RW         3044    .data               os_var.o
    0x200000d8   0x080038e0   0x00000004   Data   RW         3045    .data               os_var.o
    0x200000dc   0x080038e4   0x00000004   Data   RW         3047    .data               os_var.o
    0x200000e0   0x080038e8   0x00000004   Data   RW         3048    .data               os_var.o
    0x200000e4   0x080038ec   0x00000004   Data   RW         3049    .data               os_var.o
    0x200000e8   0x080038f0   0x00000004   Data   RW         3050    .data               os_var.o
    0x200000ec   0x080038f4   0x00000004   Data   RW         3051    .data               os_var.o
    0x200000f0   0x080038f8   0x00000004   Data   RW         3052    .data               os_var.o
    0x200000f4   0x080038fc   0x00000004   Data   RW         3224    .data               lib_mem.o
    0x200000f8        -       0x000002c8   Zero   RW           17    .bss                main.o
    0x200003c0        -       0x00000010   Zero   RW         1560    .bss                cpu_core.o
    0x200003d0        -       0x00000200   Zero   RW         1829    .bss                os_cfg_app.o
    0x200005d0        -       0x00000140   Zero   RW         1830    .bss                os_cfg_app.o
    0x20000710        -       0x00000200   Zero   RW         1831    .bss                os_cfg_app.o
    0x20000910        -       0x00000200   Zero   RW         1832    .bss                os_cfg_app.o
    0x20000b10        -       0x00000640   Zero   RW         1833    .bss                os_cfg_app.o
    0x20001150        -       0x00000200   Zero   RW         1834    .bss                os_cfg_app.o
    0x20001350        -       0x00000200   Zero   RW         1835    .bss                os_cfg_app.o
    0x20001550        -       0x00000088   Zero   RW         1836    .bss                os_cfg_app.o
    0x200015d8        -       0x00000200   Zero   RW         1837    .bss                os_cfg_app.o
    0x200017d8        -       0x00000088   Zero   RW         1838    .bss                os_cfg_app.o
    0x20001860        -       0x000000c8   Zero   RW         2988    .bss                os_var.o
    0x20001928        -       0x000000c8   Zero   RW         2989    .bss                os_var.o
    0x200019f0        -       0x0000000c   Zero   RW         2990    .bss                os_var.o
    0x200019fc        -       0x00000180   Zero   RW         2991    .bss                os_var.o
    0x20001b7c        -       0x000000c8   Zero   RW         2992    .bss                os_var.o
    0x20001c44        -       0x000000c8   Zero   RW         2993    .bss                os_var.o
    0x20001d0c        -       0x000000c8   Zero   RW         2994    .bss                os_var.o
    0x20001dd4        -       0x00002848   Zero   RW         3223    .bss                lib_mem.o
    0x2000461c        -       0x00000060   Zero   RW         3528    .bss                c_w.l(libspace.o)
    0x2000467c   0x08003900   0x00000004   PAD
    0x20004680        -       0x00000200   Zero   RW            2    HEAP                startup_stm32f103xe.o
    0x20004880        -       0x00000400   Zero   RW            1    STACK               startup_stm32f103xe.o


==============================================================================

Image component sizes


      Code (inc. data)   RO Data    RW Data    ZI Data      Debug   Object Name

        92         22          0          0          0       2299   bsp.o
        52          0          0          0          0        312   cpu_a.o
       344         48          0         28         16      15344   cpu_core.o
       152         14          0          4      10312      13123   lib_mem.o
       232         32          0          0        712     478390   main.o
         2          0        103          0       5264      20786   os_cfg_app.o
      2370        406          0          0          0      18661   os_core.o
       132         32          0          0          0        356   os_cpu_a.o
       452         70          0          4          0       7409   os_cpu_c.o
         2          0          0          0          0        818   os_dbg.o
       484         28          0          0          0       3075   os_flag.o
       884        200          0          0          0       3434   os_int.o
        24         10          0          0          0        781   os_mem.o
       306         20          0          0          0       3089   os_msg.o
        24         10          0          0          0        869   os_mutex.o
       112         16          0          4          0       2558   os_prio.o
       284         18          0          0          0       2180   os_q.o
       252         14          0          0          0       2006   os_sem.o
      1292        220          0          0          0       3943   os_stat.o
      3156        250          0          0          0      13468   os_task.o
       942        128          0          0          0       5397   os_tick.o
       692         42          0          0          0       2941   os_time.o
       692        136          0          0          0       3924   os_tmr.o
         0          0          0        176       1396      19405   os_var.o
        64         26        304          0       1536        792   startup_stm32f103xe.o
       530         42          0          0          0       3393   stm32f1xx_hal_gpio.o
        12          6          0          0          0       1014   stm32f1xx_hal_rcc.o
        14          0          0          0          0       2795   stm32f1xx_it.o
         2          0          0          4          0       1023   system_stm32f1xx.o

    ----------------------------------------------------------------------
     13612       1790        452        248      19236     633585   Object Totals
         0          0         32          0          0          0   (incl. Generated)
        16          0         13         28          0          0   (incl. Padding)

    ----------------------------------------------------------------------

      Code (inc. data)   RO Data    RW Data    ZI Data      Debug   Library Member Name

         8          0          0          0          0         68   __main.o
         0          0          0          0          0          0   __rtentry.o
        12          0          0          0          0          0   __rtentry2.o
         6          0          0          0          0          0   __rtentry4.o
        52          8          0          0          0          0   __scatter.o
        26          0          0          0          0          0   __scatter_copy.o
        28          0          0          0          0          0   __scatter_zi.o
        18          0          0          0          0         80   exit.o
         6          0          0          0          0        152   heapauxi.o
         0          0          0          0          0          0   indicate_semi.o
         2          0          0          0          0          0   libinit.o
         2          0          0          0          0          0   libinit2.o
         2          0          0          0          0          0   libshutdown.o
         2          0          0          0          0          0   libshutdown2.o
         8          4          0          0         96         68   libspace.o
         2          0          0          0          0          0   rtexit.o
        10          0          0          0          0          0   rtexit2.o
        12          4          0          0          0         68   sys_exit.o
        74          0          0          0          0         80   sys_stackheap_outer.o
         2          0          0          0          0         68   use_no_semi.o

    ----------------------------------------------------------------------
       280         16          0          0        100        584   Library Totals
         8          0          0          0          4          0   (incl. Padding)

    ----------------------------------------------------------------------

      Code (inc. data)   RO Data    RW Data    ZI Data      Debug   Library Name

       272         16          0          0         96        584   c_w.l

    ----------------------------------------------------------------------
       280         16          0          0        100        584   Library Totals

    ----------------------------------------------------------------------

==============================================================================


      Code (inc. data)   RO Data    RW Data    ZI Data      Debug   

     13892       1806        452        248      19336     627613   Grand Totals
     13892       1806        452        248      19336     627613   ELF Image Totals
     13892       1806        452        248          0          0   ROM Totals

==============================================================================

    Total RO  Size (Code + RO Data)                14344 (  14.01kB)
    Total RW  Size (RW Data + ZI Data)             19584 (  19.13kB)
    Total ROM Size (Code + RO Data + RW Data)      14592 (  14.25kB)

==============================================================================

